2025-11-18T17:46:31.9871589Z Current runner version: '2.329.0'
2025-11-18T17:46:31.9904388Z ##[group]Runner Image Provisioner
2025-11-18T17:46:31.9905575Z Hosted Compute Agent
2025-11-18T17:46:31.9906406Z Version: 20251016.436
2025-11-18T17:46:31.9907257Z Commit: 8ab8ac8bfd662a3739dab9fe09456aba92132568
2025-11-18T17:46:31.9908455Z Build Date: 2025-10-15T20:44:12Z
2025-11-18T17:46:31.9909352Z ##[endgroup]
2025-11-18T17:46:31.9910192Z ##[group]Operating System
2025-11-18T17:46:31.9911191Z Ubuntu
2025-11-18T17:46:31.9911884Z 24.04.3
2025-11-18T17:46:31.9944288Z LTS
2025-11-18T17:46:31.9945280Z ##[endgroup]
2025-11-18T17:46:31.9946235Z ##[group]Runner Image
2025-11-18T17:46:31.9947168Z Image: ubuntu-24.04
2025-11-18T17:46:31.9948203Z Version: 20251112.124.1
2025-11-18T17:46:31.9949946Z Included Software: https://github.com/actions/runner-images/blob/ubuntu24/20251112.124/images/ubuntu/Ubuntu2404-Readme.md
2025-11-18T17:46:31.9953003Z Image Release: https://github.com/actions/runner-images/releases/tag/ubuntu24%2F20251112.124
2025-11-18T17:46:31.9954727Z ##[endgroup]
2025-11-18T17:46:31.9956552Z ##[group]GITHUB_TOKEN Permissions
2025-11-18T17:46:31.9959365Z Contents: read
2025-11-18T17:46:31.9960205Z Metadata: read
2025-11-18T17:46:31.9961110Z Packages: read
2025-11-18T17:46:31.9961963Z ##[endgroup]
2025-11-18T17:46:31.9985125Z Secret source: Actions
2025-11-18T17:46:31.9986315Z Prepare workflow directory
2025-11-18T17:46:32.1109155Z Prepare all required actions
2025-11-18T17:46:32.1227623Z Getting action download info
2025-11-18T17:46:32.5795624Z Download action repository 'actions/checkout@v4' (SHA:08eba0b27e820071cde6df949e0beb9ba4906955)
2025-11-18T17:46:32.6770727Z Download action repository 'actions/setup-node@v4' (SHA:49933ea5288caeca8642d1e84afbd3f7d6820020)
2025-11-18T17:46:32.7748277Z Download action repository 'actions/upload-artifact@v4' (SHA:ea165f8d65b6e75b540449e92b4886f43607fa02)
2025-11-18T17:46:33.0068772Z Complete job name: End-to-End Tests
2025-11-18T17:46:33.0811615Z ##[group]Run actions/checkout@v4
2025-11-18T17:46:33.0813140Z with:
2025-11-18T17:46:33.0813942Z   repository: brentcurtis76/fne-lms
2025-11-18T17:46:33.0815211Z   token: ***
2025-11-18T17:46:33.0815983Z   ssh-strict: true
2025-11-18T17:46:33.0816783Z   ssh-user: git
2025-11-18T17:46:33.0817580Z   persist-credentials: true
2025-11-18T17:46:33.0818489Z   clean: true
2025-11-18T17:46:33.0819288Z   sparse-checkout-cone-mode: true
2025-11-18T17:46:33.0820269Z   fetch-depth: 1
2025-11-18T17:46:33.0821044Z   fetch-tags: false
2025-11-18T17:46:33.0821851Z   show-progress: true
2025-11-18T17:46:33.0822780Z   lfs: false
2025-11-18T17:46:33.0823539Z   submodules: false
2025-11-18T17:46:33.0824369Z   set-safe-directory: true
2025-11-18T17:46:33.0825523Z env:
2025-11-18T17:46:33.0826235Z   NODE_VERSION: 18
2025-11-18T17:46:33.0827049Z   NEXT_PUBLIC_SUPABASE_URL: 
2025-11-18T17:46:33.0828004Z   NEXT_PUBLIC_SUPABASE_ANON_KEY: 
2025-11-18T17:46:33.0828986Z   SUPABASE_SERVICE_ROLE_KEY: 
2025-11-18T17:46:33.0829945Z ##[endgroup]
2025-11-18T17:46:33.2008148Z Syncing repository: brentcurtis76/fne-lms
2025-11-18T17:46:33.2019543Z ##[group]Getting Git version info
2025-11-18T17:46:33.2021922Z Working directory is '/home/runner/work/fne-lms/fne-lms'
2025-11-18T17:46:33.2025952Z [command]/usr/bin/git version
2025-11-18T17:46:33.2100551Z git version 2.51.2
2025-11-18T17:46:33.2132542Z ##[endgroup]
2025-11-18T17:46:33.2148589Z Temporarily overriding HOME='/home/runner/work/_temp/127aa6e3-c361-429f-a1fb-8141a667d475' before making global git config changes
2025-11-18T17:46:33.2154414Z Adding repository directory to the temporary git global config as a safe directory
2025-11-18T17:46:33.2168782Z [command]/usr/bin/git config --global --add safe.directory /home/runner/work/fne-lms/fne-lms
2025-11-18T17:46:33.2208615Z Deleting the contents of '/home/runner/work/fne-lms/fne-lms'
2025-11-18T17:46:33.2213166Z ##[group]Initializing the repository
2025-11-18T17:46:33.2216722Z [command]/usr/bin/git init /home/runner/work/fne-lms/fne-lms
2025-11-18T17:46:33.2348306Z hint: Using 'master' as the name for the initial branch. This default branch name
2025-11-18T17:46:33.2351593Z hint: is subject to change. To configure the initial branch name to use in all
2025-11-18T17:46:33.2354614Z hint: of your new repositories, which will suppress this warning, call:
2025-11-18T17:46:33.2357000Z hint:
2025-11-18T17:46:33.2358618Z hint: 	git config --global init.defaultBranch <name>
2025-11-18T17:46:33.2360750Z hint:
2025-11-18T17:46:33.2362983Z hint: Names commonly chosen instead of 'master' are 'main', 'trunk' and
2025-11-18T17:46:33.2366334Z hint: 'development'. The just-created branch can be renamed via this command:
2025-11-18T17:46:33.2368899Z hint:
2025-11-18T17:46:33.2370212Z hint: 	git branch -m <name>
2025-11-18T17:46:33.2371829Z hint:
2025-11-18T17:46:33.2374233Z hint: Disable this message with "git config set advice.defaultBranchName false"
2025-11-18T17:46:33.2377789Z Initialized empty Git repository in /home/runner/work/fne-lms/fne-lms/.git/
2025-11-18T17:46:33.2383833Z [command]/usr/bin/git remote add origin https://github.com/brentcurtis76/fne-lms
2025-11-18T17:46:33.2422132Z ##[endgroup]
2025-11-18T17:46:33.2424965Z ##[group]Disabling automatic garbage collection
2025-11-18T17:46:33.2427087Z [command]/usr/bin/git config --local gc.auto 0
2025-11-18T17:46:33.2455570Z ##[endgroup]
2025-11-18T17:46:33.2457915Z ##[group]Setting up auth
2025-11-18T17:46:33.2463544Z [command]/usr/bin/git config --local --name-only --get-regexp core\.sshCommand
2025-11-18T17:46:33.2500477Z [command]/usr/bin/git submodule foreach --recursive sh -c "git config --local --name-only --get-regexp 'core\.sshCommand' && git config --local --unset-all 'core.sshCommand' || :"
2025-11-18T17:46:33.2862844Z [command]/usr/bin/git config --local --name-only --get-regexp http\.https\:\/\/github\.com\/\.extraheader
2025-11-18T17:46:33.2900664Z [command]/usr/bin/git submodule foreach --recursive sh -c "git config --local --name-only --get-regexp 'http\.https\:\/\/github\.com\/\.extraheader' && git config --local --unset-all 'http.https://github.com/.extraheader' || :"
2025-11-18T17:46:33.3131884Z [command]/usr/bin/git config --local http.https://github.com/.extraheader AUTHORIZATION: basic ***
2025-11-18T17:46:33.3171073Z ##[endgroup]
2025-11-18T17:46:33.3175097Z ##[group]Fetching the repository
2025-11-18T17:46:33.3193852Z [command]/usr/bin/git -c protocol.version=2 fetch --no-tags --prune --no-recurse-submodules --depth=1 origin +48df5d4a2b0a1283749dcc2953057930f68e0152:refs/remotes/origin/main
2025-11-18T17:46:35.0822591Z From https://github.com/brentcurtis76/fne-lms
2025-11-18T17:46:35.0824045Z  * [new ref]         48df5d4a2b0a1283749dcc2953057930f68e0152 -> origin/main
2025-11-18T17:46:35.0866979Z ##[endgroup]
2025-11-18T17:46:35.0868510Z ##[group]Determining the checkout info
2025-11-18T17:46:35.0871028Z ##[endgroup]
2025-11-18T17:46:35.0877206Z [command]/usr/bin/git sparse-checkout disable
2025-11-18T17:46:35.0934517Z [command]/usr/bin/git config --local --unset-all extensions.worktreeConfig
2025-11-18T17:46:35.0982727Z ##[group]Checking out the ref
2025-11-18T17:46:35.0995507Z [command]/usr/bin/git checkout --progress --force -B main refs/remotes/origin/main
2025-11-18T17:46:35.3123134Z Switched to a new branch 'main'
2025-11-18T17:46:35.3129210Z branch 'main' set up to track 'origin/main'.
2025-11-18T17:46:35.3155842Z ##[endgroup]
2025-11-18T17:46:35.3213303Z [command]/usr/bin/git log -1 --format=%H
2025-11-18T17:46:35.3233222Z 48df5d4a2b0a1283749dcc2953057930f68e0152
2025-11-18T17:46:35.3747937Z ##[group]Run actions/setup-node@v4
2025-11-18T17:46:35.3748228Z with:
2025-11-18T17:46:35.3748413Z   node-version: 18
2025-11-18T17:46:35.3748595Z   cache: npm
2025-11-18T17:46:35.3748777Z   always-auth: false
2025-11-18T17:46:35.3748974Z   check-latest: false
2025-11-18T17:46:35.3749294Z   token: ***
2025-11-18T17:46:35.3749466Z env:
2025-11-18T17:46:35.3749620Z   NODE_VERSION: 18
2025-11-18T17:46:35.3749817Z   NEXT_PUBLIC_SUPABASE_URL: 
2025-11-18T17:46:35.3750037Z   NEXT_PUBLIC_SUPABASE_ANON_KEY: 
2025-11-18T17:46:35.3750272Z   SUPABASE_SERVICE_ROLE_KEY: 
2025-11-18T17:46:35.3750733Z ##[endgroup]
2025-11-18T17:46:35.5545544Z Attempting to download 18...
2025-11-18T17:46:36.2756926Z Acquiring 18.20.8 - x64 from https://github.com/actions/node-versions/releases/download/18.20.8-14110393767/node-18.20.8-linux-x64.tar.gz
2025-11-18T17:46:36.9745170Z Extracting ...
2025-11-18T17:46:36.9874624Z [command]/usr/bin/tar xz --strip 1 --warning=no-unknown-keyword --overwrite -C /home/runner/work/_temp/b82ddea3-6933-4599-8308-e665abcbe90f -f /home/runner/work/_temp/269f5c8d-9e5f-4064-a459-49992c3305d7
2025-11-18T17:46:38.0462493Z Adding to the cache ...
2025-11-18T17:46:40.1707494Z ##[group]Environment details
2025-11-18T17:46:40.4600094Z node: v18.20.8
2025-11-18T17:46:40.4604224Z npm: 10.8.2
2025-11-18T17:46:40.4606477Z yarn: 1.22.22
2025-11-18T17:46:40.4608959Z ##[endgroup]
2025-11-18T17:46:40.4628555Z [command]/opt/hostedtoolcache/node/18.20.8/x64/bin/npm config get cache
2025-11-18T17:46:40.5798789Z /home/runner/.npm
2025-11-18T17:46:40.7698066Z Cache hit for: node-cache-Linux-x64-npm-342e9fcd0df6fe6c32eb4dc977eed286746e0e05bcbfd399a7686f110e209c81
2025-11-18T17:46:41.9774767Z Received 33554432 of 226642321 (14.8%), 32.0 MBs/sec
2025-11-18T17:46:42.9789268Z Received 150994944 of 226642321 (66.6%), 72.0 MBs/sec
2025-11-18T17:46:43.4528076Z Received 226642321 of 226642321 (100.0%), 87.3 MBs/sec
2025-11-18T17:46:43.4530323Z Cache Size: ~216 MB (226642321 B)
2025-11-18T17:46:43.4566367Z [command]/usr/bin/tar -xf /home/runner/work/_temp/4997d4cd-0e5f-4983-98d0-928a3742fe03/cache.tzst -P -C /home/runner/work/fne-lms/fne-lms --use-compress-program unzstd
2025-11-18T17:46:44.2321341Z Cache restored successfully
2025-11-18T17:46:44.9583447Z Cache restored from key: node-cache-Linux-x64-npm-342e9fcd0df6fe6c32eb4dc977eed286746e0e05bcbfd399a7686f110e209c81
2025-11-18T17:46:44.9787704Z ##[group]Run npm ci
2025-11-18T17:46:44.9787962Z [36;1mnpm ci[0m
2025-11-18T17:46:44.9827495Z shell: /usr/bin/bash -e {0}
2025-11-18T17:46:44.9827740Z env:
2025-11-18T17:46:44.9827913Z   NODE_VERSION: 18
2025-11-18T17:46:44.9828130Z   NEXT_PUBLIC_SUPABASE_URL: 
2025-11-18T17:46:44.9828349Z   NEXT_PUBLIC_SUPABASE_ANON_KEY: 
2025-11-18T17:46:44.9828589Z   SUPABASE_SERVICE_ROLE_KEY: 
2025-11-18T17:46:44.9828800Z ##[endgroup]
2025-11-18T17:46:46.2025402Z npm warn EBADENGINE Unsupported engine {
2025-11-18T17:46:46.2030303Z npm warn EBADENGINE   package: '@isaacs/balanced-match@4.0.1',
2025-11-18T17:46:46.2035254Z npm warn EBADENGINE   required: { node: '20 || >=22' },
2025-11-18T17:46:46.2040253Z npm warn EBADENGINE   current: { node: 'v18.20.8', npm: '10.8.2' }
2025-11-18T17:46:46.2043610Z npm warn EBADENGINE }
2025-11-18T17:46:46.2046524Z npm warn EBADENGINE Unsupported engine {
2025-11-18T17:46:46.2049612Z npm warn EBADENGINE   package: '@isaacs/brace-expansion@5.0.0',
2025-11-18T17:46:46.2052955Z npm warn EBADENGINE   required: { node: '20 || >=22' },
2025-11-18T17:46:46.2056085Z npm warn EBADENGINE   current: { node: 'v18.20.8', npm: '10.8.2' }
2025-11-18T17:46:46.2058951Z npm warn EBADENGINE }
2025-11-18T17:46:46.2077006Z npm warn EBADENGINE Unsupported engine {
2025-11-18T17:46:46.2079044Z npm warn EBADENGINE   package: 'glob@11.0.3',
2025-11-18T17:46:46.2106620Z npm warn EBADENGINE   required: { node: '20 || >=22' },
2025-11-18T17:46:46.2107428Z npm warn EBADENGINE   current: { node: 'v18.20.8', npm: '10.8.2' }
2025-11-18T17:46:46.2108023Z npm warn EBADENGINE }
2025-11-18T17:46:46.2108517Z npm warn EBADENGINE Unsupported engine {
2025-11-18T17:46:46.2109166Z npm warn EBADENGINE   package: 'minimatch@10.0.3',
2025-11-18T17:46:46.2109845Z npm warn EBADENGINE   required: { node: '20 || >=22' },
2025-11-18T17:46:46.2110634Z npm warn EBADENGINE   current: { node: 'v18.20.8', npm: '10.8.2' }
2025-11-18T17:46:46.2111226Z npm warn EBADENGINE }
2025-11-18T17:46:46.2111808Z npm warn EBADENGINE Unsupported engine {
2025-11-18T17:46:46.2112641Z npm warn EBADENGINE   package: 'jackspeak@4.1.1',
2025-11-18T17:46:46.2113315Z npm warn EBADENGINE   required: { node: '20 || >=22' },
2025-11-18T17:46:46.2114071Z npm warn EBADENGINE   current: { node: 'v18.20.8', npm: '10.8.2' }
2025-11-18T17:46:46.2115006Z npm warn EBADENGINE }
2025-11-18T17:46:46.2119555Z npm warn EBADENGINE Unsupported engine {
2025-11-18T17:46:46.2120887Z npm warn EBADENGINE   package: 'path-scurry@2.0.0',
2025-11-18T17:46:46.2121903Z npm warn EBADENGINE   required: { node: '20 || >=22' },
2025-11-18T17:46:46.2123065Z npm warn EBADENGINE   current: { node: 'v18.20.8', npm: '10.8.2' }
2025-11-18T17:46:46.2123929Z npm warn EBADENGINE }
2025-11-18T17:46:46.2124601Z npm warn EBADENGINE Unsupported engine {
2025-11-18T17:46:46.2125376Z npm warn EBADENGINE   package: 'lru-cache@11.2.2',
2025-11-18T17:46:46.2126224Z npm warn EBADENGINE   required: { node: '20 || >=22' },
2025-11-18T17:46:46.2127172Z npm warn EBADENGINE   current: { node: 'v18.20.8', npm: '10.8.2' }
2025-11-18T17:46:46.2127899Z npm warn EBADENGINE }
2025-11-18T17:46:53.9574916Z npm warn deprecated inflight@1.0.6: This module is not supported, and leaks memory. Do not use it. Check out lru-cache if you want a good and tested way to coalesce async requests by a key value, which is much more comprehensive and powerful.
2025-11-18T17:46:54.0614747Z npm warn deprecated npmlog@5.0.1: This package is no longer supported.
2025-11-18T17:46:54.3446791Z npm warn deprecated @humanwhocodes/config-array@0.11.14: Use @eslint/config-array instead
2025-11-18T17:46:54.3828914Z npm warn deprecated rimraf@3.0.2: Rimraf versions prior to v4 are no longer supported
2025-11-18T17:46:54.4255528Z npm warn deprecated abab@2.0.6: Use your platform's native atob() and btoa() methods instead
2025-11-18T17:46:54.5838142Z npm warn deprecated are-we-there-yet@2.0.0: This package is no longer supported.
2025-11-18T17:46:54.6545082Z npm warn deprecated @humanwhocodes/object-schema@2.0.3: Use @eslint/object-schema instead
2025-11-18T17:46:54.6595351Z npm warn deprecated glob@7.2.3: Glob versions prior to v9 are no longer supported
2025-11-18T17:46:54.6616558Z npm warn deprecated glob@7.2.3: Glob versions prior to v9 are no longer supported
2025-11-18T17:46:54.6663479Z npm warn deprecated glob@7.2.3: Glob versions prior to v9 are no longer supported
2025-11-18T17:46:54.6664443Z npm warn deprecated glob@7.2.3: Glob versions prior to v9 are no longer supported
2025-11-18T17:46:54.6698777Z npm warn deprecated glob@8.1.0: Glob versions prior to v9 are no longer supported
2025-11-18T17:46:54.6720295Z npm warn deprecated glob@7.2.3: Glob versions prior to v9 are no longer supported
2025-11-18T17:46:54.8210919Z npm warn deprecated domexception@4.0.0: Use your platform's native DOMException instead
2025-11-18T17:46:54.8294589Z npm warn deprecated @supabase/auth-helpers-shared@0.7.0: This package is now deprecated - please use the @supabase/ssr package instead.
2025-11-18T17:46:55.0320619Z npm warn deprecated @supabase/auth-helpers-react@0.5.0: This package is now deprecated - please use the @supabase/ssr package instead.
2025-11-18T17:46:55.2427453Z npm warn deprecated gauge@3.0.2: This package is no longer supported.
2025-11-18T17:46:55.5476062Z npm warn deprecated @supabase/auth-helpers-nextjs@0.10.0: This package is now deprecated - please use the @supabase/ssr package instead.
2025-11-18T17:46:58.4792729Z npm warn deprecated react-beautiful-dnd@13.1.1: react-beautiful-dnd is now deprecated. Context and options: https://github.com/atlassian/react-beautiful-dnd/issues/2672
2025-11-18T17:46:59.7866267Z npm warn deprecated eslint@8.57.0: This version is no longer supported. Please see https://eslint.org/version-support for other options.
2025-11-18T17:47:14.1581331Z 
2025-11-18T17:47:14.1585538Z added 1293 packages, and audited 1294 packages in 29s
2025-11-18T17:47:14.1589686Z 
2025-11-18T17:47:14.1594072Z 264 packages are looking for funding
2025-11-18T17:47:14.1597746Z   run `npm fund` for details
2025-11-18T17:47:14.2595740Z 
2025-11-18T17:47:14.2599954Z 13 vulnerabilities (5 moderate, 8 high)
2025-11-18T17:47:14.2604385Z 
2025-11-18T17:47:14.2608525Z To address issues that do not require attention, run:
2025-11-18T17:47:14.2611012Z   npm audit fix
2025-11-18T17:47:14.2613260Z 
2025-11-18T17:47:14.2618592Z To address all issues possible (including breaking changes), run:
2025-11-18T17:47:14.2620113Z   npm audit fix --force
2025-11-18T17:47:14.2620340Z 
2025-11-18T17:47:14.2620631Z Some issues need review, and may require choosing
2025-11-18T17:47:14.2621234Z a different dependency.
2025-11-18T17:47:14.2621465Z 
2025-11-18T17:47:14.2621640Z Run `npm audit` for details.
2025-11-18T17:47:14.3730892Z ##[group]Run npx playwright install --with-deps
2025-11-18T17:47:14.3731276Z [36;1mnpx playwright install --with-deps[0m
2025-11-18T17:47:14.3774904Z shell: /usr/bin/bash -e {0}
2025-11-18T17:47:14.3775133Z env:
2025-11-18T17:47:14.3775303Z   NODE_VERSION: 18
2025-11-18T17:47:14.3775506Z   NEXT_PUBLIC_SUPABASE_URL: 
2025-11-18T17:47:14.3775731Z   NEXT_PUBLIC_SUPABASE_ANON_KEY: 
2025-11-18T17:47:14.3775972Z   SUPABASE_SERVICE_ROLE_KEY: 
2025-11-18T17:47:14.3776189Z ##[endgroup]
2025-11-18T17:47:15.4412242Z Installing dependencies...
2025-11-18T17:47:15.4495950Z Switching to root user to install dependencies...
2025-11-18T17:47:15.5925552Z Get:1 file:/etc/apt/apt-mirrors.txt Mirrorlist [144 B]
2025-11-18T17:47:15.6406811Z Get:6 https://packages.microsoft.com/repos/azure-cli noble InRelease [3564 B]
2025-11-18T17:47:15.6644378Z Hit:2 http://azure.archive.ubuntu.com/ubuntu noble InRelease
2025-11-18T17:47:15.6663634Z Get:7 https://packages.microsoft.com/ubuntu/24.04/prod noble InRelease [3600 B]
2025-11-18T17:47:15.6698783Z Get:3 http://azure.archive.ubuntu.com/ubuntu noble-updates InRelease [126 kB]
2025-11-18T17:47:15.6883812Z Get:4 http://azure.archive.ubuntu.com/ubuntu noble-backports InRelease [126 kB]
2025-11-18T17:47:15.6885220Z Get:5 http://azure.archive.ubuntu.com/ubuntu noble-security InRelease [126 kB]
2025-11-18T17:47:15.7544303Z Get:8 https://packages.microsoft.com/repos/azure-cli noble/main amd64 Packages [1763 B]
2025-11-18T17:47:15.8575119Z Get:9 https://packages.microsoft.com/ubuntu/24.04/prod noble/main arm64 Packages [50.9 kB]
2025-11-18T17:47:15.8640677Z Get:10 https://packages.microsoft.com/ubuntu/24.04/prod noble/main amd64 Packages [68.1 kB]
2025-11-18T17:47:15.8703624Z Get:11 https://packages.microsoft.com/ubuntu/24.04/prod noble/main armhf Packages [11.2 kB]
2025-11-18T17:47:15.9066449Z Get:12 http://azure.archive.ubuntu.com/ubuntu noble-updates/main amd64 Packages [1585 kB]
2025-11-18T17:47:15.9172047Z Get:13 http://azure.archive.ubuntu.com/ubuntu noble-updates/main Translation-en [299 kB]
2025-11-18T17:47:15.9234834Z Get:14 http://azure.archive.ubuntu.com/ubuntu noble-updates/main amd64 Components [175 kB]
2025-11-18T17:47:15.9258663Z Get:15 http://azure.archive.ubuntu.com/ubuntu noble-updates/main amd64 c-n-f Metadata [15.7 kB]
2025-11-18T17:47:15.9423751Z Get:16 http://azure.archive.ubuntu.com/ubuntu noble-updates/universe amd64 Packages [1499 kB]
2025-11-18T17:47:15.9616583Z Get:17 http://azure.archive.ubuntu.com/ubuntu noble-updates/universe Translation-en [303 kB]
2025-11-18T17:47:15.9663792Z Get:18 http://azure.archive.ubuntu.com/ubuntu noble-updates/universe amd64 Components [378 kB]
2025-11-18T17:47:15.9727891Z Get:19 http://azure.archive.ubuntu.com/ubuntu noble-updates/universe amd64 c-n-f Metadata [31.4 kB]
2025-11-18T17:47:15.9744562Z Get:20 http://azure.archive.ubuntu.com/ubuntu noble-updates/restricted amd64 Components [212 B]
2025-11-18T17:47:15.9748111Z Get:21 http://azure.archive.ubuntu.com/ubuntu noble-updates/multiverse Translation-en [5808 B]
2025-11-18T17:47:16.0149558Z Get:22 http://azure.archive.ubuntu.com/ubuntu noble-updates/multiverse amd64 Components [940 B]
2025-11-18T17:47:16.0156364Z Get:23 http://azure.archive.ubuntu.com/ubuntu noble-backports/main amd64 Components [7140 B]
2025-11-18T17:47:16.0169403Z Get:24 http://azure.archive.ubuntu.com/ubuntu noble-backports/universe amd64 Components [11.0 kB]
2025-11-18T17:47:16.0177706Z Get:25 http://azure.archive.ubuntu.com/ubuntu noble-backports/restricted amd64 Components [216 B]
2025-11-18T17:47:16.0196292Z Get:26 http://azure.archive.ubuntu.com/ubuntu noble-backports/multiverse amd64 Components [212 B]
2025-11-18T17:47:16.0444943Z Get:27 http://azure.archive.ubuntu.com/ubuntu noble-security/main amd64 Packages [1309 kB]
2025-11-18T17:47:16.0503638Z Get:28 http://azure.archive.ubuntu.com/ubuntu noble-security/main Translation-en [215 kB]
2025-11-18T17:47:16.0530617Z Get:29 http://azure.archive.ubuntu.com/ubuntu noble-security/main amd64 Components [21.6 kB]
2025-11-18T17:47:16.0545086Z Get:30 http://azure.archive.ubuntu.com/ubuntu noble-security/main amd64 c-n-f Metadata [9416 B]
2025-11-18T17:47:16.0561153Z Get:31 http://azure.archive.ubuntu.com/ubuntu noble-security/universe amd64 Packages [909 kB]
2025-11-18T17:47:16.0631827Z Get:32 http://azure.archive.ubuntu.com/ubuntu noble-security/universe Translation-en [204 kB]
2025-11-18T17:47:16.0650945Z Get:33 http://azure.archive.ubuntu.com/ubuntu noble-security/universe amd64 Components [52.3 kB]
2025-11-18T17:47:16.0659626Z Get:34 http://azure.archive.ubuntu.com/ubuntu noble-security/universe amd64 c-n-f Metadata [19.4 kB]
2025-11-18T17:47:16.0667278Z Get:35 http://azure.archive.ubuntu.com/ubuntu noble-security/restricted amd64 Components [212 B]
2025-11-18T17:47:16.0675433Z Get:36 http://azure.archive.ubuntu.com/ubuntu noble-security/multiverse Translation-en [5956 B]
2025-11-18T17:47:16.1107647Z Get:37 http://azure.archive.ubuntu.com/ubuntu noble-security/multiverse amd64 Components [212 B]
2025-11-18T17:47:24.4327533Z Fetched 7575 kB in 1s (6254 kB/s)
2025-11-18T17:47:25.1658835Z Reading package lists...
2025-11-18T17:47:25.1923091Z Reading package lists...
2025-11-18T17:47:25.3534857Z Building dependency tree...
2025-11-18T17:47:25.3542711Z Reading state information...
2025-11-18T17:47:25.3687943Z libasound2t64 is already the newest version (1.2.11-1ubuntu0.1).
2025-11-18T17:47:25.3691633Z libasound2t64 set to manually installed.
2025-11-18T17:47:25.3693706Z libatk-bridge2.0-0t64 is already the newest version (2.52.0-1build1).
2025-11-18T17:47:25.3694453Z libatk-bridge2.0-0t64 set to manually installed.
2025-11-18T17:47:25.3695134Z libatk1.0-0t64 is already the newest version (2.52.0-1build1).
2025-11-18T17:47:25.3695773Z libatk1.0-0t64 set to manually installed.
2025-11-18T17:47:25.3696426Z libatspi2.0-0t64 is already the newest version (2.52.0-1build1).
2025-11-18T17:47:25.3697057Z libatspi2.0-0t64 set to manually installed.
2025-11-18T17:47:25.3697666Z libcairo2 is already the newest version (1.18.0-3build1).
2025-11-18T17:47:25.3698254Z libcairo2 set to manually installed.
2025-11-18T17:47:25.3698905Z libcups2t64 is already the newest version (2.4.7-1.2ubuntu7.4).
2025-11-18T17:47:25.3699526Z libcups2t64 set to manually installed.
2025-11-18T17:47:25.3700150Z libdbus-1-3 is already the newest version (1.14.10-4ubuntu4.1).
2025-11-18T17:47:25.3700812Z libdbus-1-3 set to manually installed.
2025-11-18T17:47:25.3701460Z libdrm2 is already the newest version (2.4.122-1~ubuntu0.24.04.1).
2025-11-18T17:47:25.3702058Z libdrm2 set to manually installed.
2025-11-18T17:47:25.3702850Z libgbm1 is already the newest version (25.0.7-0ubuntu0.24.04.2).
2025-11-18T17:47:25.3703434Z libgbm1 set to manually installed.
2025-11-18T17:47:25.3704104Z libglib2.0-0t64 is already the newest version (2.80.0-6ubuntu3.4).
2025-11-18T17:47:25.3704747Z libglib2.0-0t64 set to manually installed.
2025-11-18T17:47:25.3705386Z libnspr4 is already the newest version (2:4.35-1.1build1).
2025-11-18T17:47:25.3705957Z libnspr4 set to manually installed.
2025-11-18T17:47:25.3706539Z libnss3 is already the newest version (2:3.98-1build1).
2025-11-18T17:47:25.3707094Z libnss3 set to manually installed.
2025-11-18T17:47:25.3707725Z libpango-1.0-0 is already the newest version (1.52.1+ds-1build1).
2025-11-18T17:47:25.3708343Z libpango-1.0-0 set to manually installed.
2025-11-18T17:47:25.3708960Z libx11-6 is already the newest version (2:1.8.7-1build1).
2025-11-18T17:47:25.3709583Z libx11-6 set to manually installed.
2025-11-18T17:47:25.3710140Z libxcb1 is already the newest version (1.15-1ubuntu2).
2025-11-18T17:47:25.3710681Z libxcb1 set to manually installed.
2025-11-18T17:47:25.3711688Z libxcomposite1 is already the newest version (1:0.4.5-1build3).
2025-11-18T17:47:25.3725567Z libxcomposite1 set to manually installed.
2025-11-18T17:47:25.3726344Z libxdamage1 is already the newest version (1:1.1.6-1build1).
2025-11-18T17:47:25.3726956Z libxdamage1 set to manually installed.
2025-11-18T17:47:25.3727565Z libxext6 is already the newest version (2:1.3.4-1build2).
2025-11-18T17:47:25.3728497Z libxext6 set to manually installed.
2025-11-18T17:47:25.3729124Z libxfixes3 is already the newest version (1:6.0.0-2build1).
2025-11-18T17:47:25.3729646Z libxfixes3 set to manually installed.
2025-11-18T17:47:25.3730181Z libxkbcommon0 is already the newest version (1.6.0-1build1).
2025-11-18T17:47:25.3730706Z libxkbcommon0 set to manually installed.
2025-11-18T17:47:25.3731266Z libxrandr2 is already the newest version (2:1.5.2-2build1).
2025-11-18T17:47:25.3731796Z libxrandr2 set to manually installed.
2025-11-18T17:47:25.3732649Z libcairo-gobject2 is already the newest version (1.18.0-3build1).
2025-11-18T17:47:25.3733269Z libcairo-gobject2 set to manually installed.
2025-11-18T17:47:25.3733887Z libfontconfig1 is already the newest version (2.15.0-1.1ubuntu2).
2025-11-18T17:47:25.3734447Z libfontconfig1 set to manually installed.
2025-11-18T17:47:25.3735012Z libfreetype6 is already the newest version (2.13.2+dfsg-1build3).
2025-11-18T17:47:25.3735534Z libfreetype6 set to manually installed.
2025-11-18T17:47:25.3736158Z libgdk-pixbuf-2.0-0 is already the newest version (2.42.10+dfsg-3ubuntu3.2).
2025-11-18T17:47:25.3736785Z libgdk-pixbuf-2.0-0 set to manually installed.
2025-11-18T17:47:25.3737413Z libgtk-3-0t64 is already the newest version (3.24.41-4ubuntu1.3).
2025-11-18T17:47:25.3737965Z libgtk-3-0t64 set to manually installed.
2025-11-18T17:47:25.3738566Z libpangocairo-1.0-0 is already the newest version (1.52.1+ds-1build1).
2025-11-18T17:47:25.3739186Z libpangocairo-1.0-0 set to manually installed.
2025-11-18T17:47:25.3739756Z libx11-xcb1 is already the newest version (2:1.8.7-1build1).
2025-11-18T17:47:25.3740265Z libx11-xcb1 set to manually installed.
2025-11-18T17:47:25.3740768Z libxcb-shm0 is already the newest version (1.15-1ubuntu2).
2025-11-18T17:47:25.3741263Z libxcb-shm0 set to manually installed.
2025-11-18T17:47:25.3741786Z libxcursor1 is already the newest version (1:1.2.1-1build1).
2025-11-18T17:47:25.3742289Z libxcursor1 set to manually installed.
2025-11-18T17:47:25.3743065Z libxi6 is already the newest version (2:1.8.1-1build1).
2025-11-18T17:47:25.3743527Z libxi6 set to manually installed.
2025-11-18T17:47:25.3744061Z libxrender1 is already the newest version (1:0.9.10-1.1build1).
2025-11-18T17:47:25.3744694Z libxrender1 set to manually installed.
2025-11-18T17:47:25.3745264Z libicu74 is already the newest version (74.2-1ubuntu3.1).
2025-11-18T17:47:25.3745891Z libatomic1 is already the newest version (14.2.0-4ubuntu2~24.04).
2025-11-18T17:47:25.3746437Z libatomic1 set to manually installed.
2025-11-18T17:47:25.3746983Z libenchant-2-2 is already the newest version (2.3.3-2build2).
2025-11-18T17:47:25.3747534Z libenchant-2-2 set to manually installed.
2025-11-18T17:47:25.3748107Z libepoxy0 is already the newest version (1.5.10-1build1).
2025-11-18T17:47:25.3748622Z libepoxy0 set to manually installed.
2025-11-18T17:47:25.3749282Z libgstreamer1.0-0 is already the newest version (1.24.2-1ubuntu0.1).
2025-11-18T17:47:25.3749891Z libgstreamer1.0-0 set to manually installed.
2025-11-18T17:47:25.3750528Z libharfbuzz0b is already the newest version (8.3.0-2build2).
2025-11-18T17:47:25.3751031Z libharfbuzz0b set to manually installed.
2025-11-18T17:47:25.3751566Z libjpeg-turbo8 is already the newest version (2.1.5-2ubuntu2).
2025-11-18T17:47:25.3752085Z libjpeg-turbo8 set to manually installed.
2025-11-18T17:47:25.3752766Z liblcms2-2 is already the newest version (2.14-2build1).
2025-11-18T17:47:25.3755495Z liblcms2-2 set to manually installed.
2025-11-18T17:47:25.5161883Z libpng16-16t64 is already the newest version (1.6.43-5build1).
2025-11-18T17:47:25.5163074Z libpng16-16t64 set to manually installed.
2025-11-18T17:47:25.5165359Z libwayland-client0 is already the newest version (1.22.0-2.1build1).
2025-11-18T17:47:25.5167168Z libwayland-client0 set to manually installed.
2025-11-18T17:47:25.5168916Z libwayland-egl1 is already the newest version (1.22.0-2.1build1).
2025-11-18T17:47:25.5170585Z libwayland-egl1 set to manually installed.
2025-11-18T17:47:25.5172710Z libwayland-server0 is already the newest version (1.22.0-2.1build1).
2025-11-18T17:47:25.5173817Z libwayland-server0 set to manually installed.
2025-11-18T17:47:25.5174709Z libwebp7 is already the newest version (1.3.2-0.4build3).
2025-11-18T17:47:25.5175427Z libwebp7 set to manually installed.
2025-11-18T17:47:25.5176368Z libwebpdemux2 is already the newest version (1.3.2-0.4build3).
2025-11-18T17:47:25.5177251Z libwebpdemux2 set to manually installed.
2025-11-18T17:47:25.5179043Z libxml2 is already the newest version (2.9.14+dfsg-1.3ubuntu3.6).
2025-11-18T17:47:25.5179628Z libxml2 set to manually installed.
2025-11-18T17:47:25.5180295Z libxslt1.1 is already the newest version (1.1.39-0exp1ubuntu0.24.04.2).
2025-11-18T17:47:25.5180791Z libxslt1.1 set to manually installed.
2025-11-18T17:47:25.5181179Z xvfb is already the newest version (2:21.1.12-1ubuntu1.5).
2025-11-18T17:47:25.5181691Z fonts-noto-color-emoji is already the newest version (2.047-0ubuntu0.24.04.1).
2025-11-18T17:47:25.5182498Z fonts-liberation is already the newest version (1:2.1.5-3).
2025-11-18T17:47:25.5183098Z fonts-liberation set to manually installed.
2025-11-18T17:47:25.5183482Z The following additional packages will be installed:
2025-11-18T17:47:25.5183911Z   glib-networking glib-networking-common glib-networking-services
2025-11-18T17:47:25.5184390Z   gsettings-desktop-schemas libaa1 libabsl20220623t64 libass9 libasyncns0
2025-11-18T17:47:25.5184894Z   libavc1394-0 libavcodec60 libavfilter9 libavformat60 libavtp0 libavutil58
2025-11-18T17:47:25.5185468Z   libblas3 libbluray2 libbs2b0 libcaca0 libcairo-script-interpreter2
2025-11-18T17:47:25.5186069Z   libcdparanoia0 libchromaprint1 libcjson1 libcodec2-1.2 libdav1d7
2025-11-18T17:47:25.5186555Z   libdc1394-25 libdca0 libdecor-0-0 libdirectfb-1.7-7t64 libdv4t64 libdvdnav4
2025-11-18T17:47:25.5187043Z   libdvdread8t64 libegl-mesa0 libegl1 libfaad2 libflac12t64 libfluidsynth3
2025-11-18T17:47:25.5187524Z   libfreeaptx0 libgav1-1 libgme0 libgraphene-1.0-0 libgsm1 libgssdp-1.6-0
2025-11-18T17:47:25.5188009Z   libgstreamer-plugins-good1.0-0 libgtk-4-common libgupnp-1.6-0
2025-11-18T17:47:25.5188447Z   libgupnp-igd-1.6-0 libhwy1t64 libiec61883-0 libimath-3-1-29t64
2025-11-18T17:47:25.5188953Z   libinstpatch-1.0-2 libjack-jackd2-0 libjxl0.7 liblapack3 liblc3-1
2025-11-18T17:47:25.5189742Z   libldacbt-enc2 liblilv-0-0 liblrdf0 libltc11 libmbedcrypto7t64 libmfx1
2025-11-18T17:47:25.5190490Z   libmjpegutils-2.1-0t64 libmodplug1 libmp3lame0 libmpcdec6
2025-11-18T17:47:25.5191227Z   libmpeg2encpp-2.1-0t64 libmpg123-0t64 libmplex2-2.1-0t64 libmysofa1
2025-11-18T17:47:25.5192016Z   libneon27t64 libnice10 libopenal-data libopenal1 libopenexr-3-1-30
2025-11-18T17:47:25.5192717Z   libopenh264-7 libopenmpt0t64 libopenni2-0 liborc-0.4-0t64
2025-11-18T17:47:25.5193152Z   libpipewire-0.3-0t64 libplacebo338 libpocketsphinx3 libpostproc57
2025-11-18T17:47:25.5193618Z   libproxy1v5 libpulse0 libqrencode4 libraptor2-0 librav1e0 libraw1394-11
2025-11-18T17:47:25.5194095Z   librist4 librsvg2-2 librubberband2 libsamplerate0 libsbc1 libsdl2-2.0-0
2025-11-18T17:47:25.5194872Z   libsecret-common libserd-0-0 libshine3 libshout3 libsndfile1 libsndio7.0
2025-11-18T17:47:25.5195732Z   libsord-0-0 libsoundtouch1 libsoup-3.0-0 libsoup-3.0-common libsoxr0
2025-11-18T17:47:25.5196563Z   libspa-0.2-modules libspandsp2t64 libspeex1 libsphinxbase3t64 libsratom-0-0
2025-11-18T17:47:25.5197068Z   libsrt1.5-gnutls libsrtp2-1 libssh-4 libssh-gcrypt-4 libsvtav1enc1d1
2025-11-18T17:47:25.5197515Z   libswresample4 libswscale7 libtag1v5 libtag1v5-vanilla libtheora0
2025-11-18T17:47:25.5198325Z   libtwolame0 libudfread0 libunibreak5 libv4l-0t64 libv4lconvert0t64
2025-11-18T17:47:25.5199399Z   libva-drm2 libva-x11-2 libva2 libvdpau1 libvidstab1.1 libvisual-0.4-0
2025-11-18T17:47:25.5200218Z   libvo-aacenc0 libvo-amrwbenc0 libvorbisenc2 libvpl2 libwavpack1
2025-11-18T17:47:25.5201022Z   libwebrtc-audio-processing1 libwildmidi2 libx265-199 libxcb-xkb1
2025-11-18T17:47:25.5201846Z   libxkbcommon-x11-0 libxvidcore4 libyuv0 libzbar0t64 libzimg2 libzix-0-0
2025-11-18T17:47:25.5203118Z   libzvbi-common libzvbi0t64 libzxing3 ocl-icd-libopencl1 session-migration
2025-11-18T17:47:25.5203892Z   timgm6mb-soundfont xfonts-encodings xfonts-utils
2025-11-18T17:47:25.5204482Z Suggested packages:
2025-11-18T17:47:25.5205076Z   frei0r-plugins gvfs libcuda1 libnvcuvid1 libnvidia-encode1 libbluray-bdj
2025-11-18T17:47:25.5205931Z   libdirectfb-extra libdv-bin oss-compat libdvdcss2 libvisual-0.4-plugins
2025-11-18T17:47:25.5206770Z   jackd2 liblrdf0-dev libportaudio2 opus-tools pipewire pulseaudio
2025-11-18T17:47:25.5207556Z   raptor2-utils libraw1394-doc librsvg2-bin serdi sndiod sordi speex
2025-11-18T17:47:25.5208263Z   libwildmidi-config opencl-icd fluid-soundfont-gm
2025-11-18T17:47:25.5208771Z Recommended packages:
2025-11-18T17:47:25.5209295Z   fonts-ipafont-mincho fonts-tlwg-loma gstreamer1.0-x libaacs0
2025-11-18T17:47:25.5210078Z   default-libdecor-0-plugin-1 | libdecor-0-plugin-1 gstreamer1.0-gl
2025-11-18T17:47:25.5210942Z   libgtk-4-bin librsvg2-common libgtk-4-media-gstreamer libpipewire-0.3-common
2025-11-18T17:47:25.5211863Z   pocketsphinx-en-us va-driver-all | va-driver vdpau-driver-all | vdpau-driver
2025-11-18T17:47:25.5212717Z   libmagickcore-6.q16-7-extra
2025-11-18T17:47:25.5914436Z The following NEW packages will be installed:
2025-11-18T17:47:25.5915532Z   fonts-freefont-ttf fonts-ipafont-gothic fonts-tlwg-loma-otf fonts-unifont
2025-11-18T17:47:25.5918023Z   fonts-wqy-zenhei glib-networking glib-networking-common
2025-11-18T17:47:25.5918899Z   glib-networking-services gsettings-desktop-schemas gstreamer1.0-libav
2025-11-18T17:47:25.5919877Z   gstreamer1.0-plugins-bad gstreamer1.0-plugins-base gstreamer1.0-plugins-good
2025-11-18T17:47:25.5920874Z   libaa1 libabsl20220623t64 libass9 libasyncns0 libavc1394-0 libavcodec60
2025-11-18T17:47:25.5921772Z   libavfilter9 libavformat60 libavif16 libavtp0 libavutil58 libblas3
2025-11-18T17:47:25.5922876Z   libbluray2 libbs2b0 libcaca0 libcairo-script-interpreter2 libcdparanoia0
2025-11-18T17:47:25.5923815Z   libchromaprint1 libcjson1 libcodec2-1.2 libdav1d7 libdc1394-25 libdca0
2025-11-18T17:47:25.5924638Z   libdecor-0-0 libdirectfb-1.7-7t64 libdv4t64 libdvdnav4 libdvdread8t64
2025-11-18T17:47:25.5925448Z   libegl-mesa0 libegl1 libevent-2.1-7t64 libfaad2 libflac12t64 libflite1
2025-11-18T17:47:25.5926313Z   libfluidsynth3 libfreeaptx0 libgav1-1 libgles2 libgme0 libgraphene-1.0-0
2025-11-18T17:47:25.5927184Z   libgsm1 libgssdp-1.6-0 libgstreamer-gl1.0-0 libgstreamer-plugins-bad1.0-0
2025-11-18T17:47:25.5928050Z   libgstreamer-plugins-base1.0-0 libgstreamer-plugins-good1.0-0 libgtk-4-1
2025-11-18T17:47:25.5928884Z   libgtk-4-common libgupnp-1.6-0 libgupnp-igd-1.6-0 libharfbuzz-icu0
2025-11-18T17:47:25.5929719Z   libhwy1t64 libhyphen0 libiec61883-0 libimath-3-1-29t64 libinstpatch-1.0-2
2025-11-18T17:47:25.5930577Z   libjack-jackd2-0 libjxl0.7 liblapack3 liblc3-1 libldacbt-enc2 liblilv-0-0
2025-11-18T17:47:25.5931336Z   liblrdf0 libltc11 libmanette-0.2-0 libmbedcrypto7t64 libmfx1
2025-11-18T17:47:25.5932186Z   libmjpegutils-2.1-0t64 libmodplug1 libmp3lame0 libmpcdec6
2025-11-18T17:47:25.5933144Z   libmpeg2encpp-2.1-0t64 libmpg123-0t64 libmplex2-2.1-0t64 libmysofa1
2025-11-18T17:47:25.5933971Z   libneon27t64 libnice10 libopenal-data libopenal1 libopenexr-3-1-30
2025-11-18T17:47:25.5934820Z   libopenh264-7 libopenmpt0t64 libopenni2-0 libopus0 liborc-0.4-0t64
2025-11-18T17:47:25.5935569Z   libpipewire-0.3-0t64 libplacebo338 libpocketsphinx3 libpostproc57
2025-11-18T17:47:25.5938006Z   libproxy1v5 libpulse0 libqrencode4 libraptor2-0 librav1e0 libraw1394-11
2025-11-18T17:47:25.5938852Z   librist4 librsvg2-2 librubberband2 libsamplerate0 libsbc1 libsdl2-2.0-0
2025-11-18T17:47:25.5940164Z   libsecret-1-0 libsecret-common libserd-0-0 libshine3 libshout3 libsndfile1
2025-11-18T17:47:25.5941021Z   libsndio7.0 libsord-0-0 libsoundtouch1 libsoup-3.0-0 libsoup-3.0-common
2025-11-18T17:47:25.5941889Z   libsoxr0 libspa-0.2-modules libspandsp2t64 libspeex1 libsphinxbase3t64
2025-11-18T17:47:25.5942856Z   libsratom-0-0 libsrt1.5-gnutls libsrtp2-1 libssh-gcrypt-4 libsvtav1enc1d1
2025-11-18T17:47:25.5943860Z   libswresample4 libswscale7 libtag1v5 libtag1v5-vanilla libtheora0
2025-11-18T17:47:25.5944666Z   libtwolame0 libudfread0 libunibreak5 libv4l-0t64 libv4lconvert0t64
2025-11-18T17:47:25.5945472Z   libva-drm2 libva-x11-2 libva2 libvdpau1 libvidstab1.1 libvisual-0.4-0
2025-11-18T17:47:25.5946291Z   libvo-aacenc0 libvo-amrwbenc0 libvorbisenc2 libvpl2 libvpx9 libwavpack1
2025-11-18T17:47:25.5947179Z   libwebrtc-audio-processing1 libwildmidi2 libwoff1 libx264-164 libx265-199
2025-11-18T17:47:25.5948020Z   libxcb-xkb1 libxkbcommon-x11-0 libxvidcore4 libyuv0 libzbar0t64 libzimg2
2025-11-18T17:47:25.5948789Z   libzix-0-0 libzvbi-common libzvbi0t64 libzxing3 ocl-icd-libopencl1
2025-11-18T17:47:25.5949559Z   session-migration timgm6mb-soundfont xfonts-cyrillic xfonts-encodings
2025-11-18T17:47:25.5950173Z   xfonts-scalable xfonts-utils
2025-11-18T17:47:25.5950648Z The following packages will be upgraded:
2025-11-18T17:47:25.5951045Z   libssh-4
2025-11-18T17:47:25.6171590Z 1 upgraded, 179 newly installed, 0 to remove and 28 not upgraded.
2025-11-18T17:47:25.6176322Z Need to get 114 MB of archives.
2025-11-18T17:47:25.6176998Z After this operation, 363 MB of additional disk space will be used.
2025-11-18T17:47:25.6177764Z Get:1 file:/etc/apt/apt-mirrors.txt Mirrorlist [144 B]
2025-11-18T17:47:25.8013447Z Get:2 http://azure.archive.ubuntu.com/ubuntu noble/universe amd64 fonts-ipafont-gothic all 00303-21ubuntu1 [3513 kB]
2025-11-18T17:47:26.2221941Z Get:3 http://azure.archive.ubuntu.com/ubuntu noble/main amd64 fonts-freefont-ttf all 20211204+svn4273-2 [5641 kB]
2025-11-18T17:47:26.3516834Z Get:4 http://azure.archive.ubuntu.com/ubuntu noble/universe amd64 fonts-tlwg-loma-otf all 1:0.7.3-1 [107 kB]
2025-11-18T17:47:26.4138649Z Get:5 http://azure.archive.ubuntu.com/ubuntu noble/universe amd64 fonts-unifont all 1:15.1.01-1build1 [2993 kB]
2025-11-18T17:47:26.4875887Z Get:6 http://azure.archive.ubuntu.com/ubuntu noble/universe amd64 fonts-wqy-zenhei all 0.9.45-8 [7472 kB]
2025-11-18T17:47:26.6439987Z Get:7 http://azure.archive.ubuntu.com/ubuntu noble/main amd64 libproxy1v5 amd64 0.5.4-4build1 [26.5 kB]
2025-11-18T17:47:26.6930503Z Get:8 http://azure.archive.ubuntu.com/ubuntu noble/main amd64 glib-networking-common all 2.80.0-1build1 [6702 B]
2025-11-18T17:47:26.7461457Z Get:9 http://azure.archive.ubuntu.com/ubuntu noble/main amd64 glib-networking-services amd64 2.80.0-1build1 [12.8 kB]
2025-11-18T17:47:26.7944132Z Get:10 http://azure.archive.ubuntu.com/ubuntu noble/main amd64 session-migration amd64 0.3.9build1 [9034 B]
2025-11-18T17:47:26.8430258Z Get:11 http://azure.archive.ubuntu.com/ubuntu noble-updates/main amd64 gsettings-desktop-schemas all 46.1-0ubuntu1 [35.6 kB]
2025-11-18T17:47:26.8921252Z Get:12 http://azure.archive.ubuntu.com/ubuntu noble/main amd64 glib-networking amd64 2.80.0-1build1 [64.1 kB]
2025-11-18T17:47:26.9410675Z Get:13 http://azure.archive.ubuntu.com/ubuntu noble/universe amd64 libva2 amd64 2.20.0-2build1 [66.2 kB]
2025-11-18T17:47:26.9896480Z Get:14 http://azure.archive.ubuntu.com/ubuntu noble/universe amd64 libva-drm2 amd64 2.20.0-2build1 [7124 B]
2025-11-18T17:47:27.0372581Z Get:15 http://azure.archive.ubuntu.com/ubuntu noble/universe amd64 libva-x11-2 amd64 2.20.0-2build1 [12.0 kB]
2025-11-18T17:47:27.0857026Z Get:16 http://azure.archive.ubuntu.com/ubuntu noble/main amd64 libvdpau1 amd64 1.5-2build1 [27.8 kB]
2025-11-18T17:47:27.1335109Z Get:17 http://azure.archive.ubuntu.com/ubuntu noble/universe amd64 libvpl2 amd64 2023.3.0-1build1 [99.8 kB]
2025-11-18T17:47:27.1828889Z Get:18 http://azure.archive.ubuntu.com/ubuntu noble/universe amd64 ocl-icd-libopencl1 amd64 2.3.2-1build1 [38.5 kB]
2025-11-18T17:47:27.2308525Z Get:19 http://azure.archive.ubuntu.com/ubuntu noble/universe amd64 libavutil58 amd64 7:6.1.1-3ubuntu5 [401 kB]
2025-11-18T17:47:27.2848628Z Get:20 http://azure.archive.ubuntu.com/ubuntu noble/universe amd64 libcodec2-1.2 amd64 1.2.0-2build1 [8998 kB]
2025-11-18T17:47:27.4627873Z Get:21 http://azure.archive.ubuntu.com/ubuntu noble/universe amd64 libdav1d7 amd64 1.4.1-1build1 [604 kB]
2025-11-18T17:47:27.5171641Z Get:22 http://azure.archive.ubuntu.com/ubuntu noble/universe amd64 libgsm1 amd64 1.0.22-1build1 [27.8 kB]
2025-11-18T17:47:27.5645091Z Get:23 http://azure.archive.ubuntu.com/ubuntu noble/universe amd64 libhwy1t64 amd64 1.0.7-8.1build1 [584 kB]
2025-11-18T17:47:27.6192297Z Get:24 http://azure.archive.ubuntu.com/ubuntu noble-updates/universe amd64 libjxl0.7 amd64 0.7.0-10.2ubuntu6.1 [1001 kB]
2025-11-18T17:47:27.6815911Z Get:25 http://azure.archive.ubuntu.com/ubuntu noble/main amd64 libmp3lame0 amd64 3.100-6build1 [142 kB]
2025-11-18T17:47:27.7299804Z Get:26 http://azure.archive.ubuntu.com/ubuntu noble/main amd64 libopus0 amd64 1.4-1build1 [208 kB]
2025-11-18T17:47:27.7881210Z Get:27 http://azure.archive.ubuntu.com/ubuntu noble/universe amd64 librav1e0 amd64 0.7.1-2 [1022 kB]
2025-11-18T17:47:27.8506517Z Get:28 http://azure.archive.ubuntu.com/ubuntu noble/main amd64 librsvg2-2 amd64 2.58.0+dfsg-1build1 [2135 kB]
2025-11-18T17:47:27.9161183Z Get:29 http://azure.archive.ubuntu.com/ubuntu noble/universe amd64 libshine3 amd64 3.1.1-2build1 [23.2 kB]
2025-11-18T17:47:27.9649664Z Get:30 http://azure.archive.ubuntu.com/ubuntu noble-updates/main amd64 libspeex1 amd64 1.2.1-2ubuntu2.24.04.1 [59.6 kB]
2025-11-18T17:47:28.0154828Z Get:31 http://azure.archive.ubuntu.com/ubuntu noble/universe amd64 libsvtav1enc1d1 amd64 1.7.0+dfsg-2build1 [2425 kB]
2025-11-18T17:47:28.0844654Z Get:32 http://azure.archive.ubuntu.com/ubuntu noble/universe amd64 libsoxr0 amd64 0.1.3-4build3 [80.0 kB]
2025-11-18T17:47:28.1342703Z Get:33 http://azure.archive.ubuntu.com/ubuntu noble/universe amd64 libswresample4 amd64 7:6.1.1-3ubuntu5 [63.8 kB]
2025-11-18T17:47:28.1832144Z Get:34 http://azure.archive.ubuntu.com/ubuntu noble/main amd64 libtheora0 amd64 1.1.1+dfsg.1-16.1build3 [211 kB]
2025-11-18T17:47:28.2342979Z Get:35 http://azure.archive.ubuntu.com/ubuntu noble/main amd64 libtwolame0 amd64 0.4.0-2build3 [52.3 kB]
2025-11-18T17:47:28.2835185Z Get:36 http://azure.archive.ubuntu.com/ubuntu noble/main amd64 libvorbisenc2 amd64 1.3.7-1build3 [80.8 kB]
2025-11-18T17:47:28.3347867Z Get:37 http://azure.archive.ubuntu.com/ubuntu noble-updates/main amd64 libvpx9 amd64 1.14.0-1ubuntu2.2 [1143 kB]
2025-11-18T17:47:28.3953985Z Get:38 http://azure.archive.ubuntu.com/ubuntu noble/universe amd64 libx264-164 amd64 2:0.164.3108+git31e19f9-1 [604 kB]
2025-11-18T17:47:28.4534589Z Get:39 http://azure.archive.ubuntu.com/ubuntu noble/universe amd64 libx265-199 amd64 3.5-2build1 [1226 kB]
2025-11-18T17:47:28.5176392Z Get:40 http://azure.archive.ubuntu.com/ubuntu noble/universe amd64 libxvidcore4 amd64 2:1.3.7-1build1 [219 kB]
2025-11-18T17:47:28.5681264Z Get:41 http://azure.archive.ubuntu.com/ubuntu noble/universe amd64 libzvbi-common all 0.2.42-2 [42.4 kB]
2025-11-18T17:47:28.6176416Z Get:42 http://azure.archive.ubuntu.com/ubuntu noble/universe amd64 libzvbi0t64 amd64 0.2.42-2 [261 kB]
2025-11-18T17:47:28.6705695Z Get:43 http://azure.archive.ubuntu.com/ubuntu noble/universe amd64 libavcodec60 amd64 7:6.1.1-3ubuntu5 [5851 kB]
2025-11-18T17:47:28.7968654Z Get:44 http://azure.archive.ubuntu.com/ubuntu noble/universe amd64 libunibreak5 amd64 5.1-2build1 [25.0 kB]
2025-11-18T17:47:28.8463774Z Get:45 http://azure.archive.ubuntu.com/ubuntu noble/universe amd64 libass9 amd64 1:0.17.1-2build1 [104 kB]
2025-11-18T17:47:28.8959310Z Get:46 http://azure.archive.ubuntu.com/ubuntu noble/universe amd64 libudfread0 amd64 1.1.2-1build1 [19.0 kB]
2025-11-18T17:47:28.9452300Z Get:47 http://azure.archive.ubuntu.com/ubuntu noble/universe amd64 libbluray2 amd64 1:1.3.4-1build1 [159 kB]
2025-11-18T17:47:29.0008287Z Get:48 http://azure.archive.ubuntu.com/ubuntu noble/universe amd64 libchromaprint1 amd64 1.5.1-5 [30.5 kB]
2025-11-18T17:47:29.0500725Z Get:49 http://azure.archive.ubuntu.com/ubuntu noble/universe amd64 libgme0 amd64 0.6.3-7build1 [134 kB]
2025-11-18T17:47:29.1004532Z Get:50 http://azure.archive.ubuntu.com/ubuntu noble-updates/main amd64 libmpg123-0t64 amd64 1.32.5-1ubuntu1.1 [169 kB]
2025-11-18T17:47:29.1508798Z Get:51 http://azure.archive.ubuntu.com/ubuntu noble/universe amd64 libopenmpt0t64 amd64 0.7.3-1.1build3 [647 kB]
2025-11-18T17:47:29.2078111Z Get:52 http://azure.archive.ubuntu.com/ubuntu noble/universe amd64 libcjson1 amd64 1.7.17-1 [24.8 kB]
2025-11-18T17:47:29.2565868Z Get:53 http://azure.archive.ubuntu.com/ubuntu noble/universe amd64 libmbedcrypto7t64 amd64 2.28.8-1 [209 kB]
2025-11-18T17:47:29.3073178Z Get:54 http://azure.archive.ubuntu.com/ubuntu noble/universe amd64 librist4 amd64 0.2.10+dfsg-2 [74.9 kB]
2025-11-18T17:47:29.3561014Z Get:55 http://azure.archive.ubuntu.com/ubuntu noble/universe amd64 libsrt1.5-gnutls amd64 1.5.3-1build2 [316 kB]
2025-11-18T17:47:29.4085063Z Get:56 http://azure.archive.ubuntu.com/ubuntu noble-updates/main amd64 libssh-gcrypt-4 amd64 0.10.6-2ubuntu0.2 [224 kB]
2025-11-18T17:47:29.4596098Z Get:57 http://azure.archive.ubuntu.com/ubuntu noble/universe amd64 libavformat60 amd64 7:6.1.1-3ubuntu5 [1153 kB]
2025-11-18T17:47:29.5240709Z Get:58 http://azure.archive.ubuntu.com/ubuntu noble/universe amd64 libbs2b0 amd64 3.1.0+dfsg-7build1 [10.6 kB]
2025-11-18T17:47:29.5730814Z Get:59 http://azure.archive.ubuntu.com/ubuntu noble/universe amd64 libflite1 amd64 2.2-6build3 [13.6 MB]
2025-11-18T17:47:29.8255645Z Get:60 http://azure.archive.ubuntu.com/ubuntu noble/universe amd64 libserd-0-0 amd64 0.32.2-1 [43.6 kB]
2025-11-18T17:47:29.8757772Z Get:61 http://azure.archive.ubuntu.com/ubuntu noble/universe amd64 libzix-0-0 amd64 0.4.2-2build1 [23.6 kB]
2025-11-18T17:47:29.9246954Z Get:62 http://azure.archive.ubuntu.com/ubuntu noble/universe amd64 libsord-0-0 amd64 0.16.16-2build1 [15.8 kB]
2025-11-18T17:47:29.9733463Z Get:63 http://azure.archive.ubuntu.com/ubuntu noble/universe amd64 libsratom-0-0 amd64 0.6.16-1build1 [17.3 kB]
2025-11-18T17:47:30.0218837Z Get:64 http://azure.archive.ubuntu.com/ubuntu noble/universe amd64 liblilv-0-0 amd64 0.24.22-1build1 [41.0 kB]
2025-11-18T17:47:30.0719700Z Get:65 http://azure.archive.ubuntu.com/ubuntu noble/universe amd64 libmysofa1 amd64 1.3.2+dfsg-2ubuntu2 [1158 kB]
2025-11-18T17:47:30.1357791Z Get:66 http://azure.archive.ubuntu.com/ubuntu noble/universe amd64 libplacebo338 amd64 6.338.2-2build1 [2654 kB]
2025-11-18T17:47:30.2221600Z Get:67 http://azure.archive.ubuntu.com/ubuntu noble-updates/main amd64 libblas3 amd64 3.12.0-3build1.1 [238 kB]
2025-11-18T17:47:30.2726057Z Get:68 http://azure.archive.ubuntu.com/ubuntu noble-updates/main amd64 liblapack3 amd64 3.12.0-3build1.1 [2646 kB]
2025-11-18T17:47:30.3596132Z Get:69 http://azure.archive.ubuntu.com/ubuntu noble/main amd64 libasyncns0 amd64 0.8-6build4 [11.3 kB]
2025-11-18T17:47:30.4077753Z Get:70 http://azure.archive.ubuntu.com/ubuntu noble/main amd64 libflac12t64 amd64 1.4.3+ds-2.1ubuntu2 [197 kB]
2025-11-18T17:47:30.4570726Z Get:71 http://azure.archive.ubuntu.com/ubuntu noble-updates/main amd64 libsndfile1 amd64 1.2.2-1ubuntu5.24.04.1 [209 kB]
2025-11-18T17:47:30.5191366Z Get:72 http://azure.archive.ubuntu.com/ubuntu noble-updates/main amd64 libpulse0 amd64 1:16.1+dfsg1-2ubuntu10.1 [292 kB]
2025-11-18T17:47:30.5904653Z Get:73 http://azure.archive.ubuntu.com/ubuntu noble/universe amd64 libsphinxbase3t64 amd64 0.8+5prealpha+1-17build2 [126 kB]
2025-11-18T17:47:30.6460017Z Get:74 http://azure.archive.ubuntu.com/ubuntu noble/universe amd64 libpocketsphinx3 amd64 0.8.0+real5prealpha+1-15ubuntu5 [133 kB]
2025-11-18T17:47:30.7022174Z Get:75 http://azure.archive.ubuntu.com/ubuntu noble/universe amd64 libpostproc57 amd64 7:6.1.1-3ubuntu5 [49.9 kB]
2025-11-18T17:47:30.7519809Z Get:76 http://azure.archive.ubuntu.com/ubuntu noble/main amd64 libsamplerate0 amd64 0.2.2-4build1 [1344 kB]
2025-11-18T17:47:30.8924692Z Get:77 http://azure.archive.ubuntu.com/ubuntu noble/universe amd64 librubberband2 amd64 3.3.0+dfsg-2build1 [130 kB]
2025-11-18T17:47:30.9406844Z Get:78 http://azure.archive.ubuntu.com/ubuntu noble/universe amd64 libswscale7 amd64 7:6.1.1-3ubuntu5 [193 kB]
2025-11-18T17:47:30.9906795Z Get:79 http://azure.archive.ubuntu.com/ubuntu noble/universe amd64 libvidstab1.1 amd64 1.1.0-2build1 [38.5 kB]
2025-11-18T17:47:31.0375981Z Get:80 http://azure.archive.ubuntu.com/ubuntu noble/universe amd64 libzimg2 amd64 3.0.5+ds1-1build1 [254 kB]
2025-11-18T17:47:31.0877679Z Get:81 http://azure.archive.ubuntu.com/ubuntu noble/universe amd64 libavfilter9 amd64 7:6.1.1-3ubuntu5 [4235 kB]
2025-11-18T17:47:31.2251777Z Get:82 http://azure.archive.ubuntu.com/ubuntu noble-updates/main amd64 liborc-0.4-0t64 amd64 1:0.4.38-1ubuntu0.1 [207 kB]
2025-11-18T17:47:31.2733568Z Get:83 http://azure.archive.ubuntu.com/ubuntu noble-updates/main amd64 libgstreamer-plugins-base1.0-0 amd64 1.24.2-1ubuntu0.3 [862 kB]
2025-11-18T17:47:31.3309493Z Get:84 http://azure.archive.ubuntu.com/ubuntu noble/universe amd64 gstreamer1.0-libav amd64 1.24.1-1build1 [103 kB]
2025-11-18T17:47:31.3784561Z Get:85 http://azure.archive.ubuntu.com/ubuntu noble/main amd64 libcdparanoia0 amd64 3.10.2+debian-14build3 [48.5 kB]
2025-11-18T17:47:31.4328788Z Get:86 http://azure.archive.ubuntu.com/ubuntu noble/main amd64 libvisual-0.4-0 amd64 0.4.2-2build1 [115 kB]
2025-11-18T17:47:31.4816190Z Get:87 http://azure.archive.ubuntu.com/ubuntu noble-updates/main amd64 gstreamer1.0-plugins-base amd64 1.24.2-1ubuntu0.3 [721 kB]
2025-11-18T17:47:31.5356727Z Get:88 http://azure.archive.ubuntu.com/ubuntu noble/main amd64 libaa1 amd64 1.4p5-51.1 [49.9 kB]
2025-11-18T17:47:31.5856254Z Get:89 http://azure.archive.ubuntu.com/ubuntu noble/main amd64 libraw1394-11 amd64 2.1.2-2build3 [26.2 kB]
2025-11-18T17:47:31.6327718Z Get:90 http://azure.archive.ubuntu.com/ubuntu noble/main amd64 libavc1394-0 amd64 0.5.4-5build3 [15.4 kB]
2025-11-18T17:47:31.6796579Z Get:91 http://azure.archive.ubuntu.com/ubuntu noble/main amd64 libcaca0 amd64 0.99.beta20-4build2 [208 kB]
2025-11-18T17:47:31.7289402Z Get:92 http://azure.archive.ubuntu.com/ubuntu noble/main amd64 libdv4t64 amd64 1.0.0-17.1build1 [63.2 kB]
2025-11-18T17:47:31.7763153Z Get:93 http://azure.archive.ubuntu.com/ubuntu noble-updates/main amd64 libgstreamer-plugins-good1.0-0 amd64 1.24.2-1ubuntu1.2 [33.0 kB]
2025-11-18T17:47:31.8237412Z Get:94 http://azure.archive.ubuntu.com/ubuntu noble/main amd64 libiec61883-0 amd64 1.2.0-6build1 [24.5 kB]
2025-11-18T17:47:31.8713611Z Get:95 http://azure.archive.ubuntu.com/ubuntu noble/main amd64 libshout3 amd64 2.4.6-1build2 [50.3 kB]
2025-11-18T17:47:31.9187045Z Get:96 http://azure.archive.ubuntu.com/ubuntu noble/main amd64 libtag1v5-vanilla amd64 1.13.1-1build1 [326 kB]
2025-11-18T17:47:31.9678188Z Get:97 http://azure.archive.ubuntu.com/ubuntu noble/main amd64 libtag1v5 amd64 1.13.1-1build1 [11.7 kB]
2025-11-18T17:47:32.0148852Z Get:98 http://azure.archive.ubuntu.com/ubuntu noble/main amd64 libv4lconvert0t64 amd64 1.26.1-4build3 [87.6 kB]
2025-11-18T17:47:32.0623544Z Get:99 http://azure.archive.ubuntu.com/ubuntu noble/main amd64 libv4l-0t64 amd64 1.26.1-4build3 [46.9 kB]
2025-11-18T17:47:32.1105747Z Get:100 http://azure.archive.ubuntu.com/ubuntu noble/main amd64 libwavpack1 amd64 5.6.0-1build1 [84.6 kB]
2025-11-18T17:47:32.1580469Z Get:101 http://azure.archive.ubuntu.com/ubuntu noble-updates/main amd64 libsoup-3.0-common all 3.4.4-5ubuntu0.5 [11.3 kB]
2025-11-18T17:47:32.2049109Z Get:102 http://azure.archive.ubuntu.com/ubuntu noble-updates/main amd64 libsoup-3.0-0 amd64 3.4.4-5ubuntu0.5 [291 kB]
2025-11-18T17:47:32.2575069Z Get:103 http://azure.archive.ubuntu.com/ubuntu noble-updates/main amd64 gstreamer1.0-plugins-good amd64 1.24.2-1ubuntu1.2 [2238 kB]
2025-11-18T17:47:32.3382954Z Get:104 http://azure.archive.ubuntu.com/ubuntu noble-updates/main amd64 libabsl20220623t64 amd64 20220623.1-3.1ubuntu3.2 [423 kB]
2025-11-18T17:47:32.3918975Z Get:105 http://azure.archive.ubuntu.com/ubuntu noble/universe amd64 libgav1-1 amd64 0.18.0-1build3 [357 kB]
2025-11-18T17:47:32.4440891Z Get:106 http://azure.archive.ubuntu.com/ubuntu noble/universe amd64 libyuv0 amd64 0.0~git202401110.af6ac82-1 [178 kB]
2025-11-18T17:47:32.4945850Z Get:107 http://azure.archive.ubuntu.com/ubuntu noble/universe amd64 libavif16 amd64 1.0.4-1ubuntu3 [91.2 kB]
2025-11-18T17:47:32.5438644Z Get:108 http://azure.archive.ubuntu.com/ubuntu noble/universe amd64 libavtp0 amd64 0.2.0-1build1 [6414 B]
2025-11-18T17:47:32.5930025Z Get:109 http://azure.archive.ubuntu.com/ubuntu noble/main amd64 libcairo-script-interpreter2 amd64 1.18.0-3build1 [60.3 kB]
2025-11-18T17:47:32.6418572Z Get:110 http://azure.archive.ubuntu.com/ubuntu noble/universe amd64 libdc1394-25 amd64 2.2.6-4build1 [90.1 kB]
2025-11-18T17:47:32.6916598Z Get:111 http://azure.archive.ubuntu.com/ubuntu noble/main amd64 libdecor-0-0 amd64 0.2.2-1build2 [16.5 kB]
2025-11-18T17:47:32.7404136Z Get:112 http://azure.archive.ubuntu.com/ubuntu noble/main amd64 libgles2 amd64 1.7.0-1build1 [17.1 kB]
2025-11-18T17:47:32.7889288Z Get:113 http://azure.archive.ubuntu.com/ubuntu noble/universe amd64 libdirectfb-1.7-7t64 amd64 1.7.7-11.1ubuntu2 [1035 kB]
2025-11-18T17:47:32.8519843Z Get:114 http://azure.archive.ubuntu.com/ubuntu noble/universe amd64 libdvdread8t64 amd64 6.1.3-1.1build1 [54.7 kB]
2025-11-18T17:47:32.9007096Z Get:115 http://azure.archive.ubuntu.com/ubuntu noble/universe amd64 libdvdnav4 amd64 6.1.1-3build1 [39.5 kB]
2025-11-18T17:47:32.9548630Z Get:116 http://azure.archive.ubuntu.com/ubuntu noble-updates/main amd64 libegl-mesa0 amd64 25.0.7-0ubuntu0.24.04.2 [124 kB]
2025-11-18T17:47:33.0019342Z Get:117 http://azure.archive.ubuntu.com/ubuntu noble/main amd64 libevent-2.1-7t64 amd64 2.1.12-stable-9ubuntu2 [145 kB]
2025-11-18T17:47:33.0519329Z Get:118 http://azure.archive.ubuntu.com/ubuntu noble/universe amd64 libfaad2 amd64 2.11.1-1build1 [207 kB]
2025-11-18T17:47:33.1017627Z Get:119 http://azure.archive.ubuntu.com/ubuntu noble/universe amd64 libinstpatch-1.0-2 amd64 1.1.6-1build2 [251 kB]
2025-11-18T17:47:33.1533940Z Get:120 http://azure.archive.ubuntu.com/ubuntu noble/main amd64 libjack-jackd2-0 amd64 1.9.21~dfsg-3ubuntu3 [289 kB]
2025-11-18T17:47:33.2053043Z Get:121 http://azure.archive.ubuntu.com/ubuntu noble/main amd64 libwebrtc-audio-processing1 amd64 0.3.1-0ubuntu6 [290 kB]
2025-11-18T17:47:33.2589888Z Get:122 http://azure.archive.ubuntu.com/ubuntu noble-updates/main amd64 libspa-0.2-modules amd64 1.0.5-1ubuntu3.1 [626 kB]
2025-11-18T17:47:33.3155014Z Get:123 http://azure.archive.ubuntu.com/ubuntu noble-updates/main amd64 libpipewire-0.3-0t64 amd64 1.0.5-1ubuntu3.1 [252 kB]
2025-11-18T17:47:33.3664768Z Get:124 http://azure.archive.ubuntu.com/ubuntu noble-updates/main amd64 libsdl2-2.0-0 amd64 2.30.0+dfsg-1ubuntu3.1 [686 kB]
2025-11-18T17:47:33.4241286Z Get:125 http://azure.archive.ubuntu.com/ubuntu noble/universe amd64 timgm6mb-soundfont all 1.3-5 [5427 kB]
2025-11-18T17:47:33.5564217Z Get:126 http://azure.archive.ubuntu.com/ubuntu noble/universe amd64 libfluidsynth3 amd64 2.3.4-1build3 [249 kB]
2025-11-18T17:47:33.6061484Z Get:127 http://azure.archive.ubuntu.com/ubuntu noble/main amd64 libfreeaptx0 amd64 0.1.1-2build1 [13.5 kB]
2025-11-18T17:47:33.6533086Z Get:128 http://azure.archive.ubuntu.com/ubuntu noble/main amd64 libgraphene-1.0-0 amd64 1.10.8-3build2 [46.2 kB]
2025-11-18T17:47:33.7005372Z Get:129 http://azure.archive.ubuntu.com/ubuntu noble/main amd64 libgssdp-1.6-0 amd64 1.6.3-1build3 [40.4 kB]
2025-11-18T17:47:33.7476567Z Get:130 http://azure.archive.ubuntu.com/ubuntu noble/main amd64 libegl1 amd64 1.7.0-1build1 [28.7 kB]
2025-11-18T17:47:33.7950099Z Get:131 http://azure.archive.ubuntu.com/ubuntu noble-updates/main amd64 libgstreamer-gl1.0-0 amd64 1.24.2-1ubuntu0.3 [214 kB]
2025-11-18T17:47:33.8440904Z Get:132 http://azure.archive.ubuntu.com/ubuntu noble-updates/main amd64 libgtk-4-common all 4.14.5+ds-0ubuntu0.5 [1497 kB]
2025-11-18T17:47:33.9117500Z Get:133 http://azure.archive.ubuntu.com/ubuntu noble-updates/main amd64 libgtk-4-1 amd64 4.14.5+ds-0ubuntu0.5 [3293 kB]
2025-11-18T17:47:34.0058051Z Get:134 http://azure.archive.ubuntu.com/ubuntu noble/main amd64 libgupnp-1.6-0 amd64 1.6.6-1build3 [92.7 kB]
2025-11-18T17:47:34.0531010Z Get:135 http://azure.archive.ubuntu.com/ubuntu noble/universe amd64 libgupnp-igd-1.6-0 amd64 1.6.0-3build3 [16.5 kB]
2025-11-18T17:47:34.1006137Z Get:136 http://azure.archive.ubuntu.com/ubuntu noble/main amd64 libharfbuzz-icu0 amd64 8.3.0-2build2 [13.3 kB]
2025-11-18T17:47:34.1476178Z Get:137 http://azure.archive.ubuntu.com/ubuntu noble/main amd64 libhyphen0 amd64 2.8.8-7build3 [26.5 kB]
2025-11-18T17:47:34.1948954Z Get:138 http://azure.archive.ubuntu.com/ubuntu noble/universe amd64 libimath-3-1-29t64 amd64 3.1.9-3.1ubuntu2 [72.2 kB]
2025-11-18T17:47:34.2430747Z Get:139 http://azure.archive.ubuntu.com/ubuntu noble/main amd64 liblc3-1 amd64 1.0.4-3build1 [69.7 kB]
2025-11-18T17:47:34.2907216Z Get:140 http://azure.archive.ubuntu.com/ubuntu noble/main amd64 libldacbt-enc2 amd64 2.0.2.3+git20200429+ed310a0-4ubuntu2 [27.1 kB]
2025-11-18T17:47:34.3378828Z Get:141 http://azure.archive.ubuntu.com/ubuntu noble-updates/main amd64 libraptor2-0 amd64 2.0.16-3ubuntu0.1 [165 kB]
2025-11-18T17:47:34.3867253Z Get:142 http://azure.archive.ubuntu.com/ubuntu noble/universe amd64 liblrdf0 amd64 0.6.1-4build1 [18.5 kB]
2025-11-18T17:47:34.4335089Z Get:143 http://azure.archive.ubuntu.com/ubuntu noble/universe amd64 libltc11 amd64 1.3.2-1build1 [13.0 kB]
2025-11-18T17:47:34.4803241Z Get:144 http://azure.archive.ubuntu.com/ubuntu noble/main amd64 libmanette-0.2-0 amd64 0.2.7-1build2 [30.6 kB]
2025-11-18T17:47:34.5281894Z Get:145 http://azure.archive.ubuntu.com/ubuntu noble/universe amd64 libmfx1 amd64 22.5.4-1 [3124 kB]
2025-11-18T17:47:34.6189666Z Get:146 http://azure.archive.ubuntu.com/ubuntu noble/universe amd64 libmjpegutils-2.1-0t64 amd64 1:2.1.0+debian-8.1build1 [25.5 kB]
2025-11-18T17:47:34.6663545Z Get:147 http://azure.archive.ubuntu.com/ubuntu noble/universe amd64 libmodplug1 amd64 1:0.8.9.0-3build1 [166 kB]
2025-11-18T17:47:34.7145645Z Get:148 http://azure.archive.ubuntu.com/ubuntu noble/universe amd64 libmpcdec6 amd64 2:0.1~r495-2build1 [32.7 kB]
2025-11-18T17:47:34.7617456Z Get:149 http://azure.archive.ubuntu.com/ubuntu noble/universe amd64 libmpeg2encpp-2.1-0t64 amd64 1:2.1.0+debian-8.1build1 [75.6 kB]
2025-11-18T17:47:34.8107250Z Get:150 http://azure.archive.ubuntu.com/ubuntu noble/universe amd64 libmplex2-2.1-0t64 amd64 1:2.1.0+debian-8.1build1 [46.1 kB]
2025-11-18T17:47:34.8577102Z Get:151 http://azure.archive.ubuntu.com/ubuntu noble/universe amd64 libneon27t64 amd64 0.33.0-1.1build3 [102 kB]
2025-11-18T17:47:34.9059425Z Get:152 http://azure.archive.ubuntu.com/ubuntu noble/universe amd64 libnice10 amd64 0.1.21-2build3 [157 kB]
2025-11-18T17:47:34.9540451Z Get:153 http://azure.archive.ubuntu.com/ubuntu noble/universe amd64 libopenal-data all 1:1.23.1-4build1 [161 kB]
2025-11-18T17:47:35.0015834Z Get:154 http://azure.archive.ubuntu.com/ubuntu noble/universe amd64 libopenexr-3-1-30 amd64 3.1.5-5.1build3 [1004 kB]
2025-11-18T17:47:35.0623509Z Get:155 http://azure.archive.ubuntu.com/ubuntu noble/universe amd64 libopenh264-7 amd64 2.4.1+dfsg-1 [409 kB]
2025-11-18T17:47:35.1142288Z Get:156 http://azure.archive.ubuntu.com/ubuntu noble/universe amd64 libopenni2-0 amd64 2.2.0.33+dfsg-18 [370 kB]
2025-11-18T17:47:35.1653220Z Get:157 http://azure.archive.ubuntu.com/ubuntu noble/universe amd64 libqrencode4 amd64 4.1.1-1build2 [25.0 kB]
2025-11-18T17:47:35.2125978Z Get:158 http://azure.archive.ubuntu.com/ubuntu noble/main amd64 libsecret-common all 0.21.4-1build3 [4962 B]
2025-11-18T17:47:35.2596812Z Get:159 http://azure.archive.ubuntu.com/ubuntu noble/main amd64 libsecret-1-0 amd64 0.21.4-1build3 [116 kB]
2025-11-18T17:47:35.3079886Z Get:160 http://azure.archive.ubuntu.com/ubuntu noble/universe amd64 libsndio7.0 amd64 1.9.0-0.3build3 [29.6 kB]
2025-11-18T17:47:35.3548165Z Get:161 http://azure.archive.ubuntu.com/ubuntu noble/universe amd64 libsoundtouch1 amd64 2.3.2+ds1-1build1 [60.5 kB]
2025-11-18T17:47:35.4018547Z Get:162 http://azure.archive.ubuntu.com/ubuntu noble/universe amd64 libspandsp2t64 amd64 0.0.6+dfsg-2.1build1 [311 kB]
2025-11-18T17:47:35.4526354Z Get:163 http://azure.archive.ubuntu.com/ubuntu noble/universe amd64 libsrtp2-1 amd64 2.5.0-3build1 [41.9 kB]
2025-11-18T17:47:35.5003244Z Get:164 http://azure.archive.ubuntu.com/ubuntu noble-updates/main amd64 libssh-4 amd64 0.10.6-2ubuntu0.2 [188 kB]
2025-11-18T17:47:35.5479103Z Get:165 http://azure.archive.ubuntu.com/ubuntu noble/universe amd64 libwildmidi2 amd64 0.4.3-1build3 [68.5 kB]
2025-11-18T17:47:35.5951679Z Get:166 http://azure.archive.ubuntu.com/ubuntu noble/main amd64 libwoff1 amd64 1.0.2-2build1 [45.3 kB]
2025-11-18T17:47:35.6420449Z Get:167 http://azure.archive.ubuntu.com/ubuntu noble/main amd64 libxcb-xkb1 amd64 1.15-1ubuntu2 [32.3 kB]
2025-11-18T17:47:35.6932956Z Get:168 http://azure.archive.ubuntu.com/ubuntu noble/main amd64 libxkbcommon-x11-0 amd64 1.6.0-1build1 [14.5 kB]
2025-11-18T17:47:35.7407145Z Get:169 http://azure.archive.ubuntu.com/ubuntu noble/universe amd64 libzbar0t64 amd64 0.23.93-4build3 [123 kB]
2025-11-18T17:47:35.7891861Z Get:170 http://azure.archive.ubuntu.com/ubuntu noble/universe amd64 libzxing3 amd64 2.2.1-3 [583 kB]
2025-11-18T17:47:35.8430727Z Get:171 http://azure.archive.ubuntu.com/ubuntu noble/main amd64 xfonts-encodings all 1:1.0.5-0ubuntu2 [578 kB]
2025-11-18T17:47:35.8972762Z Get:172 http://azure.archive.ubuntu.com/ubuntu noble/main amd64 xfonts-utils amd64 1:7.7+6build3 [94.4 kB]
2025-11-18T17:47:35.9453440Z Get:173 http://azure.archive.ubuntu.com/ubuntu noble/universe amd64 xfonts-cyrillic all 1:1.0.5+nmu1 [384 kB]
2025-11-18T17:47:35.9970750Z Get:174 http://azure.archive.ubuntu.com/ubuntu noble/main amd64 xfonts-scalable all 1:1.0.3-1.3 [304 kB]
2025-11-18T17:47:36.0494407Z Get:175 http://azure.archive.ubuntu.com/ubuntu noble/universe amd64 libgstreamer-plugins-bad1.0-0 amd64 1.24.2-1ubuntu4 [797 kB]
2025-11-18T17:47:36.1113382Z Get:176 http://azure.archive.ubuntu.com/ubuntu noble/universe amd64 libdca0 amd64 0.0.7-2build1 [93.8 kB]
2025-11-18T17:47:36.1590377Z Get:177 http://azure.archive.ubuntu.com/ubuntu noble/universe amd64 libopenal1 amd64 1:1.23.1-4build1 [540 kB]
2025-11-18T17:47:36.2128708Z Get:178 http://azure.archive.ubuntu.com/ubuntu noble/main amd64 libsbc1 amd64 2.0-1build1 [33.9 kB]
2025-11-18T17:47:36.2602995Z Get:179 http://azure.archive.ubuntu.com/ubuntu noble/universe amd64 libvo-aacenc0 amd64 0.1.3-2build1 [67.8 kB]
2025-11-18T17:47:36.3077489Z Get:180 http://azure.archive.ubuntu.com/ubuntu noble/universe amd64 libvo-amrwbenc0 amd64 0.1.3-2build1 [76.7 kB]
2025-11-18T17:47:36.3554215Z Get:181 http://azure.archive.ubuntu.com/ubuntu noble/universe amd64 gstreamer1.0-plugins-bad amd64 1.24.2-1ubuntu4 [3081 kB]
2025-11-18T17:47:36.8160085Z Fetched 114 MB in 11s (10.6 MB/s)
2025-11-18T17:47:36.8426363Z Selecting previously unselected package fonts-ipafont-gothic.
2025-11-18T17:47:36.8688242Z (Reading database ... 
2025-11-18T17:47:36.8688866Z (Reading database ... 5%
2025-11-18T17:47:36.8689388Z (Reading database ... 10%
2025-11-18T17:47:36.8689886Z (Reading database ... 15%
2025-11-18T17:47:36.8690293Z (Reading database ... 20%
2025-11-18T17:47:36.8690712Z (Reading database ... 25%
2025-11-18T17:47:36.8691113Z (Reading database ... 30%
2025-11-18T17:47:36.8691496Z (Reading database ... 35%
2025-11-18T17:47:36.8691866Z (Reading database ... 40%
2025-11-18T17:47:36.8692249Z (Reading database ... 45%
2025-11-18T17:47:36.8692814Z (Reading database ... 50%
2025-11-18T17:47:36.8787791Z (Reading database ... 55%
2025-11-18T17:47:37.0136442Z (Reading database ... 60%
2025-11-18T17:47:37.1457904Z (Reading database ... 65%
2025-11-18T17:47:37.2111338Z (Reading database ... 70%
2025-11-18T17:47:37.2887791Z (Reading database ... 75%
2025-11-18T17:47:37.4727890Z (Reading database ... 80%
2025-11-18T17:47:37.6620634Z (Reading database ... 85%
2025-11-18T17:47:37.8822583Z (Reading database ... 90%
2025-11-18T17:47:38.0533588Z (Reading database ... 95%
2025-11-18T17:47:38.0534352Z (Reading database ... 100%
2025-11-18T17:47:38.0536888Z (Reading database ... 216225 files and directories currently installed.)
2025-11-18T17:47:38.0576618Z Preparing to unpack .../000-fonts-ipafont-gothic_00303-21ubuntu1_all.deb ...
2025-11-18T17:47:38.0673061Z Unpacking fonts-ipafont-gothic (00303-21ubuntu1) ...
2025-11-18T17:47:38.3065462Z Selecting previously unselected package fonts-freefont-ttf.
2025-11-18T17:47:38.3202468Z Preparing to unpack .../001-fonts-freefont-ttf_20211204+svn4273-2_all.deb ...
2025-11-18T17:47:38.3212193Z Unpacking fonts-freefont-ttf (20211204+svn4273-2) ...
2025-11-18T17:47:38.4106022Z Selecting previously unselected package fonts-tlwg-loma-otf.
2025-11-18T17:47:38.4243258Z Preparing to unpack .../002-fonts-tlwg-loma-otf_1%3a0.7.3-1_all.deb ...
2025-11-18T17:47:38.4253242Z Unpacking fonts-tlwg-loma-otf (1:0.7.3-1) ...
2025-11-18T17:47:38.4468353Z Selecting previously unselected package fonts-unifont.
2025-11-18T17:47:38.4606847Z Preparing to unpack .../003-fonts-unifont_1%3a15.1.01-1build1_all.deb ...
2025-11-18T17:47:38.4615715Z Unpacking fonts-unifont (1:15.1.01-1build1) ...
2025-11-18T17:47:38.5887493Z Selecting previously unselected package fonts-wqy-zenhei.
2025-11-18T17:47:38.6028941Z Preparing to unpack .../004-fonts-wqy-zenhei_0.9.45-8_all.deb ...
2025-11-18T17:47:38.6196578Z Unpacking fonts-wqy-zenhei (0.9.45-8) ...
2025-11-18T17:47:39.0922660Z Selecting previously unselected package libproxy1v5:amd64.
2025-11-18T17:47:39.1058395Z Preparing to unpack .../005-libproxy1v5_0.5.4-4build1_amd64.deb ...
2025-11-18T17:47:39.1076382Z Unpacking libproxy1v5:amd64 (0.5.4-4build1) ...
2025-11-18T17:47:39.1322236Z Selecting previously unselected package glib-networking-common.
2025-11-18T17:47:39.1456759Z Preparing to unpack .../006-glib-networking-common_2.80.0-1build1_all.deb ...
2025-11-18T17:47:39.1465781Z Unpacking glib-networking-common (2.80.0-1build1) ...
2025-11-18T17:47:39.1668471Z Selecting previously unselected package glib-networking-services.
2025-11-18T17:47:39.1800355Z Preparing to unpack .../007-glib-networking-services_2.80.0-1build1_amd64.deb ...
2025-11-18T17:47:39.1810713Z Unpacking glib-networking-services (2.80.0-1build1) ...
2025-11-18T17:47:39.2019087Z Selecting previously unselected package session-migration.
2025-11-18T17:47:39.2148477Z Preparing to unpack .../008-session-migration_0.3.9build1_amd64.deb ...
2025-11-18T17:47:39.2156148Z Unpacking session-migration (0.3.9build1) ...
2025-11-18T17:47:39.2505758Z Selecting previously unselected package gsettings-desktop-schemas.
2025-11-18T17:47:39.2634115Z Preparing to unpack .../009-gsettings-desktop-schemas_46.1-0ubuntu1_all.deb ...
2025-11-18T17:47:39.2641619Z Unpacking gsettings-desktop-schemas (46.1-0ubuntu1) ...
2025-11-18T17:47:39.2944207Z Selecting previously unselected package glib-networking:amd64.
2025-11-18T17:47:39.3072014Z Preparing to unpack .../010-glib-networking_2.80.0-1build1_amd64.deb ...
2025-11-18T17:47:39.3079752Z Unpacking glib-networking:amd64 (2.80.0-1build1) ...
2025-11-18T17:47:39.3304827Z Selecting previously unselected package libva2:amd64.
2025-11-18T17:47:39.3430668Z Preparing to unpack .../011-libva2_2.20.0-2build1_amd64.deb ...
2025-11-18T17:47:39.3457095Z Unpacking libva2:amd64 (2.20.0-2build1) ...
2025-11-18T17:47:39.3693707Z Selecting previously unselected package libva-drm2:amd64.
2025-11-18T17:47:39.3821253Z Preparing to unpack .../012-libva-drm2_2.20.0-2build1_amd64.deb ...
2025-11-18T17:47:39.3829961Z Unpacking libva-drm2:amd64 (2.20.0-2build1) ...
2025-11-18T17:47:39.4056777Z Selecting previously unselected package libva-x11-2:amd64.
2025-11-18T17:47:39.4193705Z Preparing to unpack .../013-libva-x11-2_2.20.0-2build1_amd64.deb ...
2025-11-18T17:47:39.4201297Z Unpacking libva-x11-2:amd64 (2.20.0-2build1) ...
2025-11-18T17:47:39.4408347Z Selecting previously unselected package libvdpau1:amd64.
2025-11-18T17:47:39.4547611Z Preparing to unpack .../014-libvdpau1_1.5-2build1_amd64.deb ...
2025-11-18T17:47:39.4556264Z Unpacking libvdpau1:amd64 (1.5-2build1) ...
2025-11-18T17:47:39.4783478Z Selecting previously unselected package libvpl2.
2025-11-18T17:47:39.4909406Z Preparing to unpack .../015-libvpl2_2023.3.0-1build1_amd64.deb ...
2025-11-18T17:47:39.4933906Z Unpacking libvpl2 (2023.3.0-1build1) ...
2025-11-18T17:47:39.5178461Z Selecting previously unselected package ocl-icd-libopencl1:amd64.
2025-11-18T17:47:39.5304183Z Preparing to unpack .../016-ocl-icd-libopencl1_2.3.2-1build1_amd64.deb ...
2025-11-18T17:47:39.5315372Z Unpacking ocl-icd-libopencl1:amd64 (2.3.2-1build1) ...
2025-11-18T17:47:39.5558497Z Selecting previously unselected package libavutil58:amd64.
2025-11-18T17:47:39.5684842Z Preparing to unpack .../017-libavutil58_7%3a6.1.1-3ubuntu5_amd64.deb ...
2025-11-18T17:47:39.5698821Z Unpacking libavutil58:amd64 (7:6.1.1-3ubuntu5) ...
2025-11-18T17:47:39.5963217Z Selecting previously unselected package libcodec2-1.2:amd64.
2025-11-18T17:47:39.6087543Z Preparing to unpack .../018-libcodec2-1.2_1.2.0-2build1_amd64.deb ...
2025-11-18T17:47:39.6096453Z Unpacking libcodec2-1.2:amd64 (1.2.0-2build1) ...
2025-11-18T17:47:39.6951173Z Selecting previously unselected package libdav1d7:amd64.
2025-11-18T17:47:39.7082736Z Preparing to unpack .../019-libdav1d7_1.4.1-1build1_amd64.deb ...
2025-11-18T17:47:39.7092217Z Unpacking libdav1d7:amd64 (1.4.1-1build1) ...
2025-11-18T17:47:39.7385592Z Selecting previously unselected package libgsm1:amd64.
2025-11-18T17:47:39.7518669Z Preparing to unpack .../020-libgsm1_1.0.22-1build1_amd64.deb ...
2025-11-18T17:47:39.7527534Z Unpacking libgsm1:amd64 (1.0.22-1build1) ...
2025-11-18T17:47:39.7741970Z Selecting previously unselected package libhwy1t64:amd64.
2025-11-18T17:47:39.7871239Z Preparing to unpack .../021-libhwy1t64_1.0.7-8.1build1_amd64.deb ...
2025-11-18T17:47:39.7880983Z Unpacking libhwy1t64:amd64 (1.0.7-8.1build1) ...
2025-11-18T17:47:39.8226888Z Selecting previously unselected package libjxl0.7:amd64.
2025-11-18T17:47:39.8356747Z Preparing to unpack .../022-libjxl0.7_0.7.0-10.2ubuntu6.1_amd64.deb ...
2025-11-18T17:47:39.8365174Z Unpacking libjxl0.7:amd64 (0.7.0-10.2ubuntu6.1) ...
2025-11-18T17:47:39.8726134Z Selecting previously unselected package libmp3lame0:amd64.
2025-11-18T17:47:39.8856583Z Preparing to unpack .../023-libmp3lame0_3.100-6build1_amd64.deb ...
2025-11-18T17:47:39.8865778Z Unpacking libmp3lame0:amd64 (3.100-6build1) ...
2025-11-18T17:47:39.9092937Z Selecting previously unselected package libopus0:amd64.
2025-11-18T17:47:39.9223627Z Preparing to unpack .../024-libopus0_1.4-1build1_amd64.deb ...
2025-11-18T17:47:39.9231725Z Unpacking libopus0:amd64 (1.4-1build1) ...
2025-11-18T17:47:39.9463175Z Selecting previously unselected package librav1e0:amd64.
2025-11-18T17:47:39.9592870Z Preparing to unpack .../025-librav1e0_0.7.1-2_amd64.deb ...
2025-11-18T17:47:39.9600282Z Unpacking librav1e0:amd64 (0.7.1-2) ...
2025-11-18T17:47:39.9951043Z Selecting previously unselected package librsvg2-2:amd64.
2025-11-18T17:47:40.0081456Z Preparing to unpack .../026-librsvg2-2_2.58.0+dfsg-1build1_amd64.deb ...
2025-11-18T17:47:40.0091919Z Unpacking librsvg2-2:amd64 (2.58.0+dfsg-1build1) ...
2025-11-18T17:47:40.0603867Z Selecting previously unselected package libshine3:amd64.
2025-11-18T17:47:40.0740167Z Preparing to unpack .../027-libshine3_3.1.1-2build1_amd64.deb ...
2025-11-18T17:47:40.0748931Z Unpacking libshine3:amd64 (3.1.1-2build1) ...
2025-11-18T17:47:40.0963110Z Selecting previously unselected package libspeex1:amd64.
2025-11-18T17:47:40.1094154Z Preparing to unpack .../028-libspeex1_1.2.1-2ubuntu2.24.04.1_amd64.deb ...
2025-11-18T17:47:40.1103610Z Unpacking libspeex1:amd64 (1.2.1-2ubuntu2.24.04.1) ...
2025-11-18T17:47:40.1348989Z Selecting previously unselected package libsvtav1enc1d1:amd64.
2025-11-18T17:47:40.1479612Z Preparing to unpack .../029-libsvtav1enc1d1_1.7.0+dfsg-2build1_amd64.deb ...
2025-11-18T17:47:40.1489893Z Unpacking libsvtav1enc1d1:amd64 (1.7.0+dfsg-2build1) ...
2025-11-18T17:47:40.2026621Z Selecting previously unselected package libsoxr0:amd64.
2025-11-18T17:47:40.2159180Z Preparing to unpack .../030-libsoxr0_0.1.3-4build3_amd64.deb ...
2025-11-18T17:47:40.2166467Z Unpacking libsoxr0:amd64 (0.1.3-4build3) ...
2025-11-18T17:47:40.2428980Z Selecting previously unselected package libswresample4:amd64.
2025-11-18T17:47:40.2560581Z Preparing to unpack .../031-libswresample4_7%3a6.1.1-3ubuntu5_amd64.deb ...
2025-11-18T17:47:40.2569068Z Unpacking libswresample4:amd64 (7:6.1.1-3ubuntu5) ...
2025-11-18T17:47:40.2787484Z Selecting previously unselected package libtheora0:amd64.
2025-11-18T17:47:40.2916697Z Preparing to unpack .../032-libtheora0_1.1.1+dfsg.1-16.1build3_amd64.deb ...
2025-11-18T17:47:40.2925601Z Unpacking libtheora0:amd64 (1.1.1+dfsg.1-16.1build3) ...
2025-11-18T17:47:40.3179545Z Selecting previously unselected package libtwolame0:amd64.
2025-11-18T17:47:40.3306898Z Preparing to unpack .../033-libtwolame0_0.4.0-2build3_amd64.deb ...
2025-11-18T17:47:40.3319722Z Unpacking libtwolame0:amd64 (0.4.0-2build3) ...
2025-11-18T17:47:40.3563917Z Selecting previously unselected package libvorbisenc2:amd64.
2025-11-18T17:47:40.3676427Z Preparing to unpack .../034-libvorbisenc2_1.3.7-1build3_amd64.deb ...
2025-11-18T17:47:40.3685846Z Unpacking libvorbisenc2:amd64 (1.3.7-1build3) ...
2025-11-18T17:47:40.3931483Z Selecting previously unselected package libvpx9:amd64.
2025-11-18T17:47:40.4060719Z Preparing to unpack .../035-libvpx9_1.14.0-1ubuntu2.2_amd64.deb ...
2025-11-18T17:47:40.4071244Z Unpacking libvpx9:amd64 (1.14.0-1ubuntu2.2) ...
2025-11-18T17:47:40.5853146Z Selecting previously unselected package libx264-164:amd64.
2025-11-18T17:47:40.5984119Z Preparing to unpack .../036-libx264-164_2%3a0.164.3108+git31e19f9-1_amd64.deb ...
2025-11-18T17:47:40.5992498Z Unpacking libx264-164:amd64 (2:0.164.3108+git31e19f9-1) ...
2025-11-18T17:47:40.6311382Z Selecting previously unselected package libx265-199:amd64.
2025-11-18T17:47:40.6443174Z Preparing to unpack .../037-libx265-199_3.5-2build1_amd64.deb ...
2025-11-18T17:47:40.6451575Z Unpacking libx265-199:amd64 (3.5-2build1) ...
2025-11-18T17:47:40.7224267Z Selecting previously unselected package libxvidcore4:amd64.
2025-11-18T17:47:40.7360168Z Preparing to unpack .../038-libxvidcore4_2%3a1.3.7-1build1_amd64.deb ...
2025-11-18T17:47:40.7372872Z Unpacking libxvidcore4:amd64 (2:1.3.7-1build1) ...
2025-11-18T17:47:40.7606076Z Selecting previously unselected package libzvbi-common.
2025-11-18T17:47:40.7736563Z Preparing to unpack .../039-libzvbi-common_0.2.42-2_all.deb ...
2025-11-18T17:47:40.7744857Z Unpacking libzvbi-common (0.2.42-2) ...
2025-11-18T17:47:40.8367868Z Selecting previously unselected package libzvbi0t64:amd64.
2025-11-18T17:47:40.8498819Z Preparing to unpack .../040-libzvbi0t64_0.2.42-2_amd64.deb ...
2025-11-18T17:47:40.8508824Z Unpacking libzvbi0t64:amd64 (0.2.42-2) ...
2025-11-18T17:47:40.8787879Z Selecting previously unselected package libavcodec60:amd64.
2025-11-18T17:47:40.8916350Z Preparing to unpack .../041-libavcodec60_7%3a6.1.1-3ubuntu5_amd64.deb ...
2025-11-18T17:47:40.8927615Z Unpacking libavcodec60:amd64 (7:6.1.1-3ubuntu5) ...
2025-11-18T17:47:40.9978024Z Selecting previously unselected package libunibreak5:amd64.
2025-11-18T17:47:41.0110617Z Preparing to unpack .../042-libunibreak5_5.1-2build1_amd64.deb ...
2025-11-18T17:47:41.0119867Z Unpacking libunibreak5:amd64 (5.1-2build1) ...
2025-11-18T17:47:41.0344787Z Selecting previously unselected package libass9:amd64.
2025-11-18T17:47:41.0474696Z Preparing to unpack .../043-libass9_1%3a0.17.1-2build1_amd64.deb ...
2025-11-18T17:47:41.0484611Z Unpacking libass9:amd64 (1:0.17.1-2build1) ...
2025-11-18T17:47:41.0705170Z Selecting previously unselected package libudfread0:amd64.
2025-11-18T17:47:41.0835487Z Preparing to unpack .../044-libudfread0_1.1.2-1build1_amd64.deb ...
2025-11-18T17:47:41.0845612Z Unpacking libudfread0:amd64 (1.1.2-1build1) ...
2025-11-18T17:47:41.1058391Z Selecting previously unselected package libbluray2:amd64.
2025-11-18T17:47:41.1187681Z Preparing to unpack .../045-libbluray2_1%3a1.3.4-1build1_amd64.deb ...
2025-11-18T17:47:41.1196413Z Unpacking libbluray2:amd64 (1:1.3.4-1build1) ...
2025-11-18T17:47:41.1424062Z Selecting previously unselected package libchromaprint1:amd64.
2025-11-18T17:47:41.1555767Z Preparing to unpack .../046-libchromaprint1_1.5.1-5_amd64.deb ...
2025-11-18T17:47:41.1564723Z Unpacking libchromaprint1:amd64 (1.5.1-5) ...
2025-11-18T17:47:41.1781414Z Selecting previously unselected package libgme0:amd64.
2025-11-18T17:47:41.1909424Z Preparing to unpack .../047-libgme0_0.6.3-7build1_amd64.deb ...
2025-11-18T17:47:41.1919669Z Unpacking libgme0:amd64 (0.6.3-7build1) ...
2025-11-18T17:47:41.2146873Z Selecting previously unselected package libmpg123-0t64:amd64.
2025-11-18T17:47:41.2276454Z Preparing to unpack .../048-libmpg123-0t64_1.32.5-1ubuntu1.1_amd64.deb ...
2025-11-18T17:47:41.2284650Z Unpacking libmpg123-0t64:amd64 (1.32.5-1ubuntu1.1) ...
2025-11-18T17:47:41.2536147Z Selecting previously unselected package libopenmpt0t64:amd64.
2025-11-18T17:47:41.2662223Z Preparing to unpack .../049-libopenmpt0t64_0.7.3-1.1build3_amd64.deb ...
2025-11-18T17:47:41.2672576Z Unpacking libopenmpt0t64:amd64 (0.7.3-1.1build3) ...
2025-11-18T17:47:41.2967006Z Selecting previously unselected package libcjson1:amd64.
2025-11-18T17:47:41.3093251Z Preparing to unpack .../050-libcjson1_1.7.17-1_amd64.deb ...
2025-11-18T17:47:41.3100763Z Unpacking libcjson1:amd64 (1.7.17-1) ...
2025-11-18T17:47:41.3313729Z Selecting previously unselected package libmbedcrypto7t64:amd64.
2025-11-18T17:47:41.3438578Z Preparing to unpack .../051-libmbedcrypto7t64_2.28.8-1_amd64.deb ...
2025-11-18T17:47:41.3446415Z Unpacking libmbedcrypto7t64:amd64 (2.28.8-1) ...
2025-11-18T17:47:41.3685015Z Selecting previously unselected package librist4:amd64.
2025-11-18T17:47:41.3808714Z Preparing to unpack .../052-librist4_0.2.10+dfsg-2_amd64.deb ...
2025-11-18T17:47:41.3818345Z Unpacking librist4:amd64 (0.2.10+dfsg-2) ...
2025-11-18T17:47:41.4034532Z Selecting previously unselected package libsrt1.5-gnutls:amd64.
2025-11-18T17:47:41.4158612Z Preparing to unpack .../053-libsrt1.5-gnutls_1.5.3-1build2_amd64.deb ...
2025-11-18T17:47:41.4166889Z Unpacking libsrt1.5-gnutls:amd64 (1.5.3-1build2) ...
2025-11-18T17:47:41.4419631Z Selecting previously unselected package libssh-gcrypt-4:amd64.
2025-11-18T17:47:41.4546790Z Preparing to unpack .../054-libssh-gcrypt-4_0.10.6-2ubuntu0.2_amd64.deb ...
2025-11-18T17:47:41.4555633Z Unpacking libssh-gcrypt-4:amd64 (0.10.6-2ubuntu0.2) ...
2025-11-18T17:47:41.4796547Z Selecting previously unselected package libavformat60:amd64.
2025-11-18T17:47:41.4924439Z Preparing to unpack .../055-libavformat60_7%3a6.1.1-3ubuntu5_amd64.deb ...
2025-11-18T17:47:41.4934856Z Unpacking libavformat60:amd64 (7:6.1.1-3ubuntu5) ...
2025-11-18T17:47:41.5278009Z Selecting previously unselected package libbs2b0:amd64.
2025-11-18T17:47:41.5408094Z Preparing to unpack .../056-libbs2b0_3.1.0+dfsg-7build1_amd64.deb ...
2025-11-18T17:47:41.5415439Z Unpacking libbs2b0:amd64 (3.1.0+dfsg-7build1) ...
2025-11-18T17:47:41.6195937Z Selecting previously unselected package libflite1:amd64.
2025-11-18T17:47:41.6324845Z Preparing to unpack .../057-libflite1_2.2-6build3_amd64.deb ...
2025-11-18T17:47:41.6333230Z Unpacking libflite1:amd64 (2.2-6build3) ...
2025-11-18T17:47:41.7610477Z Selecting previously unselected package libserd-0-0:amd64.
2025-11-18T17:47:41.7746346Z Preparing to unpack .../058-libserd-0-0_0.32.2-1_amd64.deb ...
2025-11-18T17:47:41.7752771Z Unpacking libserd-0-0:amd64 (0.32.2-1) ...
2025-11-18T17:47:41.7965315Z Selecting previously unselected package libzix-0-0:amd64.
2025-11-18T17:47:41.8097625Z Preparing to unpack .../059-libzix-0-0_0.4.2-2build1_amd64.deb ...
2025-11-18T17:47:41.8105669Z Unpacking libzix-0-0:amd64 (0.4.2-2build1) ...
2025-11-18T17:47:41.8316958Z Selecting previously unselected package libsord-0-0:amd64.
2025-11-18T17:47:41.8449083Z Preparing to unpack .../060-libsord-0-0_0.16.16-2build1_amd64.deb ...
2025-11-18T17:47:41.8456956Z Unpacking libsord-0-0:amd64 (0.16.16-2build1) ...
2025-11-18T17:47:41.8693512Z Selecting previously unselected package libsratom-0-0:amd64.
2025-11-18T17:47:41.8823041Z Preparing to unpack .../061-libsratom-0-0_0.6.16-1build1_amd64.deb ...
2025-11-18T17:47:41.8831375Z Unpacking libsratom-0-0:amd64 (0.6.16-1build1) ...
2025-11-18T17:47:41.9044549Z Selecting previously unselected package liblilv-0-0:amd64.
2025-11-18T17:47:41.9174015Z Preparing to unpack .../062-liblilv-0-0_0.24.22-1build1_amd64.deb ...
2025-11-18T17:47:41.9184250Z Unpacking liblilv-0-0:amd64 (0.24.22-1build1) ...
2025-11-18T17:47:41.9398529Z Selecting previously unselected package libmysofa1:amd64.
2025-11-18T17:47:41.9526480Z Preparing to unpack .../063-libmysofa1_1.3.2+dfsg-2ubuntu2_amd64.deb ...
2025-11-18T17:47:41.9535529Z Unpacking libmysofa1:amd64 (1.3.2+dfsg-2ubuntu2) ...
2025-11-18T17:47:41.9807489Z Selecting previously unselected package libplacebo338:amd64.
2025-11-18T17:47:41.9935049Z Preparing to unpack .../064-libplacebo338_6.338.2-2build1_amd64.deb ...
2025-11-18T17:47:41.9956427Z Unpacking libplacebo338:amd64 (6.338.2-2build1) ...
2025-11-18T17:47:42.0571245Z Selecting previously unselected package libblas3:amd64.
2025-11-18T17:47:42.0703141Z Preparing to unpack .../065-libblas3_3.12.0-3build1.1_amd64.deb ...
2025-11-18T17:47:42.0733516Z Unpacking libblas3:amd64 (3.12.0-3build1.1) ...
2025-11-18T17:47:42.0993702Z Selecting previously unselected package liblapack3:amd64.
2025-11-18T17:47:42.1126483Z Preparing to unpack .../066-liblapack3_3.12.0-3build1.1_amd64.deb ...
2025-11-18T17:47:42.1159607Z Unpacking liblapack3:amd64 (3.12.0-3build1.1) ...
2025-11-18T17:47:42.1744007Z Selecting previously unselected package libasyncns0:amd64.
2025-11-18T17:47:42.1879653Z Preparing to unpack .../067-libasyncns0_0.8-6build4_amd64.deb ...
2025-11-18T17:47:42.1887942Z Unpacking libasyncns0:amd64 (0.8-6build4) ...
2025-11-18T17:47:42.2096530Z Selecting previously unselected package libflac12t64:amd64.
2025-11-18T17:47:42.2231168Z Preparing to unpack .../068-libflac12t64_1.4.3+ds-2.1ubuntu2_amd64.deb ...
2025-11-18T17:47:42.2241007Z Unpacking libflac12t64:amd64 (1.4.3+ds-2.1ubuntu2) ...
2025-11-18T17:47:42.2488568Z Selecting previously unselected package libsndfile1:amd64.
2025-11-18T17:47:42.2618506Z Preparing to unpack .../069-libsndfile1_1.2.2-1ubuntu5.24.04.1_amd64.deb ...
2025-11-18T17:47:42.2628209Z Unpacking libsndfile1:amd64 (1.2.2-1ubuntu5.24.04.1) ...
2025-11-18T17:47:42.2905900Z Selecting previously unselected package libpulse0:amd64.
2025-11-18T17:47:42.3033919Z Preparing to unpack .../070-libpulse0_1%3a16.1+dfsg1-2ubuntu10.1_amd64.deb ...
2025-11-18T17:47:42.3096621Z Unpacking libpulse0:amd64 (1:16.1+dfsg1-2ubuntu10.1) ...
2025-11-18T17:47:42.3368011Z Selecting previously unselected package libsphinxbase3t64:amd64.
2025-11-18T17:47:42.3497392Z Preparing to unpack .../071-libsphinxbase3t64_0.8+5prealpha+1-17build2_amd64.deb ...
2025-11-18T17:47:42.3507996Z Unpacking libsphinxbase3t64:amd64 (0.8+5prealpha+1-17build2) ...
2025-11-18T17:47:42.3854254Z Selecting previously unselected package libpocketsphinx3:amd64.
2025-11-18T17:47:42.3985887Z Preparing to unpack .../072-libpocketsphinx3_0.8.0+real5prealpha+1-15ubuntu5_amd64.deb ...
2025-11-18T17:47:42.3995215Z Unpacking libpocketsphinx3:amd64 (0.8.0+real5prealpha+1-15ubuntu5) ...
2025-11-18T17:47:42.4242729Z Selecting previously unselected package libpostproc57:amd64.
2025-11-18T17:47:42.4373358Z Preparing to unpack .../073-libpostproc57_7%3a6.1.1-3ubuntu5_amd64.deb ...
2025-11-18T17:47:42.4381143Z Unpacking libpostproc57:amd64 (7:6.1.1-3ubuntu5) ...
2025-11-18T17:47:42.4599208Z Selecting previously unselected package libsamplerate0:amd64.
2025-11-18T17:47:42.4727364Z Preparing to unpack .../074-libsamplerate0_0.2.2-4build1_amd64.deb ...
2025-11-18T17:47:42.4736608Z Unpacking libsamplerate0:amd64 (0.2.2-4build1) ...
2025-11-18T17:47:42.5021669Z Selecting previously unselected package librubberband2:amd64.
2025-11-18T17:47:42.5148307Z Preparing to unpack .../075-librubberband2_3.3.0+dfsg-2build1_amd64.deb ...
2025-11-18T17:47:42.5157277Z Unpacking librubberband2:amd64 (3.3.0+dfsg-2build1) ...
2025-11-18T17:47:42.5404207Z Selecting previously unselected package libswscale7:amd64.
2025-11-18T17:47:42.5529430Z Preparing to unpack .../076-libswscale7_7%3a6.1.1-3ubuntu5_amd64.deb ...
2025-11-18T17:47:42.5542034Z Unpacking libswscale7:amd64 (7:6.1.1-3ubuntu5) ...
2025-11-18T17:47:42.5792734Z Selecting previously unselected package libvidstab1.1:amd64.
2025-11-18T17:47:42.5928814Z Preparing to unpack .../077-libvidstab1.1_1.1.0-2build1_amd64.deb ...
2025-11-18T17:47:42.5938408Z Unpacking libvidstab1.1:amd64 (1.1.0-2build1) ...
2025-11-18T17:47:42.6156079Z Selecting previously unselected package libzimg2:amd64.
2025-11-18T17:47:42.6286453Z Preparing to unpack .../078-libzimg2_3.0.5+ds1-1build1_amd64.deb ...
2025-11-18T17:47:42.6295678Z Unpacking libzimg2:amd64 (3.0.5+ds1-1build1) ...
2025-11-18T17:47:42.6551589Z Selecting previously unselected package libavfilter9:amd64.
2025-11-18T17:47:42.6677621Z Preparing to unpack .../079-libavfilter9_7%3a6.1.1-3ubuntu5_amd64.deb ...
2025-11-18T17:47:42.6688285Z Unpacking libavfilter9:amd64 (7:6.1.1-3ubuntu5) ...
2025-11-18T17:47:42.7501004Z Selecting previously unselected package liborc-0.4-0t64:amd64.
2025-11-18T17:47:42.7635897Z Preparing to unpack .../080-liborc-0.4-0t64_1%3a0.4.38-1ubuntu0.1_amd64.deb ...
2025-11-18T17:47:42.7644901Z Unpacking liborc-0.4-0t64:amd64 (1:0.4.38-1ubuntu0.1) ...
2025-11-18T17:47:42.7899275Z Selecting previously unselected package libgstreamer-plugins-base1.0-0:amd64.
2025-11-18T17:47:42.8031685Z Preparing to unpack .../081-libgstreamer-plugins-base1.0-0_1.24.2-1ubuntu0.3_amd64.deb ...
2025-11-18T17:47:42.8042023Z Unpacking libgstreamer-plugins-base1.0-0:amd64 (1.24.2-1ubuntu0.3) ...
2025-11-18T17:47:42.8566020Z Selecting previously unselected package gstreamer1.0-libav:amd64.
2025-11-18T17:47:42.8696919Z Preparing to unpack .../082-gstreamer1.0-libav_1.24.1-1build1_amd64.deb ...
2025-11-18T17:47:42.8705079Z Unpacking gstreamer1.0-libav:amd64 (1.24.1-1build1) ...
2025-11-18T17:47:42.8930282Z Selecting previously unselected package libcdparanoia0:amd64.
2025-11-18T17:47:42.9061471Z Preparing to unpack .../083-libcdparanoia0_3.10.2+debian-14build3_amd64.deb ...
2025-11-18T17:47:42.9070374Z Unpacking libcdparanoia0:amd64 (3.10.2+debian-14build3) ...
2025-11-18T17:47:42.9304464Z Selecting previously unselected package libvisual-0.4-0:amd64.
2025-11-18T17:47:42.9435039Z Preparing to unpack .../084-libvisual-0.4-0_0.4.2-2build1_amd64.deb ...
2025-11-18T17:47:42.9451923Z Unpacking libvisual-0.4-0:amd64 (0.4.2-2build1) ...
2025-11-18T17:47:42.9685142Z Selecting previously unselected package gstreamer1.0-plugins-base:amd64.
2025-11-18T17:47:42.9817590Z Preparing to unpack .../085-gstreamer1.0-plugins-base_1.24.2-1ubuntu0.3_amd64.deb ...
2025-11-18T17:47:42.9835528Z Unpacking gstreamer1.0-plugins-base:amd64 (1.24.2-1ubuntu0.3) ...
2025-11-18T17:47:43.0201668Z Selecting previously unselected package libaa1:amd64.
2025-11-18T17:47:43.0334107Z Preparing to unpack .../086-libaa1_1.4p5-51.1_amd64.deb ...
2025-11-18T17:47:43.0343356Z Unpacking libaa1:amd64 (1.4p5-51.1) ...
2025-11-18T17:47:43.0596064Z Selecting previously unselected package libraw1394-11:amd64.
2025-11-18T17:47:43.0723454Z Preparing to unpack .../087-libraw1394-11_2.1.2-2build3_amd64.deb ...
2025-11-18T17:47:43.0731424Z Unpacking libraw1394-11:amd64 (2.1.2-2build3) ...
2025-11-18T17:47:43.0946068Z Selecting previously unselected package libavc1394-0:amd64.
2025-11-18T17:47:43.1074267Z Preparing to unpack .../088-libavc1394-0_0.5.4-5build3_amd64.deb ...
2025-11-18T17:47:43.1084804Z Unpacking libavc1394-0:amd64 (0.5.4-5build3) ...
2025-11-18T17:47:43.1295398Z Selecting previously unselected package libcaca0:amd64.
2025-11-18T17:47:43.1420989Z Preparing to unpack .../089-libcaca0_0.99.beta20-4build2_amd64.deb ...
2025-11-18T17:47:43.1430184Z Unpacking libcaca0:amd64 (0.99.beta20-4build2) ...
2025-11-18T17:47:43.1711729Z Selecting previously unselected package libdv4t64:amd64.
2025-11-18T17:47:43.1837232Z Preparing to unpack .../090-libdv4t64_1.0.0-17.1build1_amd64.deb ...
2025-11-18T17:47:43.1848079Z Unpacking libdv4t64:amd64 (1.0.0-17.1build1) ...
2025-11-18T17:47:43.2086369Z Selecting previously unselected package libgstreamer-plugins-good1.0-0:amd64.
2025-11-18T17:47:43.2212155Z Preparing to unpack .../091-libgstreamer-plugins-good1.0-0_1.24.2-1ubuntu1.2_amd64.deb ...
2025-11-18T17:47:43.2221324Z Unpacking libgstreamer-plugins-good1.0-0:amd64 (1.24.2-1ubuntu1.2) ...
2025-11-18T17:47:43.2479835Z Selecting previously unselected package libiec61883-0:amd64.
2025-11-18T17:47:43.2604945Z Preparing to unpack .../092-libiec61883-0_1.2.0-6build1_amd64.deb ...
2025-11-18T17:47:43.2613237Z Unpacking libiec61883-0:amd64 (1.2.0-6build1) ...
2025-11-18T17:47:43.2828230Z Selecting previously unselected package libshout3:amd64.
2025-11-18T17:47:43.2953799Z Preparing to unpack .../093-libshout3_2.4.6-1build2_amd64.deb ...
2025-11-18T17:47:43.2960464Z Unpacking libshout3:amd64 (2.4.6-1build2) ...
2025-11-18T17:47:43.3207394Z Selecting previously unselected package libtag1v5-vanilla:amd64.
2025-11-18T17:47:43.3343243Z Preparing to unpack .../094-libtag1v5-vanilla_1.13.1-1build1_amd64.deb ...
2025-11-18T17:47:43.3353227Z Unpacking libtag1v5-vanilla:amd64 (1.13.1-1build1) ...
2025-11-18T17:47:43.3600892Z Selecting previously unselected package libtag1v5:amd64.
2025-11-18T17:47:43.3727973Z Preparing to unpack .../095-libtag1v5_1.13.1-1build1_amd64.deb ...
2025-11-18T17:47:43.3736675Z Unpacking libtag1v5:amd64 (1.13.1-1build1) ...
2025-11-18T17:47:43.3945041Z Selecting previously unselected package libv4lconvert0t64:amd64.
2025-11-18T17:47:43.4070018Z Preparing to unpack .../096-libv4lconvert0t64_1.26.1-4build3_amd64.deb ...
2025-11-18T17:47:43.4079484Z Unpacking libv4lconvert0t64:amd64 (1.26.1-4build3) ...
2025-11-18T17:47:43.4312604Z Selecting previously unselected package libv4l-0t64:amd64.
2025-11-18T17:47:43.4436648Z Preparing to unpack .../097-libv4l-0t64_1.26.1-4build3_amd64.deb ...
2025-11-18T17:47:43.4444617Z Unpacking libv4l-0t64:amd64 (1.26.1-4build3) ...
2025-11-18T17:47:43.4681807Z Selecting previously unselected package libwavpack1:amd64.
2025-11-18T17:47:43.4806412Z Preparing to unpack .../098-libwavpack1_5.6.0-1build1_amd64.deb ...
2025-11-18T17:47:43.4815332Z Unpacking libwavpack1:amd64 (5.6.0-1build1) ...
2025-11-18T17:47:43.5029161Z Selecting previously unselected package libsoup-3.0-common.
2025-11-18T17:47:43.5153155Z Preparing to unpack .../099-libsoup-3.0-common_3.4.4-5ubuntu0.5_all.deb ...
2025-11-18T17:47:43.5159899Z Unpacking libsoup-3.0-common (3.4.4-5ubuntu0.5) ...
2025-11-18T17:47:43.5367107Z Selecting previously unselected package libsoup-3.0-0:amd64.
2025-11-18T17:47:43.5491068Z Preparing to unpack .../100-libsoup-3.0-0_3.4.4-5ubuntu0.5_amd64.deb ...
2025-11-18T17:47:43.5499689Z Unpacking libsoup-3.0-0:amd64 (3.4.4-5ubuntu0.5) ...
2025-11-18T17:47:43.5741754Z Selecting previously unselected package gstreamer1.0-plugins-good:amd64.
2025-11-18T17:47:43.5866346Z Preparing to unpack .../101-gstreamer1.0-plugins-good_1.24.2-1ubuntu1.2_amd64.deb ...
2025-11-18T17:47:43.5876363Z Unpacking gstreamer1.0-plugins-good:amd64 (1.24.2-1ubuntu1.2) ...
2025-11-18T17:47:43.6514428Z Selecting previously unselected package libabsl20220623t64:amd64.
2025-11-18T17:47:43.6647565Z Preparing to unpack .../102-libabsl20220623t64_20220623.1-3.1ubuntu3.2_amd64.deb ...
2025-11-18T17:47:43.6658484Z Unpacking libabsl20220623t64:amd64 (20220623.1-3.1ubuntu3.2) ...
2025-11-18T17:47:43.7120618Z Selecting previously unselected package libgav1-1:amd64.
2025-11-18T17:47:43.7252216Z Preparing to unpack .../103-libgav1-1_0.18.0-1build3_amd64.deb ...
2025-11-18T17:47:43.7279899Z Unpacking libgav1-1:amd64 (0.18.0-1build3) ...
2025-11-18T17:47:43.7529131Z Selecting previously unselected package libyuv0:amd64.
2025-11-18T17:47:43.7660478Z Preparing to unpack .../104-libyuv0_0.0~git202401110.af6ac82-1_amd64.deb ...
2025-11-18T17:47:43.7668135Z Unpacking libyuv0:amd64 (0.0~git202401110.af6ac82-1) ...
2025-11-18T17:47:43.7909946Z Selecting previously unselected package libavif16:amd64.
2025-11-18T17:47:43.8039327Z Preparing to unpack .../105-libavif16_1.0.4-1ubuntu3_amd64.deb ...
2025-11-18T17:47:43.8051042Z Unpacking libavif16:amd64 (1.0.4-1ubuntu3) ...
2025-11-18T17:47:43.8271113Z Selecting previously unselected package libavtp0:amd64.
2025-11-18T17:47:43.8399384Z Preparing to unpack .../106-libavtp0_0.2.0-1build1_amd64.deb ...
2025-11-18T17:47:43.8410225Z Unpacking libavtp0:amd64 (0.2.0-1build1) ...
2025-11-18T17:47:43.8620776Z Selecting previously unselected package libcairo-script-interpreter2:amd64.
2025-11-18T17:47:43.8747409Z Preparing to unpack .../107-libcairo-script-interpreter2_1.18.0-3build1_amd64.deb ...
2025-11-18T17:47:43.8756180Z Unpacking libcairo-script-interpreter2:amd64 (1.18.0-3build1) ...
2025-11-18T17:47:43.8978422Z Selecting previously unselected package libdc1394-25:amd64.
2025-11-18T17:47:43.9104185Z Preparing to unpack .../108-libdc1394-25_2.2.6-4build1_amd64.deb ...
2025-11-18T17:47:43.9114147Z Unpacking libdc1394-25:amd64 (2.2.6-4build1) ...
2025-11-18T17:47:43.9335129Z Selecting previously unselected package libdecor-0-0:amd64.
2025-11-18T17:47:43.9459906Z Preparing to unpack .../109-libdecor-0-0_0.2.2-1build2_amd64.deb ...
2025-11-18T17:47:43.9470096Z Unpacking libdecor-0-0:amd64 (0.2.2-1build2) ...
2025-11-18T17:47:43.9686191Z Selecting previously unselected package libgles2:amd64.
2025-11-18T17:47:43.9810505Z Preparing to unpack .../110-libgles2_1.7.0-1build1_amd64.deb ...
2025-11-18T17:47:43.9819539Z Unpacking libgles2:amd64 (1.7.0-1build1) ...
2025-11-18T17:47:44.0035762Z Selecting previously unselected package libdirectfb-1.7-7t64:amd64.
2025-11-18T17:47:44.0160524Z Preparing to unpack .../111-libdirectfb-1.7-7t64_1.7.7-11.1ubuntu2_amd64.deb ...
2025-11-18T17:47:44.0170442Z Unpacking libdirectfb-1.7-7t64:amd64 (1.7.7-11.1ubuntu2) ...
2025-11-18T17:47:44.0636024Z Selecting previously unselected package libdvdread8t64:amd64.
2025-11-18T17:47:44.0763806Z Preparing to unpack .../112-libdvdread8t64_6.1.3-1.1build1_amd64.deb ...
2025-11-18T17:47:44.0771834Z Unpacking libdvdread8t64:amd64 (6.1.3-1.1build1) ...
2025-11-18T17:47:44.1010560Z Selecting previously unselected package libdvdnav4:amd64.
2025-11-18T17:47:44.1136632Z Preparing to unpack .../113-libdvdnav4_6.1.1-3build1_amd64.deb ...
2025-11-18T17:47:44.1145510Z Unpacking libdvdnav4:amd64 (6.1.1-3build1) ...
2025-11-18T17:47:44.1370812Z Selecting previously unselected package libegl-mesa0:amd64.
2025-11-18T17:47:44.1495867Z Preparing to unpack .../114-libegl-mesa0_25.0.7-0ubuntu0.24.04.2_amd64.deb ...
2025-11-18T17:47:44.1505004Z Unpacking libegl-mesa0:amd64 (25.0.7-0ubuntu0.24.04.2) ...
2025-11-18T17:47:44.1769284Z Selecting previously unselected package libevent-2.1-7t64:amd64.
2025-11-18T17:47:44.1894330Z Preparing to unpack .../115-libevent-2.1-7t64_2.1.12-stable-9ubuntu2_amd64.deb ...
2025-11-18T17:47:44.1903363Z Unpacking libevent-2.1-7t64:amd64 (2.1.12-stable-9ubuntu2) ...
2025-11-18T17:47:44.2148772Z Selecting previously unselected package libfaad2:amd64.
2025-11-18T17:47:44.2273308Z Preparing to unpack .../116-libfaad2_2.11.1-1build1_amd64.deb ...
2025-11-18T17:47:44.2284545Z Unpacking libfaad2:amd64 (2.11.1-1build1) ...
2025-11-18T17:47:44.2539124Z Selecting previously unselected package libinstpatch-1.0-2:amd64.
2025-11-18T17:47:44.2663758Z Preparing to unpack .../117-libinstpatch-1.0-2_1.1.6-1build2_amd64.deb ...
2025-11-18T17:47:44.2674979Z Unpacking libinstpatch-1.0-2:amd64 (1.1.6-1build2) ...
2025-11-18T17:47:44.2923476Z Selecting previously unselected package libjack-jackd2-0:amd64.
2025-11-18T17:47:44.3048264Z Preparing to unpack .../118-libjack-jackd2-0_1.9.21~dfsg-3ubuntu3_amd64.deb ...
2025-11-18T17:47:44.3058420Z Unpacking libjack-jackd2-0:amd64 (1.9.21~dfsg-3ubuntu3) ...
2025-11-18T17:47:44.3324200Z Selecting previously unselected package libwebrtc-audio-processing1:amd64.
2025-11-18T17:47:44.3449986Z Preparing to unpack .../119-libwebrtc-audio-processing1_0.3.1-0ubuntu6_amd64.deb ...
2025-11-18T17:47:44.3459455Z Unpacking libwebrtc-audio-processing1:amd64 (0.3.1-0ubuntu6) ...
2025-11-18T17:47:44.3699447Z Selecting previously unselected package libspa-0.2-modules:amd64.
2025-11-18T17:47:44.3824996Z Preparing to unpack .../120-libspa-0.2-modules_1.0.5-1ubuntu3.1_amd64.deb ...
2025-11-18T17:47:44.3834825Z Unpacking libspa-0.2-modules:amd64 (1.0.5-1ubuntu3.1) ...
2025-11-18T17:47:44.4173657Z Selecting previously unselected package libpipewire-0.3-0t64:amd64.
2025-11-18T17:47:44.4300956Z Preparing to unpack .../121-libpipewire-0.3-0t64_1.0.5-1ubuntu3.1_amd64.deb ...
2025-11-18T17:47:44.4309969Z Unpacking libpipewire-0.3-0t64:amd64 (1.0.5-1ubuntu3.1) ...
2025-11-18T17:47:44.4561884Z Selecting previously unselected package libsdl2-2.0-0:amd64.
2025-11-18T17:47:44.4691086Z Preparing to unpack .../122-libsdl2-2.0-0_2.30.0+dfsg-1ubuntu3.1_amd64.deb ...
2025-11-18T17:47:44.4700476Z Unpacking libsdl2-2.0-0:amd64 (2.30.0+dfsg-1ubuntu3.1) ...
2025-11-18T17:47:44.5008806Z Selecting previously unselected package timgm6mb-soundfont.
2025-11-18T17:47:44.5137606Z Preparing to unpack .../123-timgm6mb-soundfont_1.3-5_all.deb ...
2025-11-18T17:47:44.5146609Z Unpacking timgm6mb-soundfont (1.3-5) ...
2025-11-18T17:47:44.8611062Z Selecting previously unselected package libfluidsynth3:amd64.
2025-11-18T17:47:44.8744406Z Preparing to unpack .../124-libfluidsynth3_2.3.4-1build3_amd64.deb ...
2025-11-18T17:47:44.8754013Z Unpacking libfluidsynth3:amd64 (2.3.4-1build3) ...
2025-11-18T17:47:44.9006609Z Selecting previously unselected package libfreeaptx0:amd64.
2025-11-18T17:47:44.9141447Z Preparing to unpack .../125-libfreeaptx0_0.1.1-2build1_amd64.deb ...
2025-11-18T17:47:44.9154474Z Unpacking libfreeaptx0:amd64 (0.1.1-2build1) ...
2025-11-18T17:47:44.9367643Z Selecting previously unselected package libgraphene-1.0-0:amd64.
2025-11-18T17:47:44.9500953Z Preparing to unpack .../126-libgraphene-1.0-0_1.10.8-3build2_amd64.deb ...
2025-11-18T17:47:44.9515843Z Unpacking libgraphene-1.0-0:amd64 (1.10.8-3build2) ...
2025-11-18T17:47:45.6091936Z Selecting previously unselected package libgssdp-1.6-0:amd64.
2025-11-18T17:47:45.6228605Z Preparing to unpack .../127-libgssdp-1.6-0_1.6.3-1build3_amd64.deb ...
2025-11-18T17:47:45.6237880Z Unpacking libgssdp-1.6-0:amd64 (1.6.3-1build3) ...
2025-11-18T17:47:45.6462951Z Selecting previously unselected package libegl1:amd64.
2025-11-18T17:47:45.6596584Z Preparing to unpack .../128-libegl1_1.7.0-1build1_amd64.deb ...
2025-11-18T17:47:45.6605131Z Unpacking libegl1:amd64 (1.7.0-1build1) ...
2025-11-18T17:47:45.6854222Z Selecting previously unselected package libgstreamer-gl1.0-0:amd64.
2025-11-18T17:47:45.6985535Z Preparing to unpack .../129-libgstreamer-gl1.0-0_1.24.2-1ubuntu0.3_amd64.deb ...
2025-11-18T17:47:45.6995602Z Unpacking libgstreamer-gl1.0-0:amd64 (1.24.2-1ubuntu0.3) ...
2025-11-18T17:47:45.7231685Z Selecting previously unselected package libgtk-4-common.
2025-11-18T17:47:45.7362625Z Preparing to unpack .../130-libgtk-4-common_4.14.5+ds-0ubuntu0.5_all.deb ...
2025-11-18T17:47:45.7371498Z Unpacking libgtk-4-common (4.14.5+ds-0ubuntu0.5) ...
2025-11-18T17:47:45.7924434Z Selecting previously unselected package libgtk-4-1:amd64.
2025-11-18T17:47:45.8057168Z Preparing to unpack .../131-libgtk-4-1_4.14.5+ds-0ubuntu0.5_amd64.deb ...
2025-11-18T17:47:45.8102112Z Unpacking libgtk-4-1:amd64 (4.14.5+ds-0ubuntu0.5) ...
2025-11-18T17:47:45.8845431Z Selecting previously unselected package libgupnp-1.6-0:amd64.
2025-11-18T17:47:45.8983384Z Preparing to unpack .../132-libgupnp-1.6-0_1.6.6-1build3_amd64.deb ...
2025-11-18T17:47:45.8991828Z Unpacking libgupnp-1.6-0:amd64 (1.6.6-1build3) ...
2025-11-18T17:47:45.9230580Z Selecting previously unselected package libgupnp-igd-1.6-0:amd64.
2025-11-18T17:47:45.9367818Z Preparing to unpack .../133-libgupnp-igd-1.6-0_1.6.0-3build3_amd64.deb ...
2025-11-18T17:47:45.9377632Z Unpacking libgupnp-igd-1.6-0:amd64 (1.6.0-3build3) ...
2025-11-18T17:47:45.9605886Z Selecting previously unselected package libharfbuzz-icu0:amd64.
2025-11-18T17:47:45.9740115Z Preparing to unpack .../134-libharfbuzz-icu0_8.3.0-2build2_amd64.deb ...
2025-11-18T17:47:45.9754108Z Unpacking libharfbuzz-icu0:amd64 (8.3.0-2build2) ...
2025-11-18T17:47:45.9974354Z Selecting previously unselected package libhyphen0:amd64.
2025-11-18T17:47:46.0109188Z Preparing to unpack .../135-libhyphen0_2.8.8-7build3_amd64.deb ...
2025-11-18T17:47:46.0117533Z Unpacking libhyphen0:amd64 (2.8.8-7build3) ...
2025-11-18T17:47:46.0342487Z Selecting previously unselected package libimath-3-1-29t64:amd64.
2025-11-18T17:47:46.0480676Z Preparing to unpack .../136-libimath-3-1-29t64_3.1.9-3.1ubuntu2_amd64.deb ...
2025-11-18T17:47:46.0494001Z Unpacking libimath-3-1-29t64:amd64 (3.1.9-3.1ubuntu2) ...
2025-11-18T17:47:46.0779212Z Selecting previously unselected package liblc3-1:amd64.
2025-11-18T17:47:46.0914379Z Preparing to unpack .../137-liblc3-1_1.0.4-3build1_amd64.deb ...
2025-11-18T17:47:46.0925596Z Unpacking liblc3-1:amd64 (1.0.4-3build1) ...
2025-11-18T17:47:46.1170750Z Selecting previously unselected package libldacbt-enc2:amd64.
2025-11-18T17:47:46.1306448Z Preparing to unpack .../138-libldacbt-enc2_2.0.2.3+git20200429+ed310a0-4ubuntu2_amd64.deb ...
2025-11-18T17:47:46.1317880Z Unpacking libldacbt-enc2:amd64 (2.0.2.3+git20200429+ed310a0-4ubuntu2) ...
2025-11-18T17:47:46.1540371Z Selecting previously unselected package libraptor2-0:amd64.
2025-11-18T17:47:46.1680015Z Preparing to unpack .../139-libraptor2-0_2.0.16-3ubuntu0.1_amd64.deb ...
2025-11-18T17:47:46.1688373Z Unpacking libraptor2-0:amd64 (2.0.16-3ubuntu0.1) ...
2025-11-18T17:47:46.1968270Z Selecting previously unselected package liblrdf0:amd64.
2025-11-18T17:47:46.2139157Z Preparing to unpack .../140-liblrdf0_0.6.1-4build1_amd64.deb ...
2025-11-18T17:47:46.2148586Z Unpacking liblrdf0:amd64 (0.6.1-4build1) ...
2025-11-18T17:47:46.2381229Z Selecting previously unselected package libltc11:amd64.
2025-11-18T17:47:46.2519882Z Preparing to unpack .../141-libltc11_1.3.2-1build1_amd64.deb ...
2025-11-18T17:47:46.2530582Z Unpacking libltc11:amd64 (1.3.2-1build1) ...
2025-11-18T17:47:46.2754207Z Selecting previously unselected package libmanette-0.2-0:amd64.
2025-11-18T17:47:46.2890169Z Preparing to unpack .../142-libmanette-0.2-0_0.2.7-1build2_amd64.deb ...
2025-11-18T17:47:46.2898193Z Unpacking libmanette-0.2-0:amd64 (0.2.7-1build2) ...
2025-11-18T17:47:46.3134393Z Selecting previously unselected package libmfx1:amd64.
2025-11-18T17:47:46.3268316Z Preparing to unpack .../143-libmfx1_22.5.4-1_amd64.deb ...
2025-11-18T17:47:46.3277051Z Unpacking libmfx1:amd64 (22.5.4-1) ...
2025-11-18T17:47:46.4376528Z Selecting previously unselected package libmjpegutils-2.1-0t64:amd64.
2025-11-18T17:47:46.4516919Z Preparing to unpack .../144-libmjpegutils-2.1-0t64_1%3a2.1.0+debian-8.1build1_amd64.deb ...
2025-11-18T17:47:46.4529291Z Unpacking libmjpegutils-2.1-0t64:amd64 (1:2.1.0+debian-8.1build1) ...
2025-11-18T17:47:46.4754093Z Selecting previously unselected package libmodplug1:amd64.
2025-11-18T17:47:46.4891043Z Preparing to unpack .../145-libmodplug1_1%3a0.8.9.0-3build1_amd64.deb ...
2025-11-18T17:47:46.4899897Z Unpacking libmodplug1:amd64 (1:0.8.9.0-3build1) ...
2025-11-18T17:47:46.5133730Z Selecting previously unselected package libmpcdec6:amd64.
2025-11-18T17:47:46.5375561Z Preparing to unpack .../146-libmpcdec6_2%3a0.1~r495-2build1_amd64.deb ...
2025-11-18T17:47:46.5384859Z Unpacking libmpcdec6:amd64 (2:0.1~r495-2build1) ...
2025-11-18T17:47:46.5603938Z Selecting previously unselected package libmpeg2encpp-2.1-0t64:amd64.
2025-11-18T17:47:46.5743661Z Preparing to unpack .../147-libmpeg2encpp-2.1-0t64_1%3a2.1.0+debian-8.1build1_amd64.deb ...
2025-11-18T17:47:46.5754477Z Unpacking libmpeg2encpp-2.1-0t64:amd64 (1:2.1.0+debian-8.1build1) ...
2025-11-18T17:47:46.5976669Z Selecting previously unselected package libmplex2-2.1-0t64:amd64.
2025-11-18T17:47:46.6119494Z Preparing to unpack .../148-libmplex2-2.1-0t64_1%3a2.1.0+debian-8.1build1_amd64.deb ...
2025-11-18T17:47:46.6127236Z Unpacking libmplex2-2.1-0t64:amd64 (1:2.1.0+debian-8.1build1) ...
2025-11-18T17:47:46.6343997Z Selecting previously unselected package libneon27t64:amd64.
2025-11-18T17:47:46.6479591Z Preparing to unpack .../149-libneon27t64_0.33.0-1.1build3_amd64.deb ...
2025-11-18T17:47:46.6488275Z Unpacking libneon27t64:amd64 (0.33.0-1.1build3) ...
2025-11-18T17:47:46.6717768Z Selecting previously unselected package libnice10:amd64.
2025-11-18T17:47:46.6848908Z Preparing to unpack .../150-libnice10_0.1.21-2build3_amd64.deb ...
2025-11-18T17:47:46.6858098Z Unpacking libnice10:amd64 (0.1.21-2build3) ...
2025-11-18T17:47:46.7088933Z Selecting previously unselected package libopenal-data.
2025-11-18T17:47:46.7223384Z Preparing to unpack .../151-libopenal-data_1%3a1.23.1-4build1_all.deb ...
2025-11-18T17:47:46.7234678Z Unpacking libopenal-data (1:1.23.1-4build1) ...
2025-11-18T17:47:46.7475485Z Selecting previously unselected package libopenexr-3-1-30:amd64.
2025-11-18T17:47:46.7608150Z Preparing to unpack .../152-libopenexr-3-1-30_3.1.5-5.1build3_amd64.deb ...
2025-11-18T17:47:46.7616519Z Unpacking libopenexr-3-1-30:amd64 (3.1.5-5.1build3) ...
2025-11-18T17:47:46.8035468Z Selecting previously unselected package libopenh264-7:amd64.
2025-11-18T17:47:46.8165894Z Preparing to unpack .../153-libopenh264-7_2.4.1+dfsg-1_amd64.deb ...
2025-11-18T17:47:46.8173429Z Unpacking libopenh264-7:amd64 (2.4.1+dfsg-1) ...
2025-11-18T17:47:46.8551076Z Selecting previously unselected package libopenni2-0:amd64.
2025-11-18T17:47:46.8681764Z Preparing to unpack .../154-libopenni2-0_2.2.0.33+dfsg-18_amd64.deb ...
2025-11-18T17:47:46.8710785Z Unpacking libopenni2-0:amd64 (2.2.0.33+dfsg-18) ...
2025-11-18T17:47:46.8993172Z Selecting previously unselected package libqrencode4:amd64.
2025-11-18T17:47:46.9125208Z Preparing to unpack .../155-libqrencode4_4.1.1-1build2_amd64.deb ...
2025-11-18T17:47:46.9133687Z Unpacking libqrencode4:amd64 (4.1.1-1build2) ...
2025-11-18T17:47:46.9353784Z Selecting previously unselected package libsecret-common.
2025-11-18T17:47:46.9484051Z Preparing to unpack .../156-libsecret-common_0.21.4-1build3_all.deb ...
2025-11-18T17:47:46.9493701Z Unpacking libsecret-common (0.21.4-1build3) ...
2025-11-18T17:47:46.9747371Z Selecting previously unselected package libsecret-1-0:amd64.
2025-11-18T17:47:46.9881733Z Preparing to unpack .../157-libsecret-1-0_0.21.4-1build3_amd64.deb ...
2025-11-18T17:47:46.9890100Z Unpacking libsecret-1-0:amd64 (0.21.4-1build3) ...
2025-11-18T17:47:47.0122750Z Selecting previously unselected package libsndio7.0:amd64.
2025-11-18T17:47:47.0253571Z Preparing to unpack .../158-libsndio7.0_1.9.0-0.3build3_amd64.deb ...
2025-11-18T17:47:47.0262195Z Unpacking libsndio7.0:amd64 (1.9.0-0.3build3) ...
2025-11-18T17:47:47.0506759Z Selecting previously unselected package libsoundtouch1:amd64.
2025-11-18T17:47:47.0638372Z Preparing to unpack .../159-libsoundtouch1_2.3.2+ds1-1build1_amd64.deb ...
2025-11-18T17:47:47.0651101Z Unpacking libsoundtouch1:amd64 (2.3.2+ds1-1build1) ...
2025-11-18T17:47:47.0879837Z Selecting previously unselected package libspandsp2t64:amd64.
2025-11-18T17:47:47.1010381Z Preparing to unpack .../160-libspandsp2t64_0.0.6+dfsg-2.1build1_amd64.deb ...
2025-11-18T17:47:47.1018744Z Unpacking libspandsp2t64:amd64 (0.0.6+dfsg-2.1build1) ...
2025-11-18T17:47:47.1301963Z Selecting previously unselected package libsrtp2-1:amd64.
2025-11-18T17:47:47.1438303Z Preparing to unpack .../161-libsrtp2-1_2.5.0-3build1_amd64.deb ...
2025-11-18T17:47:47.1447415Z Unpacking libsrtp2-1:amd64 (2.5.0-3build1) ...
2025-11-18T17:47:47.1802213Z Preparing to unpack .../162-libssh-4_0.10.6-2ubuntu0.2_amd64.deb ...
2025-11-18T17:47:47.1893089Z Unpacking libssh-4:amd64 (0.10.6-2ubuntu0.2) over (0.10.6-2ubuntu0.1) ...
2025-11-18T17:47:47.2285256Z Selecting previously unselected package libwildmidi2:amd64.
2025-11-18T17:47:47.2388402Z Preparing to unpack .../163-libwildmidi2_0.4.3-1build3_amd64.deb ...
2025-11-18T17:47:47.2397375Z Unpacking libwildmidi2:amd64 (0.4.3-1build3) ...
2025-11-18T17:47:47.2763821Z Selecting previously unselected package libwoff1:amd64.
2025-11-18T17:47:47.2897596Z Preparing to unpack .../164-libwoff1_1.0.2-2build1_amd64.deb ...
2025-11-18T17:47:47.2905772Z Unpacking libwoff1:amd64 (1.0.2-2build1) ...
2025-11-18T17:47:47.3154166Z Selecting previously unselected package libxcb-xkb1:amd64.
2025-11-18T17:47:47.3283190Z Preparing to unpack .../165-libxcb-xkb1_1.15-1ubuntu2_amd64.deb ...
2025-11-18T17:47:47.3292200Z Unpacking libxcb-xkb1:amd64 (1.15-1ubuntu2) ...
2025-11-18T17:47:47.3507541Z Selecting previously unselected package libxkbcommon-x11-0:amd64.
2025-11-18T17:47:47.3640376Z Preparing to unpack .../166-libxkbcommon-x11-0_1.6.0-1build1_amd64.deb ...
2025-11-18T17:47:47.3649763Z Unpacking libxkbcommon-x11-0:amd64 (1.6.0-1build1) ...
2025-11-18T17:47:47.3864794Z Selecting previously unselected package libzbar0t64:amd64.
2025-11-18T17:47:47.3997322Z Preparing to unpack .../167-libzbar0t64_0.23.93-4build3_amd64.deb ...
2025-11-18T17:47:47.4004538Z Unpacking libzbar0t64:amd64 (0.23.93-4build3) ...
2025-11-18T17:47:47.4234832Z Selecting previously unselected package libzxing3:amd64.
2025-11-18T17:47:47.4364892Z Preparing to unpack .../168-libzxing3_2.2.1-3_amd64.deb ...
2025-11-18T17:47:47.4374399Z Unpacking libzxing3:amd64 (2.2.1-3) ...
2025-11-18T17:47:47.4654455Z Selecting previously unselected package xfonts-encodings.
2025-11-18T17:47:47.4775440Z Preparing to unpack .../169-xfonts-encodings_1%3a1.0.5-0ubuntu2_all.deb ...
2025-11-18T17:47:47.4783737Z Unpacking xfonts-encodings (1:1.0.5-0ubuntu2) ...
2025-11-18T17:47:47.5118160Z Selecting previously unselected package xfonts-utils.
2025-11-18T17:47:47.5248917Z Preparing to unpack .../170-xfonts-utils_1%3a7.7+6build3_amd64.deb ...
2025-11-18T17:47:47.5261266Z Unpacking xfonts-utils (1:7.7+6build3) ...
2025-11-18T17:47:47.5994228Z Selecting previously unselected package xfonts-cyrillic.
2025-11-18T17:47:47.6146143Z Preparing to unpack .../171-xfonts-cyrillic_1%3a1.0.5+nmu1_all.deb ...
2025-11-18T17:47:47.6158744Z Unpacking xfonts-cyrillic (1:1.0.5+nmu1) ...
2025-11-18T17:47:47.6538604Z Selecting previously unselected package xfonts-scalable.
2025-11-18T17:47:47.6676583Z Preparing to unpack .../172-xfonts-scalable_1%3a1.0.3-1.3_all.deb ...
2025-11-18T17:47:47.6708894Z Unpacking xfonts-scalable (1:1.0.3-1.3) ...
2025-11-18T17:47:47.6967568Z Selecting previously unselected package libgstreamer-plugins-bad1.0-0:amd64.
2025-11-18T17:47:47.7103053Z Preparing to unpack .../173-libgstreamer-plugins-bad1.0-0_1.24.2-1ubuntu4_amd64.deb ...
2025-11-18T17:47:47.7109785Z Unpacking libgstreamer-plugins-bad1.0-0:amd64 (1.24.2-1ubuntu4) ...
2025-11-18T17:47:47.7517550Z Selecting previously unselected package libdca0:amd64.
2025-11-18T17:47:47.7651992Z Preparing to unpack .../174-libdca0_0.0.7-2build1_amd64.deb ...
2025-11-18T17:47:47.7659057Z Unpacking libdca0:amd64 (0.0.7-2build1) ...
2025-11-18T17:47:47.7881228Z Selecting previously unselected package libopenal1:amd64.
2025-11-18T17:47:47.8012108Z Preparing to unpack .../175-libopenal1_1%3a1.23.1-4build1_amd64.deb ...
2025-11-18T17:47:47.8019973Z Unpacking libopenal1:amd64 (1:1.23.1-4build1) ...
2025-11-18T17:47:47.8286610Z Selecting previously unselected package libsbc1:amd64.
2025-11-18T17:47:47.8414247Z Preparing to unpack .../176-libsbc1_2.0-1build1_amd64.deb ...
2025-11-18T17:47:47.8423314Z Unpacking libsbc1:amd64 (2.0-1build1) ...
2025-11-18T17:47:47.8634609Z Selecting previously unselected package libvo-aacenc0:amd64.
2025-11-18T17:47:47.8764843Z Preparing to unpack .../177-libvo-aacenc0_0.1.3-2build1_amd64.deb ...
2025-11-18T17:47:47.8772106Z Unpacking libvo-aacenc0:amd64 (0.1.3-2build1) ...
2025-11-18T17:47:47.8993134Z Selecting previously unselected package libvo-amrwbenc0:amd64.
2025-11-18T17:47:47.9121877Z Preparing to unpack .../178-libvo-amrwbenc0_0.1.3-2build1_amd64.deb ...
2025-11-18T17:47:47.9176042Z Unpacking libvo-amrwbenc0:amd64 (0.1.3-2build1) ...
2025-11-18T17:47:47.9390935Z Selecting previously unselected package gstreamer1.0-plugins-bad:amd64.
2025-11-18T17:47:47.9518130Z Preparing to unpack .../179-gstreamer1.0-plugins-bad_1.24.2-1ubuntu4_amd64.deb ...
2025-11-18T17:47:47.9525857Z Unpacking gstreamer1.0-plugins-bad:amd64 (1.24.2-1ubuntu4) ...
2025-11-18T17:47:48.1522107Z Setting up libgme0:amd64 (0.6.3-7build1) ...
2025-11-18T17:47:48.1552874Z Setting up libchromaprint1:amd64 (1.5.1-5) ...
2025-11-18T17:47:48.1576676Z Setting up libssh-gcrypt-4:amd64 (0.10.6-2ubuntu0.2) ...
2025-11-18T17:47:48.1598626Z Setting up libhwy1t64:amd64 (1.0.7-8.1build1) ...
2025-11-18T17:47:48.1619918Z Setting up libcairo-script-interpreter2:amd64 (1.18.0-3build1) ...
2025-11-18T17:47:48.1682729Z Setting up libfreeaptx0:amd64 (0.1.1-2build1) ...
2025-11-18T17:47:48.1708202Z Setting up libdvdread8t64:amd64 (6.1.3-1.1build1) ...
2025-11-18T17:47:48.1730713Z Setting up libudfread0:amd64 (1.1.2-1build1) ...
2025-11-18T17:47:48.1753627Z Setting up libmodplug1:amd64 (1:0.8.9.0-3build1) ...
2025-11-18T17:47:48.1775655Z Setting up libcdparanoia0:amd64 (3.10.2+debian-14build3) ...
2025-11-18T17:47:48.1800798Z Setting up libvo-amrwbenc0:amd64 (0.1.3-2build1) ...
2025-11-18T17:47:48.1824825Z Setting up session-migration (0.3.9build1) ...
2025-11-18T17:47:48.3070475Z Created symlink /etc/systemd/user/graphical-session-pre.target.wants/session-migration.service → /usr/lib/systemd/user/session-migration.service.
2025-11-18T17:47:48.3072884Z 
2025-11-18T17:47:48.3101552Z Setting up libraw1394-11:amd64 (2.1.2-2build3) ...
2025-11-18T17:47:48.3126910Z Setting up libsbc1:amd64 (2.0-1build1) ...
2025-11-18T17:47:48.3148963Z Setting up libproxy1v5:amd64 (0.5.4-4build1) ...
2025-11-18T17:47:48.3170244Z Setting up libneon27t64:amd64 (0.33.0-1.1build3) ...
2025-11-18T17:47:48.3190812Z Setting up libtag1v5-vanilla:amd64 (1.13.1-1build1) ...
2025-11-18T17:47:48.3214293Z Setting up libharfbuzz-icu0:amd64 (8.3.0-2build2) ...
2025-11-18T17:47:48.3235214Z Setting up libopenni2-0:amd64 (2.2.0.33+dfsg-18) ...
2025-11-18T17:47:48.3494388Z Setting up libspeex1:amd64 (1.2.1-2ubuntu2.24.04.1) ...
2025-11-18T17:47:48.3516030Z Setting up libshine3:amd64 (3.1.1-2build1) ...
2025-11-18T17:47:48.3539770Z Setting up libcaca0:amd64 (0.99.beta20-4build2) ...
2025-11-18T17:47:48.3561912Z Setting up libvpl2 (2023.3.0-1build1) ...
2025-11-18T17:47:48.3585861Z Setting up libv4lconvert0t64:amd64 (1.26.1-4build3) ...
2025-11-18T17:47:48.3607515Z Setting up libx264-164:amd64 (2:0.164.3108+git31e19f9-1) ...
2025-11-18T17:47:48.3627500Z Setting up libtwolame0:amd64 (0.4.0-2build3) ...
2025-11-18T17:47:48.3649113Z Setting up libmbedcrypto7t64:amd64 (2.28.8-1) ...
2025-11-18T17:47:48.3716448Z Setting up libwoff1:amd64 (1.0.2-2build1) ...
2025-11-18T17:47:48.3738550Z Setting up liblc3-1:amd64 (1.0.4-3build1) ...
2025-11-18T17:47:48.3760042Z Setting up libqrencode4:amd64 (4.1.1-1build2) ...
2025-11-18T17:47:48.3782067Z Setting up libhyphen0:amd64 (2.8.8-7build3) ...
2025-11-18T17:47:48.3803380Z Setting up libgsm1:amd64 (1.0.22-1build1) ...
2025-11-18T17:47:48.3826144Z Setting up libvisual-0.4-0:amd64 (0.4.2-2build1) ...
2025-11-18T17:47:48.3848138Z Setting up libsoxr0:amd64 (0.1.3-4build3) ...
2025-11-18T17:47:48.3869323Z Setting up libzix-0-0:amd64 (0.4.2-2build1) ...
2025-11-18T17:47:48.3891103Z Setting up libcodec2-1.2:amd64 (1.2.0-2build1) ...
2025-11-18T17:47:48.3912532Z Setting up libmanette-0.2-0:amd64 (0.2.7-1build2) ...
2025-11-18T17:47:48.3935763Z Setting up libsrtp2-1:amd64 (2.5.0-3build1) ...
2025-11-18T17:47:48.3961714Z Setting up libmysofa1:amd64 (1.3.2+dfsg-2ubuntu2) ...
2025-11-18T17:47:48.4007927Z Setting up libraptor2-0:amd64 (2.0.16-3ubuntu0.1) ...
2025-11-18T17:47:48.4031764Z Setting up libldacbt-enc2:amd64 (2.0.2.3+git20200429+ed310a0-4ubuntu2) ...
2025-11-18T17:47:48.4055522Z Setting up fonts-wqy-zenhei (0.9.45-8) ...
2025-11-18T17:47:48.4196599Z Setting up libwebrtc-audio-processing1:amd64 (0.3.1-0ubuntu6) ...
2025-11-18T17:47:48.4219579Z Setting up fonts-freefont-ttf (20211204+svn4273-2) ...
2025-11-18T17:47:48.4244528Z Setting up libevent-2.1-7t64:amd64 (2.1.12-stable-9ubuntu2) ...
2025-11-18T17:47:48.4267011Z Setting up libsvtav1enc1d1:amd64 (1.7.0+dfsg-2build1) ...
2025-11-18T17:47:48.4288837Z Setting up libsoup-3.0-common (3.4.4-5ubuntu0.5) ...
2025-11-18T17:47:48.4312616Z Setting up libmpg123-0t64:amd64 (1.32.5-1ubuntu1.1) ...
2025-11-18T17:47:48.4335107Z Setting up libcjson1:amd64 (1.7.17-1) ...
2025-11-18T17:47:48.4359140Z Setting up libxvidcore4:amd64 (2:1.3.7-1build1) ...
2025-11-18T17:47:48.4381938Z Setting up libmpcdec6:amd64 (2:0.1~r495-2build1) ...
2025-11-18T17:47:48.4404464Z Setting up libmjpegutils-2.1-0t64:amd64 (1:2.1.0+debian-8.1build1) ...
2025-11-18T17:47:48.4426604Z Setting up librav1e0:amd64 (0.7.1-2) ...
2025-11-18T17:47:48.4449643Z Setting up liborc-0.4-0t64:amd64 (1:0.4.38-1ubuntu0.1) ...
2025-11-18T17:47:48.4474724Z Setting up libxcb-xkb1:amd64 (1.15-1ubuntu2) ...
2025-11-18T17:47:48.4503148Z Setting up libvo-aacenc0:amd64 (0.1.3-2build1) ...
2025-11-18T17:47:48.4525236Z Setting up librist4:amd64 (0.2.10+dfsg-2) ...
2025-11-18T17:47:48.4552130Z Setting up librsvg2-2:amd64 (2.58.0+dfsg-1build1) ...
2025-11-18T17:47:48.4575532Z Setting up libblas3:amd64 (3.12.0-3build1.1) ...
2025-11-18T17:47:48.4636380Z update-alternatives: using /usr/lib/x86_64-linux-gnu/blas/libblas.so.3 to provide /usr/lib/x86_64-linux-gnu/libblas.so.3 (libblas.so.3-x86_64-linux-gnu) in auto mode
2025-11-18T17:47:48.4660731Z Setting up libegl-mesa0:amd64 (25.0.7-0ubuntu0.24.04.2) ...
2025-11-18T17:47:48.4686671Z Setting up libsoundtouch1:amd64 (2.3.2+ds1-1build1) ...
2025-11-18T17:47:48.4711817Z Setting up libplacebo338:amd64 (6.338.2-2build1) ...
2025-11-18T17:47:48.4734056Z Setting up libgles2:amd64 (1.7.0-1build1) ...
2025-11-18T17:47:48.4756960Z Setting up fonts-tlwg-loma-otf (1:0.7.3-1) ...
2025-11-18T17:47:48.4783497Z Setting up libva2:amd64 (2.20.0-2build1) ...
2025-11-18T17:47:48.4806298Z Setting up libspa-0.2-modules:amd64 (1.0.5-1ubuntu3.1) ...
2025-11-18T17:47:48.4832820Z Setting up libzxing3:amd64 (2.2.1-3) ...
2025-11-18T17:47:48.4857896Z Setting up xfonts-encodings (1:1.0.5-0ubuntu2) ...
2025-11-18T17:47:48.4880215Z Setting up libopus0:amd64 (1.4-1build1) ...
2025-11-18T17:47:48.4906398Z Setting up libfaad2:amd64 (2.11.1-1build1) ...
2025-11-18T17:47:48.4936075Z Setting up libxkbcommon-x11-0:amd64 (1.6.0-1build1) ...
2025-11-18T17:47:48.4958667Z Setting up libdc1394-25:amd64 (2.2.6-4build1) ...
2025-11-18T17:47:48.4980650Z Setting up libimath-3-1-29t64:amd64 (3.1.9-3.1ubuntu2) ...
2025-11-18T17:47:48.5006228Z Setting up libunibreak5:amd64 (5.1-2build1) ...
2025-11-18T17:47:48.5026670Z Setting up libdv4t64:amd64 (1.0.0-17.1build1) ...
2025-11-18T17:47:48.5049167Z Setting up libjxl0.7:amd64 (0.7.0-10.2ubuntu6.1) ...
2025-11-18T17:47:48.5074787Z Setting up libssh-4:amd64 (0.10.6-2ubuntu0.2) ...
2025-11-18T17:47:48.5165052Z Setting up libopenh264-7:amd64 (2.4.1+dfsg-1) ...
2025-11-18T17:47:48.5193354Z Setting up libltc11:amd64 (1.3.2-1build1) ...
2025-11-18T17:47:48.5215501Z Setting up libx265-199:amd64 (3.5-2build1) ...
2025-11-18T17:47:48.5239765Z Setting up libv4l-0t64:amd64 (1.26.1-4build3) ...
2025-11-18T17:47:48.5269287Z Setting up libavtp0:amd64 (0.2.0-1build1) ...
2025-11-18T17:47:48.5294443Z Setting up libsndio7.0:amd64 (1.9.0-0.3build3) ...
2025-11-18T17:47:48.5434317Z Setting up libdirectfb-1.7-7t64:amd64 (1.7.7-11.1ubuntu2) ...
2025-11-18T17:47:48.5456839Z Setting up libspandsp2t64:amd64 (0.0.6+dfsg-2.1build1) ...
2025-11-18T17:47:48.5484208Z Setting up libvidstab1.1:amd64 (1.1.0-2build1) ...
2025-11-18T17:47:48.5506040Z Setting up libvpx9:amd64 (1.14.0-1ubuntu2.2) ...
2025-11-18T17:47:48.5527464Z Setting up libsrt1.5-gnutls:amd64 (1.5.3-1build2) ...
2025-11-18T17:47:48.5583684Z Setting up libtag1v5:amd64 (1.13.1-1build1) ...
2025-11-18T17:47:48.5609384Z Setting up libflite1:amd64 (2.2-6build3) ...
2025-11-18T17:47:48.5631585Z Setting up libdav1d7:amd64 (1.4.1-1build1) ...
2025-11-18T17:47:48.5655037Z Setting up libva-drm2:amd64 (2.20.0-2build1) ...
2025-11-18T17:47:48.5674841Z Setting up fonts-ipafont-gothic (00303-21ubuntu1) ...
2025-11-18T17:47:48.5753053Z update-alternatives: using /usr/share/fonts/opentype/ipafont-gothic/ipag.ttf to provide /usr/share/fonts/truetype/fonts-japanese-gothic.ttf (fonts-japanese-gothic.ttf) in auto mode
2025-11-18T17:47:48.5770600Z Setting up ocl-icd-libopencl1:amd64 (2.3.2-1build1) ...
2025-11-18T17:47:48.5797647Z Setting up libasyncns0:amd64 (0.8-6build4) ...
2025-11-18T17:47:48.5824480Z Setting up libwildmidi2:amd64 (0.4.3-1build3) ...
2025-11-18T17:47:48.5847771Z Setting up libvdpau1:amd64 (1.5-2build1) ...
2025-11-18T17:47:48.5878722Z Setting up libwavpack1:amd64 (5.6.0-1build1) ...
2025-11-18T17:47:48.5905897Z Setting up libbs2b0:amd64 (3.1.0+dfsg-7build1) ...
2025-11-18T17:47:48.5930100Z Setting up libtheora0:amd64 (1.1.1+dfsg.1-16.1build3) ...
2025-11-18T17:47:48.5955432Z Setting up libegl1:amd64 (1.7.0-1build1) ...
2025-11-18T17:47:48.5982512Z Setting up libdecor-0-0:amd64 (0.2.2-1build2) ...
2025-11-18T17:47:48.6005366Z Setting up libdca0:amd64 (0.0.7-2build1) ...
2025-11-18T17:47:48.6033535Z Setting up libzimg2:amd64 (3.0.5+ds1-1build1) ...
2025-11-18T17:47:48.6054888Z Setting up libopenal-data (1:1.23.1-4build1) ...
2025-11-18T17:47:48.6084488Z Setting up libabsl20220623t64:amd64 (20220623.1-3.1ubuntu3.2) ...
2025-11-18T17:47:48.6110746Z Setting up libflac12t64:amd64 (1.4.3+ds-2.1ubuntu2) ...
2025-11-18T17:47:48.6132607Z Setting up libgtk-4-common (4.14.5+ds-0ubuntu0.5) ...
2025-11-18T17:47:48.6157509Z Setting up libmpeg2encpp-2.1-0t64:amd64 (1:2.1.0+debian-8.1build1) ...
2025-11-18T17:47:48.6220479Z Setting up glib-networking-common (2.80.0-1build1) ...
2025-11-18T17:47:48.6244621Z Setting up libmfx1:amd64 (22.5.4-1) ...
2025-11-18T17:47:48.6268096Z Setting up libbluray2:amd64 (1:1.3.4-1build1) ...
2025-11-18T17:47:48.6300674Z Setting up libsamplerate0:amd64 (0.2.2-4build1) ...
2025-11-18T17:47:48.6350337Z Setting up timgm6mb-soundfont (1.3-5) ...
2025-11-18T17:47:48.6436820Z update-alternatives: using /usr/share/sounds/sf2/TimGM6mb.sf2 to provide /usr/share/sounds/sf2/default-GM.sf2 (default-GM.sf2) in auto mode
2025-11-18T17:47:48.6480983Z update-alternatives: using /usr/share/sounds/sf2/TimGM6mb.sf2 to provide /usr/share/sounds/sf3/default-GM.sf3 (default-GM.sf3) in auto mode
2025-11-18T17:47:48.6498609Z Setting up libva-x11-2:amd64 (2.20.0-2build1) ...
2025-11-18T17:47:48.6520558Z Setting up libyuv0:amd64 (0.0~git202401110.af6ac82-1) ...
2025-11-18T17:47:48.6544184Z Setting up libmplex2-2.1-0t64:amd64 (1:2.1.0+debian-8.1build1) ...
2025-11-18T17:47:48.6567586Z Setting up libpipewire-0.3-0t64:amd64 (1.0.5-1ubuntu3.1) ...
2025-11-18T17:47:48.6591789Z Setting up libopenmpt0t64:amd64 (0.7.3-1.1build3) ...
2025-11-18T17:47:48.6612630Z Setting up libzvbi-common (0.2.42-2) ...
2025-11-18T17:47:48.6687903Z Setting up libsecret-common (0.21.4-1build3) ...
2025-11-18T17:47:48.6720377Z Setting up libmp3lame0:amd64 (3.100-6build1) ...
2025-11-18T17:47:48.6744099Z Setting up libgraphene-1.0-0:amd64 (1.10.8-3build2) ...
2025-11-18T17:47:48.6765490Z Setting up libvorbisenc2:amd64 (1.3.7-1build3) ...
2025-11-18T17:47:48.6790597Z Setting up libdvdnav4:amd64 (6.1.1-3build1) ...
2025-11-18T17:47:48.6811819Z Setting up fonts-unifont (1:15.1.01-1build1) ...
2025-11-18T17:47:48.6837099Z Setting up libaa1:amd64 (1.4p5-51.1) ...
2025-11-18T17:47:48.6860689Z Setting up libiec61883-0:amd64 (1.2.0-6build1) ...
2025-11-18T17:47:48.6881849Z Setting up libserd-0-0:amd64 (0.32.2-1) ...
2025-11-18T17:47:48.6902951Z Setting up libavc1394-0:amd64 (0.5.4-5build3) ...
2025-11-18T17:47:48.6933376Z Setting up gsettings-desktop-schemas (46.1-0ubuntu1) ...
2025-11-18T17:47:48.6960146Z Setting up glib-networking-services (2.80.0-1build1) ...
2025-11-18T17:47:48.6983640Z Setting up liblapack3:amd64 (3.12.0-3build1.1) ...
2025-11-18T17:47:48.7044462Z update-alternatives: using /usr/lib/x86_64-linux-gnu/lapack/liblapack.so.3 to provide /usr/lib/x86_64-linux-gnu/liblapack.so.3 (liblapack.so.3-x86_64-linux-gnu) in auto mode
2025-11-18T17:47:48.7063668Z Setting up libzvbi0t64:amd64 (0.2.42-2) ...
2025-11-18T17:47:48.7086122Z Setting up liblrdf0:amd64 (0.6.1-4build1) ...
2025-11-18T17:47:48.7151402Z Setting up libzbar0t64:amd64 (0.23.93-4build3) ...
2025-11-18T17:47:48.7174201Z Setting up libgstreamer-plugins-base1.0-0:amd64 (1.24.2-1ubuntu0.3) ...
2025-11-18T17:47:48.7196961Z Setting up libavutil58:amd64 (7:6.1.1-3ubuntu5) ...
2025-11-18T17:47:48.7221305Z Setting up libopenal1:amd64 (1:1.23.1-4build1) ...
2025-11-18T17:47:48.7243966Z Setting up xfonts-utils (1:7.7+6build3) ...
2025-11-18T17:47:48.7291558Z Setting up libsecret-1-0:amd64 (0.21.4-1build3) ...
2025-11-18T17:47:48.7314692Z Setting up libgstreamer-plugins-good1.0-0:amd64 (1.24.2-1ubuntu1.2) ...
2025-11-18T17:47:48.7337987Z Setting up libgstreamer-gl1.0-0:amd64 (1.24.2-1ubuntu0.3) ...
2025-11-18T17:47:48.7363181Z Setting up gstreamer1.0-plugins-base:amd64 (1.24.2-1ubuntu0.3) ...
2025-11-18T17:47:48.7386214Z Setting up libass9:amd64 (1:0.17.1-2build1) ...
2025-11-18T17:47:48.7411125Z Setting up libswresample4:amd64 (7:6.1.1-3ubuntu5) ...
2025-11-18T17:47:48.7436106Z Setting up libopenexr-3-1-30:amd64 (3.1.5-5.1build3) ...
2025-11-18T17:47:48.7459006Z Setting up libshout3:amd64 (2.4.6-1build2) ...
2025-11-18T17:47:48.7480567Z Setting up libgav1-1:amd64 (0.18.0-1build3) ...
2025-11-18T17:47:48.7506616Z Setting up libavcodec60:amd64 (7:6.1.1-3ubuntu5) ...
2025-11-18T17:47:48.7528959Z Setting up librubberband2:amd64 (3.3.0+dfsg-2build1) ...
2025-11-18T17:47:48.7622725Z Setting up libjack-jackd2-0:amd64 (1.9.21~dfsg-3ubuntu3) ...
2025-11-18T17:47:48.7646652Z Setting up libsord-0-0:amd64 (0.16.16-2build1) ...
2025-11-18T17:47:48.7671673Z Setting up xfonts-cyrillic (1:1.0.5+nmu1) ...
2025-11-18T17:47:48.8158112Z Setting up libpostproc57:amd64 (7:6.1.1-3ubuntu5) ...
2025-11-18T17:47:48.8235612Z Setting up libsratom-0-0:amd64 (0.6.16-1build1) ...
2025-11-18T17:47:48.8261212Z Setting up libsndfile1:amd64 (1.2.2-1ubuntu5.24.04.1) ...
2025-11-18T17:47:48.8290207Z Setting up liblilv-0-0:amd64 (0.24.22-1build1) ...
2025-11-18T17:47:48.8312729Z Setting up libinstpatch-1.0-2:amd64 (1.1.6-1build2) ...
2025-11-18T17:47:48.8337983Z Setting up xfonts-scalable (1:1.0.3-1.3) ...
2025-11-18T17:47:48.8678009Z Setting up libswscale7:amd64 (7:6.1.1-3ubuntu5) ...
2025-11-18T17:47:48.8701498Z Setting up libavif16:amd64 (1.0.4-1ubuntu3) ...
2025-11-18T17:47:48.8726811Z Setting up libpulse0:amd64 (1:16.1+dfsg1-2ubuntu10.1) ...
2025-11-18T17:47:48.8815796Z Setting up libavformat60:amd64 (7:6.1.1-3ubuntu5) ...
2025-11-18T17:47:48.8966575Z Setting up libsphinxbase3t64:amd64 (0.8+5prealpha+1-17build2) ...
2025-11-18T17:47:48.8988790Z Setting up libsdl2-2.0-0:amd64 (2.30.0+dfsg-1ubuntu3.1) ...
2025-11-18T17:47:48.9012795Z Setting up libfluidsynth3:amd64 (2.3.4-1build3) ...
2025-11-18T17:47:48.9037905Z Setting up libpocketsphinx3:amd64 (0.8.0+real5prealpha+1-15ubuntu5) ...
2025-11-18T17:47:48.9060010Z Setting up libavfilter9:amd64 (7:6.1.1-3ubuntu5) ...
2025-11-18T17:47:48.9133925Z Setting up gstreamer1.0-libav:amd64 (1.24.1-1build1) ...
2025-11-18T17:47:48.9429561Z Processing triggers for fontconfig (2.15.0-1.1ubuntu2) ...
2025-11-18T17:47:49.0371681Z Processing triggers for libc-bin (2.39-0ubuntu8.6) ...
2025-11-18T17:47:49.0854808Z Processing triggers for man-db (2.12.0-4build2) ...
2025-11-18T17:47:49.0886406Z Not building database; man-db/auto-update is not 'true'.
2025-11-18T17:47:49.0915928Z Processing triggers for libglib2.0-0t64:amd64 (2.80.0-6ubuntu3.4) ...
2025-11-18T17:47:49.1320555Z Setting up libgtk-4-1:amd64 (4.14.5+ds-0ubuntu0.5) ...
2025-11-18T17:47:49.4317058Z Setting up glib-networking:amd64 (2.80.0-1build1) ...
2025-11-18T17:47:49.4353804Z Setting up libsoup-3.0-0:amd64 (3.4.4-5ubuntu0.5) ...
2025-11-18T17:47:49.4389595Z Setting up libgssdp-1.6-0:amd64 (1.6.3-1build3) ...
2025-11-18T17:47:49.4465332Z Setting up gstreamer1.0-plugins-good:amd64 (1.24.2-1ubuntu1.2) ...
2025-11-18T17:47:49.4491902Z Setting up libgupnp-1.6-0:amd64 (1.6.6-1build3) ...
2025-11-18T17:47:49.4557659Z Setting up libgupnp-igd-1.6-0:amd64 (1.6.0-3build3) ...
2025-11-18T17:47:49.4596571Z Setting up libnice10:amd64 (0.1.21-2build3) ...
2025-11-18T17:47:49.4648728Z Setting up libgstreamer-plugins-bad1.0-0:amd64 (1.24.2-1ubuntu4) ...
2025-11-18T17:47:49.4721946Z Setting up gstreamer1.0-plugins-bad:amd64 (1.24.2-1ubuntu4) ...
2025-11-18T17:47:49.4748529Z Processing triggers for libc-bin (2.39-0ubuntu8.6) ...
2025-11-18T17:47:50.1346848Z 
2025-11-18T17:47:50.1347898Z Running kernel seems to be up-to-date.
2025-11-18T17:47:50.1348588Z 
2025-11-18T17:47:50.1348935Z Restarting services...
2025-11-18T17:47:50.1510634Z  systemctl restart packagekit.service php8.3-fpm.service
2025-11-18T17:47:50.2747074Z 
2025-11-18T17:47:50.2748044Z No containers need to be restarted.
2025-11-18T17:47:50.2748635Z 
2025-11-18T17:47:50.2749127Z No user sessions are running outdated binaries.
2025-11-18T17:47:50.2753875Z 
2025-11-18T17:47:50.2754686Z No VM guests are running outdated hypervisor (qemu) binaries on this host.
2025-11-18T17:47:51.1995790Z Downloading Chromium 141.0.7390.37 (playwright build v1194) from https://cdn.playwright.dev/dbazure/download/playwright/builds/chromium/1194/chromium-linux.zip
2025-11-18T17:47:51.4106938Z |                                                                                |   0% of 173.9 MiB
2025-11-18T17:47:51.6863177Z |■■■■■■■■                                                                        |  10% of 173.9 MiB
2025-11-18T17:47:51.8399640Z |■■■■■■■■■■■■■■■■                                                                |  20% of 173.9 MiB
2025-11-18T17:47:51.9788756Z |■■■■■■■■■■■■■■■■■■■■■■■■                                                        |  30% of 173.9 MiB
2025-11-18T17:47:52.0993323Z |■■■■■■■■■■■■■■■■■■■■■■■■■■■■■■■■                                                |  40% of 173.9 MiB
2025-11-18T17:47:52.2198497Z |■■■■■■■■■■■■■■■■■■■■■■■■■■■■■■■■■■■■■■■■                                        |  50% of 173.9 MiB
2025-11-18T17:47:52.3424558Z |■■■■■■■■■■■■■■■■■■■■■■■■■■■■■■■■■■■■■■■■■■■■■■■■                                |  60% of 173.9 MiB
2025-11-18T17:47:52.4606031Z |■■■■■■■■■■■■■■■■■■■■■■■■■■■■■■■■■■■■■■■■■■■■■■■■■■■■■■■■                        |  70% of 173.9 MiB
2025-11-18T17:47:52.5759601Z |■■■■■■■■■■■■■■■■■■■■■■■■■■■■■■■■■■■■■■■■■■■■■■■■■■■■■■■■■■■■■■■■                |  80% of 173.9 MiB
2025-11-18T17:47:52.6925626Z |■■■■■■■■■■■■■■■■■■■■■■■■■■■■■■■■■■■■■■■■■■■■■■■■■■■■■■■■■■■■■■■■■■■■■■■■        |  90% of 173.9 MiB
2025-11-18T17:47:52.8084239Z |■■■■■■■■■■■■■■■■■■■■■■■■■■■■■■■■■■■■■■■■■■■■■■■■■■■■■■■■■■■■■■■■■■■■■■■■■■■■■■■■| 100% of 173.9 MiB
2025-11-18T17:47:58.0060859Z Chromium 141.0.7390.37 (playwright build v1194) downloaded to /home/runner/.cache/ms-playwright/chromium-1194
2025-11-18T17:47:58.0067019Z Downloading Chromium Headless Shell 141.0.7390.37 (playwright build v1194) from https://cdn.playwright.dev/dbazure/download/playwright/builds/chromium/1194/chromium-headless-shell-linux.zip
2025-11-18T17:47:58.2152895Z |                                                                                |   0% of 104.3 MiB
2025-11-18T17:47:58.4202244Z |■■■■■■■■                                                                        |  10% of 104.3 MiB
2025-11-18T17:47:58.5226802Z |■■■■■■■■■■■■■■■■                                                                |  20% of 104.3 MiB
2025-11-18T17:47:58.6150775Z |■■■■■■■■■■■■■■■■■■■■■■■■                                                        |  30% of 104.3 MiB
2025-11-18T17:47:58.6991594Z |■■■■■■■■■■■■■■■■■■■■■■■■■■■■■■■■                                                |  40% of 104.3 MiB
2025-11-18T17:47:58.7776761Z |■■■■■■■■■■■■■■■■■■■■■■■■■■■■■■■■■■■■■■■■                                        |  50% of 104.3 MiB
2025-11-18T17:47:58.8486790Z |■■■■■■■■■■■■■■■■■■■■■■■■■■■■■■■■■■■■■■■■■■■■■■■■                                |  60% of 104.3 MiB
2025-11-18T17:47:58.9173411Z |■■■■■■■■■■■■■■■■■■■■■■■■■■■■■■■■■■■■■■■■■■■■■■■■■■■■■■■■                        |  70% of 104.3 MiB
2025-11-18T17:47:58.9871725Z |■■■■■■■■■■■■■■■■■■■■■■■■■■■■■■■■■■■■■■■■■■■■■■■■■■■■■■■■■■■■■■■■                |  80% of 104.3 MiB
2025-11-18T17:47:59.0558841Z |■■■■■■■■■■■■■■■■■■■■■■■■■■■■■■■■■■■■■■■■■■■■■■■■■■■■■■■■■■■■■■■■■■■■■■■■        |  90% of 104.3 MiB
2025-11-18T17:47:59.1267205Z |■■■■■■■■■■■■■■■■■■■■■■■■■■■■■■■■■■■■■■■■■■■■■■■■■■■■■■■■■■■■■■■■■■■■■■■■■■■■■■■■| 100% of 104.3 MiB
2025-11-18T17:48:01.8390566Z Chromium Headless Shell 141.0.7390.37 (playwright build v1194) downloaded to /home/runner/.cache/ms-playwright/chromium_headless_shell-1194
2025-11-18T17:48:01.8395798Z Downloading Firefox 142.0.1 (playwright build v1495) from https://cdn.playwright.dev/dbazure/download/playwright/builds/firefox/1495/firefox-ubuntu-24.04.zip
2025-11-18T17:48:02.0509081Z |                                                                                |   0% of 96.7 MiB
2025-11-18T17:48:02.2464593Z |■■■■■■■■                                                                        |  10% of 96.7 MiB
2025-11-18T17:48:02.3357775Z |■■■■■■■■■■■■■■■■                                                                |  20% of 96.7 MiB
2025-11-18T17:48:02.4241052Z |■■■■■■■■■■■■■■■■■■■■■■■■                                                        |  30% of 96.7 MiB
2025-11-18T17:48:02.5044914Z |■■■■■■■■■■■■■■■■■■■■■■■■■■■■■■■■                                                |  40% of 96.7 MiB
2025-11-18T17:48:02.5813495Z |■■■■■■■■■■■■■■■■■■■■■■■■■■■■■■■■■■■■■■■■                                        |  50% of 96.7 MiB
2025-11-18T17:48:02.6527762Z |■■■■■■■■■■■■■■■■■■■■■■■■■■■■■■■■■■■■■■■■■■■■■■■■                                |  60% of 96.7 MiB
2025-11-18T17:48:02.7198285Z |■■■■■■■■■■■■■■■■■■■■■■■■■■■■■■■■■■■■■■■■■■■■■■■■■■■■■■■■                        |  70% of 96.7 MiB
2025-11-18T17:48:02.7875361Z |■■■■■■■■■■■■■■■■■■■■■■■■■■■■■■■■■■■■■■■■■■■■■■■■■■■■■■■■■■■■■■■■                |  80% of 96.7 MiB
2025-11-18T17:48:02.8537866Z |■■■■■■■■■■■■■■■■■■■■■■■■■■■■■■■■■■■■■■■■■■■■■■■■■■■■■■■■■■■■■■■■■■■■■■■■        |  90% of 96.7 MiB
2025-11-18T17:48:02.9186023Z |■■■■■■■■■■■■■■■■■■■■■■■■■■■■■■■■■■■■■■■■■■■■■■■■■■■■■■■■■■■■■■■■■■■■■■■■■■■■■■■■| 100% of 96.7 MiB
2025-11-18T17:48:05.4188202Z Firefox 142.0.1 (playwright build v1495) downloaded to /home/runner/.cache/ms-playwright/firefox-1495
2025-11-18T17:48:05.4193240Z Downloading Webkit 26.0 (playwright build v2215) from https://cdn.playwright.dev/dbazure/download/playwright/builds/webkit/2215/webkit-ubuntu-24.04.zip
2025-11-18T17:48:05.6247126Z |                                                                                |   0% of 94.6 MiB
2025-11-18T17:48:05.8117670Z |■■■■■■■■                                                                        |  10% of 94.6 MiB
2025-11-18T17:48:05.9022824Z |■■■■■■■■■■■■■■■■                                                                |  20% of 94.6 MiB
2025-11-18T17:48:05.9828266Z |■■■■■■■■■■■■■■■■■■■■■■■■                                                        |  30% of 94.6 MiB
2025-11-18T17:48:06.0608564Z |■■■■■■■■■■■■■■■■■■■■■■■■■■■■■■■■                                                |  40% of 94.6 MiB
2025-11-18T17:48:06.1332225Z |■■■■■■■■■■■■■■■■■■■■■■■■■■■■■■■■■■■■■■■■                                        |  50% of 94.6 MiB
2025-11-18T17:48:06.2054716Z |■■■■■■■■■■■■■■■■■■■■■■■■■■■■■■■■■■■■■■■■■■■■■■■■                                |  60% of 94.6 MiB
2025-11-18T17:48:06.2693299Z |■■■■■■■■■■■■■■■■■■■■■■■■■■■■■■■■■■■■■■■■■■■■■■■■■■■■■■■■                        |  70% of 94.6 MiB
2025-11-18T17:48:06.3370494Z |■■■■■■■■■■■■■■■■■■■■■■■■■■■■■■■■■■■■■■■■■■■■■■■■■■■■■■■■■■■■■■■■                |  80% of 94.6 MiB
2025-11-18T17:48:06.3998053Z |■■■■■■■■■■■■■■■■■■■■■■■■■■■■■■■■■■■■■■■■■■■■■■■■■■■■■■■■■■■■■■■■■■■■■■■■        |  90% of 94.6 MiB
2025-11-18T17:48:06.4622980Z |■■■■■■■■■■■■■■■■■■■■■■■■■■■■■■■■■■■■■■■■■■■■■■■■■■■■■■■■■■■■■■■■■■■■■■■■■■■■■■■■| 100% of 94.6 MiB
2025-11-18T17:48:08.9422525Z Webkit 26.0 (playwright build v2215) downloaded to /home/runner/.cache/ms-playwright/webkit-2215
2025-11-18T17:48:08.9428383Z Downloading FFMPEG playwright build v1011 from https://cdn.playwright.dev/dbazure/download/playwright/builds/ffmpeg/1011/ffmpeg-linux.zip
2025-11-18T17:48:09.1478380Z |                                                                                |   0% of 2.3 MiB
2025-11-18T17:48:09.1903523Z |■■■■■■■■                                                                        |  10% of 2.3 MiB
2025-11-18T17:48:09.2148495Z |■■■■■■■■■■■■■■■■                                                                |  20% of 2.3 MiB
2025-11-18T17:48:09.2200628Z |■■■■■■■■■■■■■■■■■■■■■■■■                                                        |  30% of 2.3 MiB
2025-11-18T17:48:09.2319659Z |■■■■■■■■■■■■■■■■■■■■■■■■■■■■■■■■                                                |  40% of 2.3 MiB
2025-11-18T17:48:09.2348849Z |■■■■■■■■■■■■■■■■■■■■■■■■■■■■■■■■■■■■■■■■                                        |  50% of 2.3 MiB
2025-11-18T17:48:09.2378350Z |■■■■■■■■■■■■■■■■■■■■■■■■■■■■■■■■■■■■■■■■■■■■■■■■                                |  60% of 2.3 MiB
2025-11-18T17:48:09.2408515Z |■■■■■■■■■■■■■■■■■■■■■■■■■■■■■■■■■■■■■■■■■■■■■■■■■■■■■■■■                        |  70% of 2.3 MiB
2025-11-18T17:48:09.2431677Z |■■■■■■■■■■■■■■■■■■■■■■■■■■■■■■■■■■■■■■■■■■■■■■■■■■■■■■■■■■■■■■■■                |  80% of 2.3 MiB
2025-11-18T17:48:09.2521574Z |■■■■■■■■■■■■■■■■■■■■■■■■■■■■■■■■■■■■■■■■■■■■■■■■■■■■■■■■■■■■■■■■■■■■■■■■        |  90% of 2.3 MiB
2025-11-18T17:48:09.2544171Z |■■■■■■■■■■■■■■■■■■■■■■■■■■■■■■■■■■■■■■■■■■■■■■■■■■■■■■■■■■■■■■■■■■■■■■■■■■■■■■■■| 100% of 2.3 MiB
2025-11-18T17:48:09.3360257Z FFMPEG playwright build v1011 downloaded to /home/runner/.cache/ms-playwright/ffmpeg-1011
2025-11-18T17:48:10.0894104Z ##[group]Run pkill node || true
2025-11-18T17:48:10.0894556Z [36;1mpkill node || true[0m
2025-11-18T17:48:10.0931832Z shell: /usr/bin/bash -e {0}
2025-11-18T17:48:10.0932064Z env:
2025-11-18T17:48:10.0932228Z   NODE_VERSION: 18
2025-11-18T17:48:10.0932707Z   NEXT_PUBLIC_SUPABASE_URL: 
2025-11-18T17:48:10.0932944Z   NEXT_PUBLIC_SUPABASE_ANON_KEY: 
2025-11-18T17:48:10.0933380Z   SUPABASE_SERVICE_ROLE_KEY: 
2025-11-18T17:48:10.0933590Z ##[endgroup]
2025-11-18T17:48:10.1239278Z pkill: killing pid 9 failed: Operation not permitted
2025-11-18T17:48:10.1241097Z pkill: killing pid 795 failed: Operation not permitted
2025-11-18T17:48:10.1241814Z pkill: killing pid 796 failed: Operation not permitted
2025-11-18T17:48:10.1242662Z pkill: killing pid 797 failed: Operation not permitted
2025-11-18T17:48:10.1243320Z pkill: killing pid 798 failed: Operation not permitted
2025-11-18T17:48:10.1243966Z pkill: killing pid 799 failed: Operation not permitted
2025-11-18T17:48:10.1244648Z pkill: killing pid 800 failed: Operation not permitted
2025-11-18T17:48:10.1245289Z pkill: killing pid 803 failed: Operation not permitted
2025-11-18T17:48:10.1270481Z ##[group]Run npm run build
2025-11-18T17:48:10.1270732Z [36;1mnpm run build[0m
2025-11-18T17:48:10.1300474Z shell: /usr/bin/bash -e {0}
2025-11-18T17:48:10.1300763Z env:
2025-11-18T17:48:10.1300927Z   NODE_VERSION: 18
2025-11-18T17:48:10.1301136Z   NEXT_PUBLIC_SUPABASE_URL: 
2025-11-18T17:48:10.1301363Z   NEXT_PUBLIC_SUPABASE_ANON_KEY: 
2025-11-18T17:48:10.1301595Z   SUPABASE_SERVICE_ROLE_KEY: 
2025-11-18T17:48:10.1301801Z ##[endgroup]
2025-11-18T17:48:10.2597713Z 
2025-11-18T17:48:10.2599536Z > fne-lms-v2@1.0.1 build
2025-11-18T17:48:10.2600557Z > next build
2025-11-18T17:48:10.2602576Z 
2025-11-18T17:48:10.9420177Z ⚠ No build cache found. Please configure build caching for faster rebuilds. Read more: https://nextjs.org/docs/messages/no-cache
2025-11-18T17:48:10.9501557Z Attention: Next.js now collects completely anonymous telemetry regarding usage.
2025-11-18T17:48:10.9504292Z This information is used to shape Next.js' roadmap and prioritize features.
2025-11-18T17:48:10.9505853Z You can learn more, including how to opt-out if you'd not like to participate in this anonymous program, by visiting the following URL:
2025-11-18T17:48:10.9506881Z https://nextjs.org/telemetry
2025-11-18T17:48:10.9507178Z 
2025-11-18T17:48:11.0107500Z   ▲ Next.js 14.2.33
2025-11-18T17:48:11.0120772Z 
2025-11-18T17:48:11.0121141Z    Skipping validation of types
2025-11-18T17:48:11.0121567Z    Skipping linting
2025-11-18T17:48:11.4114304Z    Creating an optimized production build ...
2025-11-18T17:48:56.3747010Z  ✓ Compiled successfully
2025-11-18T17:48:56.3776022Z    Collecting page data ...
2025-11-18T17:48:56.9955238Z ⚠️  Node.js 18 and below are deprecated and will no longer be supported in future versions of @supabase/supabase-js. Please upgrade to Node.js 20 or later. For more information, visit: https://github.com/orgs/supabase/discussions/37217
2025-11-18T17:49:00.5133326Z    Generating static pages (0/91) ...
2025-11-18T17:49:00.8402818Z Sidebar: Filtering items, isAdmin: true userRole:  permissionsLoading: true isSuperadmin: false superadminCheckDone: false
2025-11-18T17:49:01.0884211Z Sidebar: Filtering items, isAdmin: false userRole:  permissionsLoading: true isSuperadmin: false superadminCheckDone: false
2025-11-18T17:49:01.2972894Z Sidebar: Filtering items, isAdmin: true userRole: admin permissionsLoading: true isSuperadmin: false superadminCheckDone: false
2025-11-18T17:49:01.3955740Z Sidebar: Filtering items, isAdmin: false userRole:  permissionsLoading: true isSuperadmin: false superadminCheckDone: false
2025-11-18T17:49:01.5907637Z Sidebar: Filtering items, isAdmin: false userRole:  permissionsLoading: true isSuperadmin: false superadminCheckDone: false
2025-11-18T17:49:01.7834793Z Sidebar: Filtering items, isAdmin: false userRole:  permissionsLoading: true isSuperadmin: false superadminCheckDone: false
2025-11-18T17:49:02.5076340Z Sidebar: Filtering items, isAdmin: false userRole:  permissionsLoading: true isSuperadmin: false superadminCheckDone: false
2025-11-18T17:49:02.6276029Z Sidebar: Filtering items, isAdmin: false userRole:  permissionsLoading: true isSuperadmin: false superadminCheckDone: false
2025-11-18T17:49:02.7300079Z Sidebar: Filtering items, isAdmin: false userRole:  permissionsLoading: true isSuperadmin: false superadminCheckDone: false
2025-11-18T17:49:03.1058256Z    Generating static pages (22/91) 
2025-11-18T17:49:04.0571952Z Sidebar: Filtering items, isAdmin: false userRole:  permissionsLoading: true isSuperadmin: false superadminCheckDone: false
2025-11-18T17:49:04.3182018Z 🔍 [news.tsx] Rendering with props: { isAdmin: false, userRole: '' }
2025-11-18T17:49:04.3187026Z 👤 [news.tsx] Current user state: { hasUser: false, userId: undefined, userEmail: undefined }
2025-11-18T17:49:04.3190419Z Sidebar: Filtering items, isAdmin: false userRole:  permissionsLoading: true isSuperadmin: false superadminCheckDone: false
2025-11-18T17:49:04.4440476Z Sidebar: Filtering items, isAdmin: false userRole:  permissionsLoading: true isSuperadmin: false superadminCheckDone: false
2025-11-18T17:49:04.8125750Z Sidebar: Filtering items, isAdmin: false userRole:  permissionsLoading: true isSuperadmin: false superadminCheckDone: false
2025-11-18T17:49:04.9199743Z Sidebar: Filtering items, isAdmin: false userRole:  permissionsLoading: true isSuperadmin: false superadminCheckDone: false
2025-11-18T17:49:05.1344648Z Sidebar: Filtering items, isAdmin: true userRole: admin permissionsLoading: true isSuperadmin: false superadminCheckDone: false
2025-11-18T17:49:05.5722057Z Sidebar: Filtering items, isAdmin: false userRole:  permissionsLoading: true isSuperadmin: false superadminCheckDone: false
2025-11-18T17:49:05.7314281Z Sidebar: Filtering items, isAdmin: false userRole:  permissionsLoading: true isSuperadmin: false superadminCheckDone: false
2025-11-18T17:49:07.3037857Z Sidebar: Filtering items, isAdmin: false userRole:  permissionsLoading: true isSuperadmin: false superadminCheckDone: false
2025-11-18T17:49:07.6320523Z Sidebar: Filtering items, isAdmin: false userRole:  permissionsLoading: true isSuperadmin: false superadminCheckDone: false
2025-11-18T17:49:07.8544338Z Sidebar: Filtering items, isAdmin: false userRole:  permissionsLoading: true isSuperadmin: false superadminCheckDone: false
2025-11-18T17:49:07.8548373Z    Generating static pages (45/91) 
2025-11-18T17:49:08.9385803Z Sidebar: Filtering items, isAdmin: false userRole:  permissionsLoading: true isSuperadmin: false superadminCheckDone: false
2025-11-18T17:49:09.5003045Z Sidebar: Filtering items, isAdmin: false userRole:  permissionsLoading: true isSuperadmin: false superadminCheckDone: false
2025-11-18T17:49:11.0911375Z Sidebar: Filtering items, isAdmin: false userRole:  permissionsLoading: true isSuperadmin: false superadminCheckDone: false
2025-11-18T17:49:11.2586218Z Sidebar: Filtering items, isAdmin: false userRole: estudiante permissionsLoading: true isSuperadmin: false superadminCheckDone: false
2025-11-18T17:49:12.8566613Z Sidebar: Filtering items, isAdmin: false userRole:  permissionsLoading: true isSuperadmin: false superadminCheckDone: false
2025-11-18T17:49:13.3626507Z    Generating static pages (68/91) 
2025-11-18T17:49:16.4308314Z Sidebar: Filtering items, isAdmin: false userRole:  permissionsLoading: true isSuperadmin: false superadminCheckDone: false
2025-11-18T17:49:18.8143795Z Sidebar: Filtering items, isAdmin: false userRole:  permissionsLoading: true isSuperadmin: false superadminCheckDone: false
2025-11-18T17:49:19.1806576Z  ✓ Generating static pages (91/91)
2025-11-18T17:49:26.5668187Z    Finalizing page optimization ...
2025-11-18T17:49:26.5669288Z    Collecting build traces ...
2025-11-18T17:49:28.3604482Z 
2025-11-18T17:49:28.3686034Z Route (pages)                                                Size     First Load JS
2025-11-18T17:49:28.3687685Z ┌ ○ /                                                        8.54 kB         497 kB
2025-11-18T17:49:28.3690167Z ├   /_app                                                    0 B             142 kB
2025-11-18T17:49:28.3690867Z ├ ○ /403                                                     855 B           489 kB
2025-11-18T17:49:28.3691471Z ├ ○ /404                                                     193 B           142 kB
2025-11-18T17:49:28.3692194Z ├ ○ /admin/apply-network-migration                           2.33 kB         491 kB
2025-11-18T17:49:28.3693496Z ├ ○ /admin/assignment-overview                               4.1 kB          493 kB
2025-11-18T17:49:28.3694404Z ├ ○ /admin/assignment-review/[id]                            3.87 kB         492 kB
2025-11-18T17:49:28.3695173Z ├ ○ /admin/bucket-test                                       2.04 kB         491 kB
2025-11-18T17:49:28.3697564Z ├ ○ /admin/clients                                           4.1 kB          493 kB
2025-11-18T17:49:28.3698587Z ├ ○ /admin/configuration                                     8.32 kB         497 kB
2025-11-18T17:49:28.3699542Z ├ ○ /admin/consultant-assignments                            4.22 kB         493 kB
2025-11-18T17:49:28.3700885Z ├ ○ /admin/course-builder                                    7.1 kB          596 kB
2025-11-18T17:49:28.3701988Z ├ ○ /admin/course-builder/[courseId]                         5.14 kB         494 kB
2025-11-18T17:49:28.3703302Z ├ ○ /admin/course-builder/[courseId]/[moduleId]              5.92 kB         495 kB
2025-11-18T17:49:28.3704452Z ├ ƒ /admin/course-builder/[courseId]/[moduleId]/[lessonId]   7.5 kB          545 kB
2025-11-18T17:49:28.3705708Z ├ ○ /admin/course-builder/[courseId]/edit                    5.48 kB         494 kB
2025-11-18T17:49:28.3706811Z ├ ƒ /admin/course-builder/[courseId]/lesson/[lessonId]       3.24 kB         541 kB
2025-11-18T17:49:28.3707864Z ├ ○ /admin/course-builder/new                                3.04 kB         492 kB
2025-11-18T17:49:28.3708817Z ├ ○ /admin/create-course                                     1.73 kB         490 kB
2025-11-18T17:49:28.3709712Z ├ ○ /admin/debug/course-module-ids                           2.21 kB         491 kB
2025-11-18T17:49:28.3710603Z ├ ○ /admin/debug/ids                                         1.83 kB         490 kB
2025-11-18T17:49:28.3711388Z ├ ○ /admin/events                                            3.46 kB         492 kB
2025-11-18T17:49:28.3712156Z ├ ○ /admin/feedback                                          5.74 kB         494 kB
2025-11-18T17:49:28.3713181Z ├ ○ /admin/form-usage                                        2.48 kB         491 kB
2025-11-18T17:49:28.3713991Z ├ ○ /admin/learning-paths                                    2.89 kB         491 kB
2025-11-18T17:49:28.3714841Z ├ ○ /admin/learning-paths/[id]/assign                        4.64 kB         493 kB
2025-11-18T17:49:28.3715704Z ├ ○ /admin/learning-paths/[id]/edit                          3.43 kB         517 kB
2025-11-18T17:49:28.3716561Z ├ ○ /admin/learning-paths/new                                3.3 kB          517 kB
2025-11-18T17:49:28.3717404Z ├ ○ /admin/network-management                                6.04 kB         495 kB
2025-11-18T17:49:28.3718235Z ├ ○ /admin/new-reporting                                     11.8 kB         500 kB
2025-11-18T17:49:28.3718983Z ├ ○ /admin/news                                              4.78 kB         543 kB
2025-11-18T17:49:28.3719802Z ├ ○ /admin/quotes                                            4.04 kB         493 kB
2025-11-18T17:49:28.3720672Z ├ ○ /admin/quotes/[id]/edit                                  1.78 kB         490 kB
2025-11-18T17:49:28.3721790Z ├ ○ /admin/quotes/new                                        1.36 kB         490 kB
2025-11-18T17:49:28.3763554Z ├ ○ /admin/role-management                                   4.83 kB         493 kB
2025-11-18T17:49:28.3764426Z ├ ○ /admin/schools                                           6.71 kB         495 kB
2025-11-18T17:49:28.3765178Z ├ ○ /admin/setup-news                                        1.51 kB         144 kB
2025-11-18T17:49:28.3765927Z ├ ○ /admin/test-session                                      603 B           143 kB
2025-11-18T17:49:28.3766727Z ├ ○ /admin/test-spanish-input                                1.4 kB          490 kB
2025-11-18T17:49:28.3767556Z ├ ○ /admin/transformation                                    4.34 kB         493 kB
2025-11-18T17:49:28.3768386Z ├ ƒ /admin/transformation/metrics                            2.59 kB         491 kB
2025-11-18T17:49:28.3769198Z ├ ○ /admin/user-management                                   18.4 kB         507 kB
2025-11-18T17:49:28.3770050Z ├ ƒ /api/admin/apply-supervisor-migration                    0 B             142 kB
2025-11-18T17:49:28.3770891Z ├ ƒ /api/admin/approve-user                                  0 B             142 kB
2025-11-18T17:49:28.3771710Z ├ ƒ /api/admin/assign-role                                   0 B             142 kB
2025-11-18T17:49:28.3772782Z ├ ƒ /api/admin/auth/is-superadmin                            0 B             142 kB
2025-11-18T17:49:28.3773628Z ├ ƒ /api/admin/bulk-create-users                             0 B             142 kB
2025-11-18T17:49:28.3774484Z ├ ƒ /api/admin/check-permissions                             0 B             142 kB
2025-11-18T17:49:28.3775599Z ├ ƒ /api/admin/check-rls-policies                            0 B             142 kB
2025-11-18T17:49:28.3776545Z ├ ƒ /api/admin/consultant-assignment-users                   0 B             142 kB
2025-11-18T17:49:28.3777461Z ├ ƒ /api/admin/consultant-assignments                        0 B             142 kB
2025-11-18T17:49:28.3778349Z ├ ƒ /api/admin/course-assignments                            0 B             142 kB
2025-11-18T17:49:28.3779173Z ├ ƒ /api/admin/create-user                                   0 B             142 kB
2025-11-18T17:49:28.3779951Z ├ ƒ /api/admin/delete-user                                   0 B             142 kB
2025-11-18T17:49:28.3780768Z ├ ƒ /api/admin/get-instructors                               0 B             142 kB
2025-11-18T17:49:28.3781624Z ├ ƒ /api/admin/init-supervisor-tables                        0 B             142 kB
2025-11-18T17:49:28.3818592Z ├ ƒ /api/admin/networks                                      0 B             142 kB
2025-11-18T17:49:28.3819559Z ├ ƒ /api/admin/networks/all-schools                          0 B             142 kB
2025-11-18T17:49:28.3820456Z ├ ƒ /api/admin/networks/all-schools-simple                   0 B             142 kB
2025-11-18T17:49:28.3821406Z ├ ƒ /api/admin/networks/available-schools                    0 B             142 kB
2025-11-18T17:49:28.3822689Z ├ ƒ /api/admin/networks/schools                              0 B             142 kB
2025-11-18T17:49:28.3823596Z ├ ƒ /api/admin/networks/schools-broken                       0 B             142 kB
2025-11-18T17:49:28.3824483Z ├ ƒ /api/admin/networks/supervisors                          0 B             142 kB
2025-11-18T17:49:28.3825380Z ├ ƒ /api/admin/networks/supervisors-simple                   0 B             142 kB
2025-11-18T17:49:28.3826316Z ├ ƒ /api/admin/networks/test-schools                         0 B             142 kB
2025-11-18T17:49:28.3827138Z ├ ƒ /api/admin/news                                          0 B             142 kB
2025-11-18T17:49:28.3827987Z ├ ƒ /api/admin/notification-analytics                        0 B             142 kB
2025-11-18T17:49:28.3828870Z ├ ƒ /api/admin/notification-types                            0 B             142 kB
2025-11-18T17:49:28.3829707Z ├ ƒ /api/admin/remove-role                                   0 B             142 kB
2025-11-18T17:49:28.3830787Z ├ ƒ /api/admin/reset-password                                0 B             142 kB
2025-11-18T17:49:28.3831742Z ├ ƒ /api/admin/retrieve-import-passwords                     0 B             142 kB
2025-11-18T17:49:28.3833161Z ├ ƒ /api/admin/roles/permissions                             0 B             142 kB
2025-11-18T17:49:28.3834118Z ├ ƒ /api/admin/roles/permissions/overlay                     0 B             142 kB
2025-11-18T17:49:28.3835046Z ├ ƒ /api/admin/roles/permissions/overlay-backup              0 B             142 kB
2025-11-18T17:49:28.3835980Z ├ ƒ /api/admin/roles/permissions/update                      0 B             142 kB
2025-11-18T17:49:28.3836836Z ├ ƒ /api/admin/schools                                       0 B             142 kB
2025-11-18T17:49:28.3837620Z ├ ƒ /api/admin/system-updates                                0 B             142 kB
2025-11-18T17:49:28.3838449Z ├ ƒ /api/admin/test-runs/cleanup                             0 B             142 kB
2025-11-18T17:49:28.3839361Z ├ ƒ /api/admin/transformation/assign-access                  0 B             142 kB
2025-11-18T17:49:28.3840294Z ├ ƒ /api/admin/transformation/revoke-access                  0 B             142 kB
2025-11-18T17:49:28.3841147Z ├ ƒ /api/admin/update-role                                   0 B             142 kB
2025-11-18T17:49:28.3841937Z ├ ƒ /api/admin/update-user                                   0 B             142 kB
2025-11-18T17:49:28.3844315Z ├ ƒ /api/admin/user-roles                                    0 B             142 kB
2025-11-18T17:49:28.3845237Z ├ ƒ /api/admin/users                                         0 B             142 kB
2025-11-18T17:49:28.3846415Z ├ ƒ /api/assignments/add-classmates                          0 B             142 kB
2025-11-18T17:49:28.3847497Z ├ ƒ /api/assignments/collaborative-submit                    0 B             142 kB
2025-11-18T17:49:28.3848578Z ├ ƒ /api/assignments/eligible-classmates                     0 B             142 kB
2025-11-18T17:49:28.3849621Z ├ ƒ /api/assignments/feedback                                0 B             142 kB
2025-11-18T17:49:28.3850614Z ├ ƒ /api/assignments/group-members                           0 B             142 kB
2025-11-18T17:49:28.3851603Z ├ ƒ /api/assignments/shareable-members                       0 B             142 kB
2025-11-18T17:49:28.3852869Z ├ ƒ /api/assignments/submit-group                            0 B             142 kB
2025-11-18T17:49:28.3853802Z ├ ƒ /api/auth/force-password-change                          0 B             142 kB
2025-11-18T17:49:28.3854628Z ├ ƒ /api/auth/logout                                         0 B             142 kB
2025-11-18T17:49:28.3855387Z ├ ƒ /api/auth/session                                        0 B             142 kB
2025-11-18T17:49:28.3856170Z ├ ƒ /api/check-env                                           0 B             142 kB
2025-11-18T17:49:28.3856928Z ├ ƒ /api/community/members                                   0 B             142 kB
2025-11-18T17:49:28.3857775Z ├ ƒ /api/community/search-users                              0 B             142 kB
2025-11-18T17:49:28.3858569Z ├ ƒ /api/contact                                             0 B             142 kB
2025-11-18T17:49:28.3859368Z ├ ƒ /api/contracts/extract-pdf                               0 B             142 kB
2025-11-18T17:49:28.3860221Z ├ ƒ /api/contracts/extract-pdf-mock                          0 B             142 kB
2025-11-18T17:49:28.3861059Z ├ ƒ /api/courses/complete                                    0 B             142 kB
2025-11-18T17:49:28.3861917Z ├ ƒ /api/cron/cleanup-learning-path-sessions                 0 B             142 kB
2025-11-18T17:49:28.3863030Z ├ ƒ /api/cron/due-reminders                                  0 B             142 kB
2025-11-18T17:49:28.3863856Z ├ ƒ /api/cron/email-digest                                   0 B             142 kB
2025-11-18T17:49:28.3864654Z ├ ƒ /api/cron/test-reminders                                 0 B             142 kB
2025-11-18T17:49:28.3865748Z ├ ƒ /api/cron/update-learning-path-summaries                 0 B             142 kB
2025-11-18T17:49:28.3866609Z ├ ƒ /api/dashboard/unified                                   0 B             142 kB
2025-11-18T17:49:28.3867461Z ├ ƒ /api/debug/check-course-images                           0 B             142 kB
2025-11-18T17:49:28.3868294Z ├ ƒ /api/feedback/notify-admins                              0 B             142 kB
2025-11-18T17:49:28.3869100Z ├ ƒ /api/learning-paths                                      0 B             142 kB
2025-11-18T17:49:28.3869872Z ├ ƒ /api/learning-paths/[id]                                 0 B             142 kB
2025-11-18T17:49:28.3870720Z ├ ƒ /api/learning-paths/[id]/enhanced-progress               0 B             142 kB
2025-11-18T17:49:28.3871624Z ├ ƒ /api/learning-paths/analytics                            0 B             142 kB
2025-11-18T17:49:28.3872620Z ├ ƒ /api/learning-paths/assign                               0 B             142 kB
2025-11-18T17:49:28.3873500Z ├ ƒ /api/learning-paths/assignments/[id]                     0 B             142 kB
2025-11-18T17:49:28.3874363Z ├ ƒ /api/learning-paths/batch-assign                         0 B             142 kB
2025-11-18T17:49:28.3875220Z ├ ƒ /api/learning-paths/my-paths                             0 B             142 kB
2025-11-18T17:49:28.3876104Z ├ ƒ /api/learning-paths/search-assignees                     0 B             142 kB
2025-11-18T17:49:28.3877024Z ├ ƒ /api/learning-paths/session/activity                     0 B             142 kB
2025-11-18T17:49:28.3877895Z ├ ƒ /api/learning-paths/session/end                          0 B             142 kB
2025-11-18T17:49:28.3878961Z ├ ƒ /api/learning-paths/session/heartbeat                    0 B             142 kB
2025-11-18T17:49:28.3879887Z ├ ƒ /api/learning-paths/session/start                        0 B             142 kB
2025-11-18T17:49:28.3880753Z ├ ƒ /api/learning-paths/unassign                             0 B             142 kB
2025-11-18T17:49:28.3881615Z ├ ƒ /api/learning-paths/user/[userId]                        0 B             142 kB
2025-11-18T17:49:28.3882657Z ├ ƒ /api/messaging/mention                                   0 B             142 kB
2025-11-18T17:49:28.3883462Z ├ ƒ /api/messaging/send                                      0 B             142 kB
2025-11-18T17:49:28.3884253Z ├ ƒ /api/monitoring/run-checks                               0 B             142 kB
2025-11-18T17:49:28.3885001Z ├ ƒ /api/news                                                0 B             142 kB
2025-11-18T17:49:28.3885673Z ├ ƒ /api/news/[slug]                                         0 B             142 kB
2025-11-18T17:49:28.3886416Z ├ ƒ /api/notifications                                       0 B             142 kB
2025-11-18T17:49:28.3887198Z ├ ƒ /api/notifications/[id]/read                             0 B             142 kB
2025-11-18T17:49:28.3888034Z ├ ƒ /api/notifications/mark-all-read                         0 B             142 kB
2025-11-18T17:49:28.3888886Z ├ ƒ /api/notifications/mark-read                             0 B             142 kB
2025-11-18T17:49:28.3889677Z ├ ƒ /api/public/events                                       0 B             142 kB
2025-11-18T17:49:28.3890396Z ├ ƒ /api/quotes/[id]                                         0 B             142 kB
2025-11-18T17:49:28.3891125Z ├ ƒ /api/quotes/[id]/groups                                  0 B             142 kB
2025-11-18T17:49:28.3891884Z ├ ƒ /api/quotes/create                                       0 B             142 kB
2025-11-18T17:49:28.3892811Z ├ ƒ /api/quotes/createV2                                     0 B             142 kB
2025-11-18T17:49:28.3893593Z ├ ƒ /api/quotes/list                                         0 B             142 kB
2025-11-18T17:49:28.3894346Z ├ ƒ /api/quotes/programs                                     0 B             142 kB
2025-11-18T17:49:28.3895152Z ├ ƒ /api/reports/analytics-data                              0 B             142 kB
2025-11-18T17:49:28.3896162Z ├ ƒ /api/reports/community                                   0 B             142 kB
2025-11-18T17:49:28.3896982Z ├ ƒ /api/reports/course-analytics                            0 B             142 kB
2025-11-18T17:49:28.3897796Z ├ ƒ /api/reports/detailed                                    0 B             142 kB
2025-11-18T17:49:28.3898668Z ├ ƒ /api/reports/filter-options                              0 B             142 kB
2025-11-18T17:49:28.3899469Z ├ ƒ /api/reports/overview                                    0 B             142 kB
2025-11-18T17:49:28.3900237Z ├ ƒ /api/reports/school                                      0 B             142 kB
2025-11-18T17:49:28.3901020Z ├ ƒ /api/reports/user-details                                0 B             142 kB
2025-11-18T17:49:28.3901794Z ├ ƒ /api/send-email                                          0 B             142 kB
2025-11-18T17:49:28.3902820Z ├ ƒ /api/test-bucket                                         0 B             142 kB
2025-11-18T17:49:28.3903716Z ├ ƒ /api/test-email                                          0 B             142 kB
2025-11-18T17:49:28.3904642Z ├ ƒ /api/test-group-assignments                              0 B             142 kB
2025-11-18T17:49:28.3905664Z ├ ƒ /api/test/notification-preferences                       0 B             142 kB
2025-11-18T17:49:28.3906712Z ├ ƒ /api/test/notification-triggers                          0 B             142 kB
2025-11-18T17:49:28.3907751Z ├ ƒ /api/transformation/area-questions                       0 B             142 kB
2025-11-18T17:49:28.3908804Z ├ ƒ /api/transformation/assessments                          0 B             142 kB
2025-11-18T17:49:28.3910038Z ├ ƒ /api/transformation/assessments/[id]                     0 B             142 kB
2025-11-18T17:49:28.3911190Z ├ ƒ /api/transformation/assessments/[id]/evaluate            0 B             142 kB
2025-11-18T17:49:28.3912298Z ├ ƒ /api/transformation/assessments/[id]/evaluate-objective  0 B             142 kB
2025-11-18T17:49:28.3913428Z ├ ƒ /api/transformation/assessments/[id]/finalize            0 B             142 kB
2025-11-18T17:49:28.3914389Z ├ ƒ /api/transformation/assessments/[id]/responses           0 B             142 kB
2025-11-18T17:49:28.3915284Z ├ ƒ /api/transformation/chat                                 0 B             142 kB
2025-11-18T17:49:28.3916138Z ├ ƒ /api/transformation/history                              0 B             142 kB
2025-11-18T17:49:28.3917057Z ├ ƒ /api/transformation/personalizacion-questions            0 B             142 kB
2025-11-18T17:49:28.3918021Z ├ ƒ /api/uf-value                                            0 B             142 kB
2025-11-18T17:49:28.3918998Z ├ ƒ /api/user/notification-preferences                       0 B             142 kB
2025-11-18T17:49:28.3920115Z ├ ƒ /api/user/notification-preferences/bulk-update           0 B             142 kB
2025-11-18T17:49:28.3921009Z ├ ○ /assignments                                             3.28 kB         492 kB
2025-11-18T17:49:28.3921848Z ├ ○ /assignments/[id]                                        3.75 kB         492 kB
2025-11-18T17:49:28.3922876Z ├ ○ /assignments/[id]/submissions                            4 kB            493 kB
2025-11-18T17:49:28.3923739Z ├ ○ /auth-status                                             2.34 kB         491 kB
2025-11-18T17:49:28.3924564Z ├ ○ /change-password                                         3.43 kB         492 kB
2025-11-18T17:49:28.3925412Z ├ ○ /community/transformation/assessment                     10.9 kB         500 kB
2025-11-18T17:49:28.3926395Z ├ ƒ /community/transformation/report                         8.91 kB         498 kB
2025-11-18T17:49:28.3927420Z ├ ƒ /community/transformation/results/[assessmentId]         2.8 kB          491 kB
2025-11-18T17:49:28.3928404Z ├ ƒ /community/transformation/results/test-[assessmentId]    2.13 kB         491 kB
2025-11-18T17:49:28.3929288Z ├ ○ /community/workspace                                     64 kB           602 kB
2025-11-18T17:49:28.3930281Z ├ ○ /community/workspace/assignments/[id]/discussion         2.97 kB         492 kB
2025-11-18T17:49:28.3931519Z ├ ○ /community/workspace/assignments/[id]/groups             2.36 kB         491 kB
2025-11-18T17:49:28.3932783Z ├ ƒ /community/workspace/transformation/evaluate             4.3 kB          493 kB
2025-11-18T17:49:28.3933824Z ├ ○ /contract-print/[id]                                     8.03 kB         497 kB
2025-11-18T17:49:28.3934584Z ├ ○ /contracts                                               129 kB          737 kB
2025-11-18T17:49:28.3935286Z ├   └ css/eee61b64c3c37e41.css                               1.93 kB
2025-11-18T17:49:28.3936015Z ├ ○ /course-manager                                          510 B           489 kB
2025-11-18T17:49:28.3936729Z ├ ƒ /courses/[id]                                            816 B           143 kB
2025-11-18T17:49:28.3937436Z ├ ○ /creador-de-cursos                                       1.5 kB          490 kB
2025-11-18T17:49:28.3938251Z ├ ○ /dashboard                                               7.94 kB         497 kB
2025-11-18T17:49:28.3939117Z ├ ○ /dashboard-old                                           1.15 kB         490 kB
2025-11-18T17:49:28.3939955Z ├ ○ /debug-auth                                              1.54 kB         144 kB
2025-11-18T17:49:28.3940822Z ├ ○ /debug-auth-enhanced                                     2.09 kB         144 kB
2025-11-18T17:49:28.3941786Z ├ ○ /debug-feedback-permissions                              1.29 kB         490 kB
2025-11-18T17:49:28.3942937Z ├ ○ /detailed-reports                                        46.6 kB         535 kB
2025-11-18T17:49:28.3943834Z ├ ● /email-showcase                                          1.75 kB         144 kB
2025-11-18T17:49:28.3944859Z ├ ○ /equipo                                                  12.1 kB         501 kB
2025-11-18T17:49:28.3945725Z ├ ○ /expense-reports                                         107 kB          595 kB
2025-11-18T17:49:28.3946545Z ├ ○ /login                                                   4.39 kB         493 kB
2025-11-18T17:49:28.3947366Z ├ ○ /login-helper                                            1.41 kB         490 kB
2025-11-18T17:49:28.3948227Z ├ ○ /mi-aprendizaje                                          3.28 kB         592 kB
2025-11-18T17:49:28.3949142Z ├ ƒ /mi-aprendizaje/ruta/[id]                                3.08 kB         492 kB
2025-11-18T17:49:28.3950096Z ├ ○ /mi-aprendizaje/tareas                                   8.74 kB         497 kB
2025-11-18T17:49:28.3950901Z ├ ○ /my-paths                                                506 B           489 kB
2025-11-18T17:49:28.3951667Z ├ ƒ /my-paths/[id]                                           3.08 kB         492 kB
2025-11-18T17:49:28.3952581Z ├ ○ /nosotros                                                16.9 kB         505 kB
2025-11-18T17:49:28.3953346Z ├ ○ /noticias                                                8.73 kB         497 kB
2025-11-18T17:49:28.3954109Z ├ ○ /noticias/[slug]                                         5.03 kB         494 kB
2025-11-18T17:49:28.3954920Z ├ ○ /notifications                                           6.12 kB         495 kB
2025-11-18T17:49:28.3955770Z ├ ○ /pending-approval                                        1.85 kB         490 kB
2025-11-18T17:49:28.3956582Z ├ ○ /profile                                                 4.48 kB         493 kB
2025-11-18T17:49:28.3957340Z ├ ○ /programas                                               7.76 kB         496 kB
2025-11-18T17:49:28.3958131Z ├ ○ /quiz-reviews                                            2.06 kB         491 kB
2025-11-18T17:49:28.3958918Z ├ ○ /quiz-reviews/[id]                                       3.26 kB         492 kB
2025-11-18T17:49:28.3959688Z ├ ○ /quote/[id]                                              6.4 kB          614 kB
2025-11-18T17:49:28.3960454Z ├ ○ /reports                                                 18.4 kB         626 kB
2025-11-18T17:49:28.3961240Z ├ ○ /reset-password                                          1.53 kB         490 kB
2025-11-18T17:49:28.3962493Z ├ ○ /student/course/[courseId]                               4.02 kB         493 kB
2025-11-18T17:49:28.3963450Z ├ ○ /student/lesson/[lessonId]                               12.5 kB         501 kB
2025-11-18T17:49:28.3964325Z ├ ○ /test-auth                                               1.54 kB         490 kB
2025-11-18T17:49:28.3965165Z ├ ○ /test-auth-simple                                        880 B           143 kB
2025-11-18T17:49:28.3966026Z ├ ○ /test-login-flow                                         2.54 kB         491 kB
2025-11-18T17:49:28.3966852Z ├ ○ /test-logout                                             912 B           490 kB
2025-11-18T17:49:28.3967685Z ├ ○ /test-rbac                                               1.11 kB         490 kB
2025-11-18T17:49:28.3968489Z ├ ○ /test-sentry                                             6.41 kB         149 kB
2025-11-18T17:49:28.3969379Z ├ ○ /test-sidebar-role                                       948 B           490 kB
2025-11-18T17:49:28.3970221Z ├ ○ /test-toast                                              1.62 kB         490 kB
2025-11-18T17:49:28.3971032Z ├ ○ /test-user-role                                          1.13 kB         490 kB
2025-11-18T17:49:28.3971933Z ├ ○ /test/sequential-questions                               888 B           489 kB
2025-11-18T17:49:28.3973073Z └ ○ /user/[userId]                                           2.62 kB         491 kB
2025-11-18T17:49:28.3973792Z + First Load JS shared by all                                163 kB
2025-11-18T17:49:28.3974588Z   ├ chunks/7371-fe599b4a3a06b0a7.js                          58.5 kB
2025-11-18T17:49:28.3975553Z   ├ chunks/9297-1db906de2760a62d.js                          34.1 kB
2025-11-18T17:49:28.3976363Z   ├ chunks/framework-e49c70a949e5c502.js                     45.2 kB
2025-11-18T17:49:28.3977164Z   ├ css/c489869b777b5c2a.css                                 19.2 kB
2025-11-18T17:49:28.3977911Z   └ other shared chunks (total)                              6.18 kB
2025-11-18T17:49:28.3978286Z 
2025-11-18T17:49:28.3978600Z ○  (Static)   prerendered as static content
2025-11-18T17:49:28.3979316Z ●  (SSG)      prerendered as static HTML (uses getStaticProps)
2025-11-18T17:49:28.3979958Z ƒ  (Dynamic)  server-rendered on demand
2025-11-18T17:49:28.3980241Z 
2025-11-18T17:49:28.4920862Z ##[group]Run npx playwright test
2025-11-18T17:49:28.4921165Z [36;1mnpx playwright test[0m
2025-11-18T17:49:28.5017432Z shell: /usr/bin/bash -e {0}
2025-11-18T17:49:28.5017666Z env:
2025-11-18T17:49:28.5017832Z   NODE_VERSION: 18
2025-11-18T17:49:28.5018021Z   NEXT_PUBLIC_SUPABASE_URL: 
2025-11-18T17:49:28.5018253Z   NEXT_PUBLIC_SUPABASE_ANON_KEY: 
2025-11-18T17:49:28.5018487Z   SUPABASE_SERVICE_ROLE_KEY: 
2025-11-18T17:49:28.5018699Z   SKIP_WEB_SERVER: false
2025-11-18T17:49:28.5018896Z ##[endgroup]
2025-11-18T17:49:30.1125832Z ⚠️  Node.js 18 and below are deprecated and will no longer be supported in future versions of @supabase/supabase-js. Please upgrade to Node.js 20 or later. For more information, visit: https://github.com/orgs/supabase/discussions/37217
2025-11-18T17:49:30.1128908Z Using test environment from .env.test.local
2025-11-18T17:49:30.1141463Z 🚀 Setting up SAFE E2E test environment...
2025-11-18T17:49:30.1153263Z 📦 Test namespace: e2e_test_1763488170113
2025-11-18T17:49:30.1338491Z 
2025-11-18T17:49:30.1339581Z Error: supabaseUrl is required.
2025-11-18T17:49:30.1340253Z 
2025-11-18T17:49:30.1341410Z    at global-setup-safe.ts:41
2025-11-18T17:49:30.1342168Z 
2025-11-18T17:49:30.1343614Z   39 |   
2025-11-18T17:49:30.1345174Z   40 |   // Create Supabase client
2025-11-18T17:49:30.1346905Z > 41 |   const supabase = createClient(
2025-11-18T17:49:30.1348675Z      |                                ^
2025-11-18T17:49:30.1351873Z   42 |     process.env.NEXT_PUBLIC_SUPABASE_URL!,
2025-11-18T17:49:30.1353508Z   43 |     process.env.SUPABASE_SERVICE_ROLE_KEY!,
2025-11-18T17:49:30.1354785Z   44 |     {
2025-11-18T17:49:30.1356608Z     at validateSupabaseUrl (/home/runner/work/fne-lms/fne-lms/node_modules/@supabase/supabase-js/src/lib/helpers.ts:86:11)
2025-11-18T17:49:30.1358147Z     at SupabaseClient (/home/runner/work/fne-lms/fne-lms/node_modules/@supabase/supabase-js/src/SupabaseClient.ts:110:40)
2025-11-18T17:49:30.1359516Z     at createClient (/home/runner/work/fne-lms/fne-lms/node_modules/@supabase/supabase-js/src/index.ts:46:10)
2025-11-18T17:49:30.1360598Z     at globalSetup (/home/runner/work/fne-lms/fne-lms/e2e/global-setup-safe.ts:41:32)
2025-11-18T17:49:30.1773504Z 🧹 Cleaning up test environment...
2025-11-18T17:49:30.1775046Z No test namespace found, skipping cleanup
2025-11-18T17:49:30.1783608Z 
2025-11-18T17:49:30.1792882Z 
2025-11-18T17:49:30.2168926Z ##[error]Process completed with exit code 1.
2025-11-18T17:49:30.2256739Z ##[group]Run actions/upload-artifact@v4
2025-11-18T17:49:30.2257012Z with:
2025-11-18T17:49:30.2257191Z   name: playwright-report
2025-11-18T17:49:30.2257414Z   path: playwright-report/
2025-11-18T17:49:30.2257641Z   retention-days: 7
2025-11-18T17:49:30.2257832Z   if-no-files-found: warn
2025-11-18T17:49:30.2258032Z   compression-level: 6
2025-11-18T17:49:30.2258220Z   overwrite: false
2025-11-18T17:49:30.2258401Z   include-hidden-files: false
2025-11-18T17:49:30.2258603Z env:
2025-11-18T17:49:30.2258759Z   NODE_VERSION: 18
2025-11-18T17:49:30.2258939Z   NEXT_PUBLIC_SUPABASE_URL: 
2025-11-18T17:49:30.2259156Z   NEXT_PUBLIC_SUPABASE_ANON_KEY: 
2025-11-18T17:49:30.2259384Z   SUPABASE_SERVICE_ROLE_KEY: 
2025-11-18T17:49:30.2259580Z ##[endgroup]
2025-11-18T17:49:30.4655515Z With the provided path, there will be 1 file uploaded
2025-11-18T17:49:30.4661760Z Artifact name is valid!
2025-11-18T17:49:30.4663564Z Root directory input is valid!
2025-11-18T17:49:30.7299385Z Beginning upload of artifact content to blob storage
2025-11-18T17:49:31.1088555Z Uploaded bytes 193075
2025-11-18T17:49:31.1681204Z Finished uploading artifact content to blob storage!
2025-11-18T17:49:31.1685741Z SHA256 digest of uploaded artifact zip is 622a1231b8ef95430146240f60717ccf9a5337f31aa7d81efc9d1b4eaf071e6a
2025-11-18T17:49:31.1688105Z Finalizing artifact upload
2025-11-18T17:49:31.3254648Z Artifact playwright-report.zip successfully finalized. Artifact ID 4604967416
2025-11-18T17:49:31.3256294Z Artifact playwright-report has been successfully uploaded! Final size is 193075 bytes. Artifact ID is 4604967416
2025-11-18T17:49:31.3262229Z Artifact download URL: https://github.com/brentcurtis76/fne-lms/actions/runs/19475783381/artifacts/4604967416
2025-11-18T17:49:31.3402664Z Post job cleanup.
2025-11-18T17:49:31.4390288Z [command]/usr/bin/git version
2025-11-18T17:49:31.4430500Z git version 2.51.2
2025-11-18T17:49:31.4477897Z Temporarily overriding HOME='/home/runner/work/_temp/bd0a260f-63bb-470f-9a9d-3491753768c4' before making global git config changes
2025-11-18T17:49:31.4479667Z Adding repository directory to the temporary git global config as a safe directory
2025-11-18T17:49:31.4486315Z [command]/usr/bin/git config --global --add safe.directory /home/runner/work/fne-lms/fne-lms
2025-11-18T17:49:31.4528382Z [command]/usr/bin/git config --local --name-only --get-regexp core\.sshCommand
2025-11-18T17:49:31.4565172Z [command]/usr/bin/git submodule foreach --recursive sh -c "git config --local --name-only --get-regexp 'core\.sshCommand' && git config --local --unset-all 'core.sshCommand' || :"
2025-11-18T17:49:31.4854135Z [command]/usr/bin/git config --local --name-only --get-regexp http\.https\:\/\/github\.com\/\.extraheader
2025-11-18T17:49:31.4878127Z http.https://github.com/.extraheader
2025-11-18T17:49:31.4892011Z [command]/usr/bin/git config --local --unset-all http.https://github.com/.extraheader
2025-11-18T17:49:31.4927047Z [command]/usr/bin/git submodule foreach --recursive sh -c "git config --local --name-only --get-regexp 'http\.https\:\/\/github\.com\/\.extraheader' && git config --local --unset-all 'http.https://github.com/.extraheader' || :"
2025-11-18T17:49:31.5274064Z Cleaning up orphan processes
